Component: ARM Compiler 5.06 update 4 (build 422) Tool: armlink [4d35d2]

==============================================================================

Section Cross References

    main.o(i.advertising_init) refers to memseta.o(.text) for __aeabi_memclr4
    main.o(i.advertising_init) refers to ble_advertising.o(i.ble_advertising_init) for ble_advertising_init
    main.o(i.advertising_init) refers to app_error.o(i.app_error_handler) for app_error_handler
    main.o(i.advertising_init) refers to main.o(.data) for m_beacon_info
    main.o(i.advertising_init) refers to main.o(i.on_adv_evt) for on_adv_evt
    main.o(i.assert_nrf_callback) refers to app_error.o(i.app_error_handler) for app_error_handler
    main.o(i.ble_evt_dispatch) refers to device_manager_peripheral.o(i.dm_ble_evt_handler) for dm_ble_evt_handler
    main.o(i.ble_evt_dispatch) refers to ble_conn_params.o(i.ble_conn_params_on_ble_evt) for ble_conn_params_on_ble_evt
    main.o(i.ble_evt_dispatch) refers to bsp_btn_ble.o(i.bsp_btn_ble_on_ble_evt) for bsp_btn_ble_on_ble_evt
    main.o(i.ble_evt_dispatch) refers to main.o(i.on_ble_evt) for on_ble_evt
    main.o(i.ble_evt_dispatch) refers to ble_advertising.o(i.ble_advertising_on_ble_evt) for ble_advertising_on_ble_evt
    main.o(i.ble_stack_init) refers to softdevice_handler.o(i.softdevice_handler_init) for softdevice_handler_init
    main.o(i.ble_stack_init) refers to app_error.o(i.app_error_handler) for app_error_handler
    main.o(i.ble_stack_init) refers to softdevice_handler.o(i.softdevice_enable_get_default_config) for softdevice_enable_get_default_config
    main.o(i.ble_stack_init) refers to softdevice_handler.o(i.sd_check_ram_start) for sd_check_ram_start
    main.o(i.ble_stack_init) refers to softdevice_handler.o(i.softdevice_enable) for softdevice_enable
    main.o(i.ble_stack_init) refers to softdevice_handler.o(i.softdevice_ble_evt_handler_set) for softdevice_ble_evt_handler_set
    main.o(i.ble_stack_init) refers to softdevice_handler.o(i.softdevice_sys_evt_handler_set) for softdevice_sys_evt_handler_set
    main.o(i.ble_stack_init) refers to main.o(.constdata) for .constdata
    main.o(i.ble_stack_init) refers to main.o(.bss) for BLE_EVT_BUFFER
    main.o(i.ble_stack_init) refers to main.o(i.ble_evt_dispatch) for ble_evt_dispatch
    main.o(i.ble_stack_init) refers to main.o(i.sys_evt_dispatch) for sys_evt_dispatch
    main.o(i.bsp_event_handler) refers to main.o(i.sleep_mode_enter) for sleep_mode_enter
    main.o(i.bsp_event_handler) refers to app_error.o(i.app_error_handler) for app_error_handler
    main.o(i.bsp_event_handler) refers to ble_advertising.o(i.ble_advertising_restart_without_whitelist) for ble_advertising_restart_without_whitelist
    main.o(i.bsp_event_handler) refers to main.o(.data) for m_conn_handle
    main.o(i.buttons_leds_init) refers to bsp.o(i.bsp_init) for bsp_init
    main.o(i.buttons_leds_init) refers to app_error.o(i.app_error_handler) for app_error_handler
    main.o(i.buttons_leds_init) refers to bsp_btn_ble.o(i.bsp_btn_ble_init) for bsp_btn_ble_init
    main.o(i.buttons_leds_init) refers to main.o(i.bsp_event_handler) for bsp_event_handler
    main.o(i.conn_params_error_handler) refers to app_error.o(i.app_error_handler) for app_error_handler
    main.o(i.conn_params_init) refers to memseta.o(.text) for __aeabi_memclr4
    main.o(i.conn_params_init) refers to ble_conn_params.o(i.ble_conn_params_init) for ble_conn_params_init
    main.o(i.conn_params_init) refers to app_error.o(i.app_error_handler) for app_error_handler
    main.o(i.conn_params_init) refers to main.o(i.on_conn_params_evt) for on_conn_params_evt
    main.o(i.conn_params_init) refers to main.o(i.conn_params_error_handler) for conn_params_error_handler
    main.o(i.device_manager_evt_handler) refers to app_error.o(i.app_error_handler) for app_error_handler
    main.o(i.device_manager_init) refers to pstorage.o(i.pstorage_init) for pstorage_init
    main.o(i.device_manager_init) refers to app_error.o(i.app_error_handler) for app_error_handler
    main.o(i.device_manager_init) refers to device_manager_peripheral.o(i.dm_init) for dm_init
    main.o(i.device_manager_init) refers to device_manager_peripheral.o(i.dm_register) for dm_register
    main.o(i.device_manager_init) refers to main.o(i.device_manager_evt_handler) for device_manager_evt_handler
    main.o(i.device_manager_init) refers to main.o(.data) for m_app_handle
    main.o(i.gap_params_init) refers to app_error.o(i.app_error_handler) for app_error_handler
    main.o(i.main) refers to main.o(i.timers_init) for timers_init
    main.o(i.main) refers to main.o(i.buttons_leds_init) for buttons_leds_init
    main.o(i.main) refers to main.o(i.ble_stack_init) for ble_stack_init
    main.o(i.main) refers to main.o(i.device_manager_init) for device_manager_init
    main.o(i.main) refers to main.o(i.gap_params_init) for gap_params_init
    main.o(i.main) refers to main.o(i.services_init) for services_init
[...]
    i.is_conn_params_ok                      0x00020340   Section        0  ble_conn_params.o(i.is_conn_params_ok)
    is_conn_params_ok                        0x00020341   Thumb Code    30  ble_conn_params.o(i.is_conn_params_ok)
    i.is_page_erase_required                 0x00020364   Section        0  pstorage.o(i.is_page_erase_required)
    is_page_erase_required                   0x00020365   Thumb Code    74  pstorage.o(i.is_page_erase_required)
    i.is_tail_data_page_swap_required        0x000203bc   Section        0  pstorage.o(i.is_tail_data_page_swap_required)
    is_tail_data_page_swap_required          0x000203bd   Thumb Code    66  pstorage.o(i.is_tail_data_page_swap_required)
    i.is_word_aligned                        0x0002040c   Section        0  pstorage.o(i.is_word_aligned)
    is_word_aligned                          0x0002040d   Thumb Code    16  pstorage.o(i.is_word_aligned)
    i.le_role_encode                         0x0002041c   Section        0  ble_advdata.o(i.le_role_encode)
    le_role_encode                           0x0002041d   Thumb Code   106  ble_advdata.o(i.le_role_encode)
    i.leds_timer_handler                     0x00020488   Section        0  bsp.o(i.leds_timer_handler)
    leds_timer_handler                       0x00020489   Thumb Code    24  bsp.o(i.leds_timer_handler)
    i.list_deletions_handler                 0x000204a8   Section        0  app_timer.o(i.list_deletions_handler)
    list_deletions_handler                   0x000204a9   Thumb Code   140  app_timer.o(i.list_deletions_handler)
    i.list_insertions_handler                0x00020540   Section        0  app_timer.o(i.list_insertions_handler)
    list_insertions_handler                  0x00020541   Thumb Code   242  app_timer.o(i.list_insertions_handler)
    i.main                                   0x0002064c   Section        0  main.o(i.main)
    i.main_state_err_busy_process            0x000206b0   Section        0  pstorage.o(i.main_state_err_busy_process)
    main_state_err_busy_process              0x000206b1   Thumb Code    24  pstorage.o(i.main_state_err_busy_process)
    i.manuf_specific_data_encode             0x000206d0   Section        0  ble_advdata.o(i.manuf_specific_data_encode)
    manuf_specific_data_encode               0x000206d1   Thumb Code   118  ble_advdata.o(i.manuf_specific_data_encode)
    i.name_encode                            0x00020746   Section        0  ble_advdata.o(i.name_encode)
    name_encode                              0x00020747   Thumb Code   194  ble_advdata.o(i.name_encode)
    i.no_service_context_apply               0x00020808   Section        0  device_manager_peripheral.o(i.no_service_context_apply)
    no_service_context_apply                 0x00020809   Thumb Code     6  device_manager_peripheral.o(i.no_service_context_apply)
    i.no_service_context_load                0x0002080e   Section        0  device_manager_peripheral.o(i.no_service_context_load)
    no_service_context_load                  0x0002080f   Thumb Code     6  device_manager_peripheral.o(i.no_service_context_load)
    i.no_service_context_store               0x00020814   Section        0  device_manager_peripheral.o(i.no_service_context_store)
    no_service_context_store                 0x00020815   Thumb Code     6  device_manager_peripheral.o(i.no_service_context_store)
    i.nrf_drv_common_irq_enable              0x0002081c   Section        0  nrf_drv_common.o(i.nrf_drv_common_irq_enable)
    i.nrf_drv_gpiote_in_event_enable         0x0002087c   Section        0  nrf_drv_gpiote.o(i.nrf_drv_gpiote_in_event_enable)
    i.nrf_drv_gpiote_in_init                 0x00020934   Section        0  nrf_drv_gpiote.o(i.nrf_drv_gpiote_in_init)
    i.nrf_drv_gpiote_in_is_set               0x00020a0c   Section        0  nrf_drv_gpiote.o(i.nrf_drv_gpiote_in_is_set)
    i.nrf_drv_gpiote_init                    0x00020a28   Section        0  nrf_drv_gpiote.o(i.nrf_drv_gpiote_init)
    i.nrf_drv_gpiote_is_init                 0x00020a7c   Section        0  nrf_drv_gpiote.o(i.nrf_drv_gpiote_is_init)
    i.nrf_gpio_cfg                           0x00020a90   Section        0  nrf_drv_gpiote.o(i.nrf_gpio_cfg)
    nrf_gpio_cfg                             0x00020a91   Thumb Code    30  nrf_drv_gpiote.o(i.nrf_gpio_cfg)
    i.nrf_gpio_cfg_sense_set                 0x00020ab4   Section        0  nrf_drv_gpiote.o(i.nrf_gpio_cfg_sense_set)
    nrf_gpio_cfg_sense_set                   0x00020ab5   Thumb Code    32  nrf_drv_gpiote.o(i.nrf_gpio_cfg_sense_set)
    i.nrf_gpiote_event_addr_get              0x00020ad8   Section        0  nrf_drv_gpiote.o(i.nrf_gpiote_event_addr_get)
    nrf_gpiote_event_addr_get                0x00020ad9   Thumb Code     8  nrf_drv_gpiote.o(i.nrf_gpiote_event_addr_get)
    i.nrf_gpiote_event_clear                 0x00020ae4   Section        0  nrf_drv_gpiote.o(i.nrf_gpiote_event_clear)
    nrf_gpiote_event_clear                   0x00020ae5   Thumb Code    28  nrf_drv_gpiote.o(i.nrf_gpiote_event_clear)
    i.nrf_gpiote_event_is_set                0x00020b00   Section        0  nrf_drv_gpiote.o(i.nrf_gpiote_event_is_set)
    nrf_gpiote_event_is_set                  0x00020b01   Thumb Code    22  nrf_drv_gpiote.o(i.nrf_gpiote_event_is_set)
    i.nrf_gpiote_int_enable                  0x00020b18   Section        0  nrf_drv_gpiote.o(i.nrf_gpiote_int_enable)
    nrf_gpiote_int_enable                    0x00020b19   Thumb Code     6  nrf_drv_gpiote.o(i.nrf_gpiote_int_enable)
    i.nrf_uart_errorsrc_get_and_clear        0x00020b24   Section        0  nrf_drv_uart.o(i.nrf_uart_errorsrc_get_and_clear)
    nrf_uart_errorsrc_get_and_clear          0x00020b25   Thumb Code    12  nrf_drv_uart.o(i.nrf_uart_errorsrc_get_and_clear)
    i.nrf_uart_event_check                   0x00020b30   Section        0  nrf_drv_uart.o(i.nrf_uart_event_check)
    nrf_uart_event_check                     0x00020b31   Thumb Code    14  nrf_drv_uart.o(i.nrf_uart_event_check)
    i.nrf_uart_event_clear                   0x00020b3e   Section        0  nrf_drv_uart.o(i.nrf_uart_event_clear)
    nrf_uart_event_clear                     0x00020b3f   Thumb Code     6  nrf_drv_uart.o(i.nrf_uart_event_clear)
    i.nrf_uart_int_disable                   0x00020b44   Section        0  nrf_drv_uart.o(i.nrf_uart_int_disable)
    nrf_uart_int_disable                     0x00020b45   Thumb Code     6  nrf_drv_uart.o(i.nrf_uart_int_disable)
    i.nrf_uart_int_enable_check              0x00020b4a   Section        0  nrf_drv_uart.o(i.nrf_uart_int_enable_check)
    nrf_uart_int_enable_check                0x00020b4b   Thumb Code    18  nrf_drv_uart.o(i.nrf_uart_int_enable_check)
    i.nrf_uart_task_trigger                  0x00020b5c   Section        0  nrf_drv_uart.o(i.nrf_uart_task_trigger)
    nrf_uart_task_trigger                    0x00020b5d   Thumb Code     6  nrf_drv_uart.o(i.nrf_uart_task_trigger)
    i.nrf_uarte_errorsrc_get_and_clear       0x00020b62   Section        0  nrf_drv_uart.o(i.nrf_uarte_errorsrc_get_and_clear)
    nrf_uarte_errorsrc_get_and_clear         0x00020b63   Thumb Code    12  nrf_drv_uart.o(i.nrf_uarte_errorsrc_get_and_clear)
    i.nrf_uarte_event_check                  0x00020b6e   Section        0  nrf_drv_uart.o(i.nrf_uarte_event_check)
    nrf_uarte_event_check                    0x00020b6f   Thumb Code    14  nrf_drv_uart.o(i.nrf_uarte_event_check)
    i.nrf_uarte_event_clear                  0x00020b7c   Section        0  nrf_drv_uart.o(i.nrf_uarte_event_clear)
    nrf_uarte_event_clear                    0x00020b7d   Thumb Code     6  nrf_drv_uart.o(i.nrf_uarte_event_clear)
    i.nrf_uarte_rx_amount_get                0x00020b82   Section        0  nrf_drv_uart.o(i.nrf_uarte_rx_amount_get)
    nrf_uarte_rx_amount_get                  0x00020b83   Thumb Code    10  nrf_drv_uart.o(i.nrf_uarte_rx_amount_get)
    i.on_adv_evt                             0x00020b8c   Section        0  main.o(i.on_adv_evt)
    on_adv_evt                               0x00020b8d   Thumb Code    54  main.o(i.on_adv_evt)
    i.on_ble_evt                             0x00020bd4   Section        0  main.o(i.on_ble_evt)
    on_ble_evt                               0x00020bd5   Thumb Code    78  main.o(i.on_ble_evt)
    i.on_conn_params_evt                     0x00020c3c   Section        0  main.o(i.on_conn_params_evt)
    on_conn_params_evt                       0x00020c3d   Thumb Code    42  main.o(i.on_conn_params_evt)
    i.on_conn_params_update                  0x00020c7c   Section        0  ble_conn_params.o(i.on_conn_params_update)
    on_conn_params_update                    0x00020c7d   Thumb Code    20  ble_conn_params.o(i.on_conn_params_update)
    i.on_connect                             0x00020c94   Section        0  ble_conn_params.o(i.on_connect)
    on_connect                               0x00020c95   Thumb Code    38  ble_conn_params.o(i.on_connect)
    i.on_disconnect                          0x00020ccc   Section        0  ble_conn_params.o(i.on_disconnect)
    on_disconnect                            0x00020ccd   Thumb Code    46  ble_conn_params.o(i.on_disconnect)
    i.on_write                               0x00020d0c   Section        0  ble_conn_params.o(i.on_write)
    on_write                                 0x00020d0d   Thumb Code    78  ble_conn_params.o(i.on_write)
    i.our_char_add                           0x00020d64   Section        0  our_service.o(i.our_char_add)
    our_char_add                             0x00020d65   Thumb Code   768  our_service.o(i.our_char_add)
    i.our_service_init                       0x000210a8   Section        0  our_service.o(i.our_service_init)
    i.peer_address_exists                    0x00021128   Section        0  ble_advertising.o(i.peer_address_exists)
    peer_address_exists                      0x00021129   Thumb Code    24  ble_advertising.o(i.peer_address_exists)
    i.peer_instance_init                     0x00021140   Section        0  device_manager_peripheral.o(i.peer_instance_init)
    peer_instance_init                       0x00021141   Thumb Code    92  device_manager_peripheral.o(i.peer_instance_init)
    i.pin_in_use_by_gpiote                   0x000211a4   Section        0  nrf_drv_gpiote.o(i.pin_in_use_by_gpiote)
    pin_in_use_by_gpiote                     0x000211a5   Thumb Code    22  nrf_drv_gpiote.o(i.pin_in_use_by_gpiote)
    i.pin_in_use_by_port                     0x000211c0   Section        0  nrf_drv_gpiote.o(i.pin_in_use_by_port)
    pin_in_use_by_port                       0x000211c1   Thumb Code    18  nrf_drv_gpiote.o(i.pin_in_use_by_port)
    i.pin_in_use_by_te                       0x000211d8   Section        0  nrf_drv_gpiote.o(i.pin_in_use_by_te)
    pin_in_use_by_te                         0x000211d9   Thumb Code    26  nrf_drv_gpiote.o(i.pin_in_use_by_te)
    i.pin_in_use_clear                       0x000211f8   Section        0  nrf_drv_gpiote.o(i.pin_in_use_clear)
    pin_in_use_clear                         0x000211f9   Thumb Code     8  nrf_drv_gpiote.o(i.pin_in_use_clear)
    i.power_manage                           0x00021204   Section        0  main.o(i.power_manage)
    power_manage                             0x00021205   Thumb Code    32  main.o(i.power_manage)
    i.pstorage_access_status_get             0x00021234   Section        0  pstorage.o(i.pstorage_access_status_get)
    i.pstorage_block_identifier_get          0x00021260   Section        0  pstorage.o(i.pstorage_block_identifier_get)
    i.pstorage_clear                         0x00021304   Section        0  pstorage.o(i.pstorage_clear)
    i.pstorage_flash_page_end                0x00021424   Section        0  pstorage.o(i.pstorage_flash_page_end)
    pstorage_flash_page_end                  0x00021425   Thumb Code    30  pstorage.o(i.pstorage_flash_page_end)
    i.pstorage_flash_page_size               0x00021442   Section        0  pstorage.o(i.pstorage_flash_page_size)
    pstorage_flash_page_size                 0x00021443   Thumb Code    10  pstorage.o(i.pstorage_flash_page_size)
    i.pstorage_init                          0x0002144c   Section        0  pstorage.o(i.pstorage_init)
    i.pstorage_load                          0x000214dc   Section        0  pstorage.o(i.pstorage_load)
    i.pstorage_register                      0x000215d0   Section        0  pstorage.o(i.pstorage_register)
    i.pstorage_store                         0x000216e0   Section        0  pstorage.o(i.pstorage_store)
    i.pstorage_sys_event_handler             0x000217bc   Section        0  pstorage.o(i.pstorage_sys_event_handler)
    i.pstorage_update                        0x00021804   Section        0  pstorage.o(i.pstorage_update)
    i.rtc1_compare0_set                      0x000218e0   Section        0  app_timer.o(i.rtc1_compare0_set)
    rtc1_compare0_set                        0x000218e1   Thumb Code     6  app_timer.o(i.rtc1_compare0_set)
    i.rtc1_counter_get                       0x000218ec   Section        0  app_timer.o(i.rtc1_counter_get)
    rtc1_counter_get                         0x000218ed   Thumb Code     6  app_timer.o(i.rtc1_counter_get)
    i.rtc1_init                              0x000218f8   Section        0  app_timer.o(i.rtc1_init)
    rtc1_init                                0x000218f9   Thumb Code    18  app_timer.o(i.rtc1_init)
    i.rtc1_start                             0x00021910   Section        0  app_timer.o(i.rtc1_start)
    rtc1_start                               0x00021911   Thumb Code    48  app_timer.o(i.rtc1_start)
    i.rtc1_stop                              0x0002194c   Section        0  app_timer.o(i.rtc1_stop)
    rtc1_stop                                0x0002194d   Thumb Code    68  app_timer.o(i.rtc1_stop)
    i.rx_byte                                0x000219a4   Section        0  nrf_drv_uart.o(i.rx_byte)
    rx_byte                                  0x000219a5   Thumb Code    68  nrf_drv_uart.o(i.rx_byte)
    i.rx_done_event                          0x000219f4   Section        0  nrf_drv_uart.o(i.rx_done_event)
    rx_done_event                            0x000219f5   Thumb Code    30  nrf_drv_uart.o(i.rx_done_event)
    i.sd_check_ram_start                     0x00021a18   Section        0  softdevice_handler.o(i.sd_check_ram_start)
    i.sd_nvic_EnableIRQ                      0x00021a34   Section        0  softdevice_handler.o(i.sd_nvic_EnableIRQ)
    sd_nvic_EnableIRQ                        0x00021a35   Thumb Code   190  softdevice_handler.o(i.sd_nvic_EnableIRQ)
    i.sec_mgr_oob_flags_encode               0x00021b04   Section        0  ble_advdata.o(i.sec_mgr_oob_flags_encode)
    sec_mgr_oob_flags_encode                 0x00021b05   Thumb Code    54  ble_advdata.o(i.sec_mgr_oob_flags_encode)
    i.service_data_encode                    0x00021b3a   Section        0  ble_advdata.o(i.service_data_encode)
    service_data_encode                      0x00021b3b   Thumb Code   150  ble_advdata.o(i.service_data_encode)
    i.services_init                          0x00021bd0   Section        0  main.o(i.services_init)
    services_init                            0x00021bd1   Thumb Code    10  main.o(i.services_init)
    i.sleep_mode_enter                       0x00021be0   Section        0  main.o(i.sleep_mode_enter)
    sleep_mode_enter                         0x00021be1   Thumb Code    88  main.o(i.sleep_mode_enter)
    i.sm_state_change                        0x00021c48   Section        0  pstorage.o(i.sm_state_change)
    sm_state_change                          0x00021c49   Thumb Code    14  pstorage.o(i.sm_state_change)
    i.softdevice_ble_evt_handler_set         0x00021c5c   Section        0  softdevice_handler.o(i.softdevice_ble_evt_handler_set)
    i.softdevice_enable                      0x00021c74   Section        0  softdevice_handler.o(i.softdevice_enable)
    i.softdevice_enable_get_default_config   0x00021c90   Section        0  softdevice_handler.o(i.softdevice_enable_get_default_config)
    i.softdevice_fault_handler               0x00021cbc   Section        0  softdevice_handler.o(i.softdevice_fault_handler)
    i.softdevice_handler_init                0x00021cd0   Section        0  softdevice_handler.o(i.softdevice_handler_init)
    i.softdevice_sys_evt_handler_set         0x00021d34   Section        0  softdevice_handler.o(i.softdevice_sys_evt_handler_set)
    i.srdata_check                           0x00021d4c   Section        0  ble_advdata.o(i.srdata_check)
    srdata_check                             0x00021d4d   Thumb Code    14  ble_advdata.o(i.srdata_check)
    i.startup_event_extract                  0x00021d5a   Section        0  bsp_btn_ble.o(i.startup_event_extract)
    startup_event_extract                    0x00021d5b   Thumb Code    76  bsp_btn_ble.o(i.startup_event_extract)
    i.state_data_erase_entry_run             0x00021da8   Section        0  pstorage.o(i.state_data_erase_entry_run)
    state_data_erase_entry_run               0x00021da9   Thumb Code    12  pstorage.o(i.state_data_erase_entry_run)
    i.state_data_erase_swap_entry_run        0x00021db8   Section        0  pstorage.o(i.state_data_erase_swap_entry_run)
    state_data_erase_swap_entry_run          0x00021db9   Thumb Code   124  pstorage.o(i.state_data_erase_swap_entry_run)
    i.state_entry_action_run                 0x00021e44   Section        0  pstorage.o(i.state_entry_action_run)
    state_entry_action_run                   0x00021e45   Thumb Code    52  pstorage.o(i.state_entry_action_run)
    i.state_erase_data_page_entry_run        0x00021e7c   Section        0  pstorage.o(i.state_erase_data_page_entry_run)
    state_erase_data_page_entry_run          0x00021e7d   Thumb Code    12  pstorage.o(i.state_erase_data_page_entry_run)
    i.state_idle_entry_run                   0x00021e8c   Section        0  pstorage.o(i.state_idle_entry_run)
    state_idle_entry_run                     0x00021e8d   Thumb Code    18  pstorage.o(i.state_idle_entry_run)
    i.state_restore_head_entry_run           0x00021ea8   Section        0  pstorage.o(i.state_restore_head_entry_run)
    state_restore_head_entry_run             0x00021ea9   Thumb Code    44  pstorage.o(i.state_restore_head_entry_run)
    i.state_restore_tail_entry_run           0x00021edc   Section        0  pstorage.o(i.state_restore_tail_entry_run)
    state_restore_tail_entry_run             0x00021edd   Thumb Code    80  pstorage.o(i.state_restore_tail_entry_run)
    i.state_store_entry_run                  0x00021f34   Section        0  pstorage.o(i.state_store_entry_run)
    state_store_entry_run                    0x00021f35   Thumb Code     8  pstorage.o(i.state_store_entry_run)
    i.state_swap_erase_entry_run             0x00021f3c   Section        0  pstorage.o(i.state_swap_erase_entry_run)
    state_swap_erase_entry_run               0x00021f3d   Thumb Code    30  pstorage.o(i.state_swap_erase_entry_run)
    i.state_write_data_swap_entry_run        0x00021f5c   Section        0  pstorage.o(i.state_write_data_swap_entry_run)
    state_write_data_swap_entry_run          0x00021f5d   Thumb Code    50  pstorage.o(i.state_write_data_swap_entry_run)
    i.storage_operation_dummy_handler        0x00021f94   Section        0  device_manager_peripheral.o(i.storage_operation_dummy_handler)
    storage_operation_dummy_handler          0x00021f95   Thumb Code     8  device_manager_peripheral.o(i.storage_operation_dummy_handler)
    i.store_cmd_flash_write_execute          0x00021f9c   Section        0  pstorage.o(i.store_cmd_flash_write_execute)
    store_cmd_flash_write_execute            0x00021f9d   Thumb Code    94  pstorage.o(i.store_cmd_flash_write_execute)
    i.store_operation_execute                0x00022004   Section        0  pstorage.o(i.store_operation_execute)
    store_operation_execute                  0x00022005   Thumb Code    10  pstorage.o(i.store_operation_execute)
    i.store_sub_state_sm_run                 0x00022010   Section        0  pstorage.o(i.store_sub_state_sm_run)
    store_sub_state_sm_run                   0x00022011   Thumb Code    60  pstorage.o(i.store_sub_state_sm_run)
    i.swap_erase_state_run                   0x00022058   Section        0  pstorage.o(i.swap_erase_state_run)
    swap_erase_state_run                     0x00022059   Thumb Code    26  pstorage.o(i.swap_erase_state_run)
    i.swap_sub_sm_exit_action_run            0x00022078   Section        0  pstorage.o(i.swap_sub_sm_exit_action_run)
    swap_sub_sm_exit_action_run              0x00022079   Thumb Code     8  pstorage.o(i.swap_sub_sm_exit_action_run)
    i.swap_sub_state_entry_action_run        0x00022080   Section        0  pstorage.o(i.swap_sub_state_entry_action_run)
    swap_sub_state_entry_action_run          0x00022081   Thumb Code    16  pstorage.o(i.swap_sub_state_entry_action_run)
    i.swap_sub_state_err_busy_process        0x00022098   Section        0  pstorage.o(i.swap_sub_state_err_busy_process)
    swap_sub_state_err_busy_process          0x00022099   Thumb Code    24  pstorage.o(i.swap_sub_state_err_busy_process)
    i.swap_sub_state_sm_run                  0x000220b8   Section        0  pstorage.o(i.swap_sub_state_sm_run)
    swap_sub_state_sm_run                    0x000220b9   Thumb Code    16  pstorage.o(i.swap_sub_state_sm_run)
    i.swap_sub_state_state_change            0x000220d0   Section        0  pstorage.o(i.swap_sub_state_state_change)
    swap_sub_state_state_change              0x000220d1   Thumb Code    14  pstorage.o(i.swap_sub_state_state_change)
    i.sys_evt_dispatch                       0x000220e4   Section        0  main.o(i.sys_evt_dispatch)
    sys_evt_dispatch                         0x000220e5   Thumb Code    18  main.o(i.sys_evt_dispatch)
    i.tail_restore_state_run                 0x000220f8   Section        0  pstorage.o(i.tail_restore_state_run)
    tail_restore_state_run                   0x000220f9   Thumb Code    24  pstorage.o(i.tail_restore_state_run)
    i.tail_word_size_calculate               0x00022114   Section        0  pstorage.o(i.tail_word_size_calculate)
    tail_word_size_calculate                 0x00022115   Thumb Code    70  pstorage.o(i.tail_word_size_calculate)
    i.ticks_diff_get                         0x00022160   Section        0  app_timer.o(i.ticks_diff_get)
    ticks_diff_get                           0x00022161   Thumb Code    10  app_timer.o(i.ticks_diff_get)
    i.timeout_handler_exec                   0x0002216c   Section        0  app_timer.o(i.timeout_handler_exec)
    timeout_handler_exec                     0x0002216d   Thumb Code    56  app_timer.o(i.timeout_handler_exec)
    i.timer_list_handler                     0x000221e4   Section        0  app_timer.o(i.timer_list_handler)
    timer_list_handler                       0x000221e5   Thumb Code    72  app_timer.o(i.timer_list_handler)
    i.timer_list_handler_sched               0x00022238   Section        0  app_timer.o(i.timer_list_handler_sched)
    timer_list_handler_sched                 0x00022239   Thumb Code    10  app_timer.o(i.timer_list_handler_sched)
    i.timer_list_insert                      0x00022244   Section        0  app_timer.o(i.timer_list_insert)
    timer_list_insert                        0x00022245   Thumb Code    98  app_timer.o(i.timer_list_insert)
    i.timer_list_remove                      0x000222ac   Section        0  app_timer.o(i.timer_list_remove)
    timer_list_remove                        0x000222ad   Thumb Code    90  app_timer.o(i.timer_list_remove)
    i.timer_start_op_schedule                0x00022318   Section        0  app_timer.o(i.timer_start_op_schedule)
    timer_start_op_schedule                  0x00022319   Thumb Code    86  app_timer.o(i.timer_start_op_schedule)
    i.timer_stop_op_schedule                 0x00022374   Section        0  app_timer.o(i.timer_stop_op_schedule)
    timer_stop_op_schedule                   0x00022375   Thumb Code    58  app_timer.o(i.timer_stop_op_schedule)
    i.timer_timeouts_check                   0x000223b4   Section        0  app_timer.o(i.timer_timeouts_check)
    timer_timeouts_check                     0x000223b5   Thumb Code   130  app_timer.o(i.timer_timeouts_check)
    i.timer_timeouts_check_sched             0x0002244c   Section        0  app_timer.o(i.timer_timeouts_check_sched)
    timer_timeouts_check_sched               0x0002244d   Thumb Code    10  app_timer.o(i.timer_timeouts_check_sched)
    i.timers_init                            0x00022458   Section        0  main.o(i.timers_init)
    timers_init                              0x00022459   Thumb Code    44  main.o(i.timers_init)
    i.tk_value_encode                        0x00022498   Section        0  ble_advdata.o(i.tk_value_encode)
    tk_value_encode                          0x00022499   Thumb Code    70  ble_advdata.o(i.tk_value_encode)
    i.tx_byte                                0x000224e0   Section        0  nrf_drv_uart.o(i.tx_byte)
    tx_byte                                  0x000224e1   Thumb Code    42  nrf_drv_uart.o(i.tx_byte)
    i.tx_done_event                          0x00022518   Section        0  nrf_drv_uart.o(i.tx_done_event)
    tx_done_event                            0x00022519   Thumb Code    38  nrf_drv_uart.o(i.tx_done_event)
    i.tx_power_level_encode                  0x00022544   Section        0  ble_advdata.o(i.tx_power_level_encode)
    tx_power_level_encode                    0x00022545   Thumb Code    54  ble_advdata.o(i.tx_power_level_encode)
    i.uart_irq_handler                       0x0002257c   Section        0  nrf_drv_uart.o(i.uart_irq_handler)
    uart_irq_handler                         0x0002257d   Thumb Code   342  nrf_drv_uart.o(i.uart_irq_handler)
    i.uarte_irq_handler                      0x000226dc   Section        0  nrf_drv_uart.o(i.uarte_irq_handler)
    uarte_irq_handler                        0x000226dd   Thumb Code   286  nrf_drv_uart.o(i.uarte_irq_handler)
    i.uint16_encode                          0x00022808   Section        0  ble_advdata.o(i.uint16_encode)
    uint16_encode                            0x00022809   Thumb Code    12  ble_advdata.o(i.uint16_encode)
    i.update_operation_execute               0x00022814   Section        0  pstorage.o(i.update_operation_execute)
    update_operation_execute                 0x00022815   Thumb Code     8  pstorage.o(i.update_operation_execute)
    i.update_status_bit_reset                0x0002281c   Section        0  device_manager_peripheral.o(i.update_status_bit_reset)
    update_status_bit_reset                  0x0002281d   Thumb Code    16  device_manager_peripheral.o(i.update_status_bit_reset)
    i.update_timeout_handler                 0x00022830   Section        0  ble_conn_params.o(i.update_timeout_handler)
    update_timeout_handler                   0x00022831   Thumb Code   126  ble_conn_params.o(i.update_timeout_handler)
    i.user_id_get                            0x000228c0   Section        0  app_timer.o(i.user_id_get)
    user_id_get                              0x000228c1   Thumb Code    78  app_timer.o(i.user_id_get)
    i.user_op_alloc                          0x00022918   Section        0  app_timer.o(i.user_op_alloc)
    user_op_alloc                            0x00022919   Thumb Code    48  app_timer.o(i.user_op_alloc)
    i.user_op_enque                          0x00022948   Section        0  app_timer.o(i.user_op_enque)
    user_op_enque                            0x00022949   Thumb Code     4  app_timer.o(i.user_op_enque)
    i.uuid_list_encode                       0x0002294c   Section        0  ble_advdata.o(i.uuid_list_encode)
    uuid_list_encode                         0x0002294d   Thumb Code    78  ble_advdata.o(i.uuid_list_encode)
    i.uuid_list_sized_encode                 0x0002299a   Section        0  ble_advdata.o(i.uuid_list_sized_encode)
    uuid_list_sized_encode                   0x0002299b   Thumb Code   220  ble_advdata.o(i.uuid_list_sized_encode)
    i.whitelist_has_entries                  0x00022a76   Section        0  ble_advertising.o(i.whitelist_has_entries)
    whitelist_has_entries                    0x00022a77   Thumb Code    18  ble_advertising.o(i.whitelist_has_entries)
    .constdata                               0x00022a88   Section        4  main.o(.constdata)
    .constdata                               0x00022a8c   Section       64  our_service.o(.constdata)
    .constdata                               0x00022acc   Section       60  bsp.o(.constdata)
    m_leds_timer_id                          0x00022acc   Data           4  bsp.o(.constdata)
    m_alert_timer_id                         0x00022ad0   Data           4  bsp.o(.constdata)
    m_button_timer_id                        0x00022ad4   Data           4  bsp.o(.constdata)
    m_buttons_list                           0x00022ad8   Data          16  bsp.o(.constdata)
    app_buttons                              0x00022ae8   Data          32  bsp.o(.constdata)
    .constdata                               0x00022b08   Section        4  ble_conn_params.o(.constdata)
    m_conn_params_timer_id                   0x00022b08   Data           4  ble_conn_params.o(.constdata)
    .constdata                               0x00022b0c   Section       52  device_manager_peripheral.o(.constdata)
    .constdata                               0x00022b40   Section       40  pstorage.o(.constdata)
    swap_sub_state_sm_lut                    0x00022b40   Data          20  pstorage.o(.constdata)
    swap_sub_state_sm_lut                    0x00022b54   Data          20  pstorage.o(.constdata)
    .constdata                               0x00022b68   Section        8  app_button.o(.constdata)
    m_detection_delay_timer_id               0x00022b68   Data           4  app_button.o(.constdata)
    .conststring                             0x00022b70   Section       76  device_manager_peripheral.o(.conststring)
    .conststring                             0x00022bbc   Section       87  softdevice_handler.o(.conststring)
    .data                                    0x20002080   Section       28  main.o(.data)
    m_app_handle                             0x20002080   Data           1  main.o(.data)
    m_conn_handle                            0x20002082   Data           2  main.o(.data)
    isLogin                                  0x20002084   Data           1  main.o(.data)
    m_beacon_info                            0x20002085   Data          23  main.o(.data)
    .data                                    0x2000209c   Section       25  bsp.o(.data)
    m_stable_state                           0x2000209c   Data           1  bsp.o(.data)
    m_app_ticks_per_100ms                    0x200020a0   Data           4  bsp.o(.data)
    m_indication_type                        0x200020a4   Data           4  bsp.o(.data)
    m_alert_mask                             0x200020a8   Data           4  bsp.o(.data)
    m_registered_callback                    0x200020ac   Data           4  bsp.o(.data)
    current_long_push_pin_no                 0x200020b0   Data           1  bsp.o(.data)
    release_event_at_push                    0x200020b1   Data           4  bsp.o(.data)
    .data                                    0x200020b8   Section        8  bsp_btn_ble.o(.data)
    m_error_handler                          0x200020b8   Data           4  bsp_btn_ble.o(.data)
    m_num_connections                        0x200020bc   Data           4  bsp_btn_ble.o(.data)
    .data                                    0x200020c0   Section       32  ble_advertising.o(.data)
    m_advertising_start_pending              0x200020c0   Data           1  ble_advertising.o(.data)
    m_peer_address                           0x200020c1   Data           7  ble_advertising.o(.data)
    m_adv_evt                                0x200020c8   Data           1  ble_advertising.o(.data)
    m_evt_handler                            0x200020cc   Data           4  ble_advertising.o(.data)
    m_error_handler                          0x200020d0   Data           4  ble_advertising.o(.data)
    m_adv_mode_current                       0x200020d4   Data           1  ble_advertising.o(.data)
    m_whitelist_temporarily_disabled         0x200020d5   Data           1  ble_advertising.o(.data)
    m_whitelist_reply_expected               0x200020d6   Data           1  ble_advertising.o(.data)
    m_peer_addr_reply_expected               0x200020d7   Data           1  ble_advertising.o(.data)
    m_slave_conn_int                         0x200020d8   Data           4  ble_advertising.o(.data)
    m_tx_power_level                         0x200020dc   Data           1  ble_advertising.o(.data)
    current_slave_link_conn_handle           0x200020de   Data           2  ble_advertising.o(.data)
    .data                                    0x200020e0   Section       21  ble_conn_params.o(.data)
    m_preferred_conn_params                  0x200020e0   Data           8  ble_conn_params.o(.data)
    m_update_count                           0x200020e8   Data           1  ble_conn_params.o(.data)
    m_conn_handle                            0x200020ea   Data           2  ble_conn_params.o(.data)
    m_current_conn_params                    0x200020ec   Data           8  ble_conn_params.o(.data)
    m_change_param                           0x200020f4   Data           1  ble_conn_params.o(.data)
    .data                                    0x200020f8   Section       20  device_manager_peripheral.o(.data)
    m_storage_handle                         0x200020f8   Data           8  device_manager_peripheral.o(.data)
    m_peer_addr_update                       0x20002100   Data           4  device_manager_peripheral.o(.data)
    m_module_initialized                     0x20002104   Data           1  device_manager_peripheral.o(.data)
    m_irk_index_table                        0x20002105   Data           7  device_manager_peripheral.o(.data)
    .data                                    0x2000210c   Section       40  pstorage.o(.data)
    m_next_app_instance                      0x2000210c   Data           2  pstorage.o(.data)
    m_next_page_addr                         0x20002110   Data           4  pstorage.o(.data)
    m_state                                  0x20002114   Data           1  pstorage.o(.data)
    m_swap_sub_state                         0x20002115   Data           1  pstorage.o(.data)
    m_head_word_size                         0x20002118   Data           4  pstorage.o(.data)
    m_tail_word_size                         0x2000211c   Data           4  pstorage.o(.data)
    m_current_page_id                        0x20002120   Data           4  pstorage.o(.data)
    m_num_of_command_retries                 0x20002124   Data           4  pstorage.o(.data)
    m_num_of_bytes_written                   0x20002128   Data           4  pstorage.o(.data)
    m_app_data_size                          0x2000212c   Data           4  pstorage.o(.data)
    m_flags                                  0x20002130   Data           4  pstorage.o(.data)
    .data                                    0x20002134   Section       20  app_button.o(.data)
    mp_buttons                               0x20002134   Data           4  app_button.o(.data)
    m_button_count                           0x20002138   Data           1  app_button.o(.data)
    m_detection_delay                        0x2000213c   Data           4  app_button.o(.data)
    m_pin_state                              0x20002140   Data           4  app_button.o(.data)
    m_pin_transition                         0x20002144   Data           4  app_button.o(.data)
    .data                                    0x20002148   Section       34  app_timer.o(.data)
    m_user_array_size                        0x20002148   Data           1  app_timer.o(.data)
    mp_users                                 0x2000214c   Data           4  app_timer.o(.data)
    mp_timer_id_head                         0x20002150   Data           4  app_timer.o(.data)
    m_ticks_latest                           0x20002154   Data           4  app_timer.o(.data)
    m_ticks_elapsed                          0x20002158   Data           8  app_timer.o(.data)
    m_ticks_elapsed_q_read_ind               0x20002160   Data           1  app_timer.o(.data)
    m_ticks_elapsed_q_write_ind              0x20002161   Data           1  app_timer.o(.data)
    m_evt_schedule_func                      0x20002164   Data           4  app_timer.o(.data)
    m_rtc1_running                           0x20002168   Data           1  app_timer.o(.data)
    m_rtc1_reset                             0x20002169   Data           1  app_timer.o(.data)
    .data                                    0x2000216c   Section       24  softdevice_handler.o(.data)
    m_evt_schedule_func                      0x2000216c   Data           4  softdevice_handler.o(.data)
    m_softdevice_enabled                     0x20002170   Data           1  softdevice_handler.o(.data)
    mp_ble_evt_buffer                        0x20002174   Data           4  softdevice_handler.o(.data)
    m_ble_evt_buffer_size                    0x20002178   Data           2  softdevice_handler.o(.data)
    m_ble_evt_handler                        0x2000217c   Data           4  softdevice_handler.o(.data)
    m_sys_evt_handler                        0x20002180   Data           4  softdevice_handler.o(.data)
    .data                                    0x20002184   Section        4  system_nrf52.o(.data)
    __tagsym$$used                           0x20002184   Number         0  system_nrf52.o(.data)
    .bss                                     0x20002188   Section      540  main.o(.bss)
    APP_TIMER_BUF                            0x20002194   Data         456  main.o(.bss)
    BLE_EVT_BUFFER                           0x2000235c   Data          72  main.o(.bss)
    .bss                                     0x200023a4   Section      108  bsp.o(.bss)
    m_leds_timer_id_data                     0x200023a4   Data          32  bsp.o(.bss)
    m_alert_timer_id_data                    0x200023c4   Data          32  bsp.o(.bss)
    m_events_list                            0x200023e4   Data          12  bsp.o(.bss)
    m_button_timer_id_data                   0x200023f0   Data          32  bsp.o(.bss)
    .bss                                     0x20002410   Section      259  ble_advertising.o(.bss)
    m_advdata                                0x20002410   Data          56  ble_advertising.o(.bss)
    m_adv_modes_config                       0x20002448   Data          36  ble_advertising.o(.bss)
    m_whitelist                              0x2000246c   Data          16  ble_advertising.o(.bss)
    mp_whitelist_addr                        0x2000247c   Data          32  ble_advertising.o(.bss)
    mp_whitelist_irk                         0x2000249c   Data          32  ble_advertising.o(.bss)
    m_manuf_specific_data                    0x200024bc   Data          12  ble_advertising.o(.bss)
    m_manuf_data_array                       0x200024c8   Data          31  ble_advertising.o(.bss)
    m_service_data                           0x200024e8   Data          12  ble_advertising.o(.bss)
    m_service_data_array                     0x200024f4   Data          31  ble_advertising.o(.bss)
    .bss                                     0x20002514   Section       60  ble_conn_params.o(.bss)
    m_conn_params_config                     0x20002514   Data          28  ble_conn_params.o(.bss)
    m_conn_params_timer_id_data              0x20002530   Data          32  ble_conn_params.o(.bss)
    .bss                                     0x20002550   Section      335  device_manager_peripheral.o(.bss)
    m_app_context_table                      0x20002550   Data          28  device_manager_peripheral.o(.bss)
    m_peer_table                             0x2000256c   Data         196  device_manager_peripheral.o(.bss)
    m_bond_table                             0x20002630   Data          28  device_manager_peripheral.o(.bss)
    m_gatts_table                            0x2000264c   Data          36  device_manager_peripheral.o(.bss)
    m_connection_table                       0x20002670   Data          12  device_manager_peripheral.o(.bss)
    m_application_table                      0x2000267c   Data          12  device_manager_peripheral.o(.bss)
    m_local_id_info                          0x20002688   Data          23  device_manager_peripheral.o(.bss)
    .bss                                     0x200026a0   Section       88  nrf_drv_gpiote.o(.bss)
    m_cb                                     0x200026a0   Data          88  nrf_drv_gpiote.o(.bss)
    .bss                                     0x200026f8   Section       32  nrf_drv_uart.o(.bss)
    m_cb                                     0x200026f8   Data          32  nrf_drv_uart.o(.bss)
    .bss                                     0x20002718   Section      228  pstorage.o(.bss)
    m_cmd_queue                              0x20002718   Data         204  pstorage.o(.bss)
    m_app_table                              0x200027e4   Data          24  pstorage.o(.bss)
    .bss                                     0x200027fc   Section       32  app_button.o(.bss)
    m_detection_delay_timer_id_data          0x200027fc   Data          32  app_button.o(.bss)
    .bss                                     0x2000281c   Section       32  app_error.o(.bss)
    m_error_data                             0x2000281c   Data          32  app_error.o(.bss)
    .bss                                     0x2000283c   Section       88  fstorage.o(.bss)
    m_queue                                  0x2000283c   Data          88  fstorage.o(.bss)
    .bss                                     0x20002894   Section       12  softdevice_handler.o(.bss)
    STACK                                    0x200028a0   Section     8192  arm_startup_nrf52.o(STACK)

    Global Symbols

    Symbol Name                              Value     Ov Type        Size  Object(Section)

    BuildAttributes$$THM_ISAv4$E$P$D$K$B$S$7EM$VFPi3$EXTD16$VFPS$VFMA$PE$A:L22UL41UL21$X:L11$S22US41US21$IEEE1$IW$USESV6$~STKCKD$USESV7$~SHL$OSPACE$EBA8$MICROLIB$REQ8$PRES8$EABIv2 0x00000000   Number         0  anon$$obj.o ABSOLUTE
    __ARM_use_no_argv                        0x00000000   Number         0  main.o ABSOLUTE
    __cpp_initialize__aeabi_                  - Undefined Weak Reference
    __cxa_finalize                            - Undefined Weak Reference
    __decompress                              - Undefined Weak Reference
    _clock_init                               - Undefined Weak Reference
    _microlib_exit                            - Undefined Weak Reference
    fs_data$$Base                             - Undefined Reference
    fs_data$$Limit                            - Undefined Reference
    __Vectors_Size                           0x00000400   Number         0  arm_startup_nrf52.o ABSOLUTE
    __Vectors                                0x0001c000   Data           4  arm_startup_nrf52.o(RESET)
    __Vectors_End                            0x0001c400   Data           0  arm_startup_nrf52.o(RESET)
    __main                                   0x0001c401   Thumb Code     0  entry.o(.ARM.Collect$$$$00000000)
    _main_stk                                0x0001c401   Thumb Code     0  entry2.o(.ARM.Collect$$$$00000001)
    _main_scatterload                        0x0001c405   Thumb Code     0  entry5.o(.ARM.Collect$$$$00000004)
    __main_after_scatterload                 0x0001c409   Thumb Code     0  entry5.o(.ARM.Collect$$$$00000004)
    _main_clock                              0x0001c409   Thumb Code     0  entry7b.o(.ARM.Collect$$$$00000008)
    _main_cpp_init                           0x0001c409   Thumb Code     0  entry8b.o(.ARM.Collect$$$$0000000A)
    _main_init                               0x0001c409   Thumb Code     0  entry9a.o(.ARM.Collect$$$$0000000B)
    __rt_final_cpp                           0x0001c411   Thumb Code     0  entry10a.o(.ARM.Collect$$$$0000000D)
    __rt_final_exit                          0x0001c411   Thumb Code     0  entry11a.o(.ARM.Collect$$$$0000000F)
    __asm___11_app_timer_c_cd27f9c3__nrf_delay_us 0x0001c415   Thumb Code   118  app_timer.o(.emb_text)
    Reset_Handler                            0x0001c48d   Thumb Code     8  arm_startup_nrf52.o(.text)
    NMI_Handler                              0x0001c495   Thumb Code     2  arm_startup_nrf52.o(.text)
    HardFault_Handler                        0x0001c497   Thumb Code     2  arm_startup_nrf52.o(.text)
    MemoryManagement_Handler                 0x0001c499   Thumb Code     2  arm_startup_nrf52.o(.text)
    BusFault_Handler                         0x0001c49b   Thumb Code     2  arm_startup_nrf52.o(.text)
    UsageFault_Handler                       0x0001c49d   Thumb Code     2  arm_startup_nrf52.o(.text)
    SVC_Handler                              0x0001c49f   Thumb Code     2  arm_startup_nrf52.o(.text)
    DebugMon_Handler                         0x0001c4a1   Thumb Code     2  arm_startup_nrf52.o(.text)
    PendSV_Handler                           0x0001c4a3   Thumb Code     2  arm_startup_nrf52.o(.text)
    SysTick_Handler                          0x0001c4a5   Thumb Code     2  arm_startup_nrf52.o(.text)
    CCM_AAR_IRQHandler                       0x0001c4a7   Thumb Code     0  arm_startup_nrf52.o(.text)
    COMP_LPCOMP_IRQHandler                   0x0001c4a7   Thumb Code     0  arm_startup_nrf52.o(.text)
    ECB_IRQHandler                           0x0001c4a7   Thumb Code     0  arm_startup_nrf52.o(.text)
    FPU_IRQHandler                           0x0001c4a7   Thumb Code     0  arm_startup_nrf52.o(.text)
    I2S_IRQHandler                           0x0001c4a7   Thumb Code     0  arm_startup_nrf52.o(.text)
    MWU_IRQHandler                           0x0001c4a7   Thumb Code     0  arm_startup_nrf52.o(.text)
    NFCT_IRQHandler                          0x0001c4a7   Thumb Code     0  arm_startup_nrf52.o(.text)
    PDM_IRQHandler                           0x0001c4a7   Thumb Code     0  arm_startup_nrf52.o(.text)
    POWER_CLOCK_IRQHandler                   0x0001c4a7   Thumb Code     0  arm_startup_nrf52.o(.text)
    PWM0_IRQHandler                          0x0001c4a7   Thumb Code     0  arm_startup_nrf52.o(.text)
    PWM1_IRQHandler                          0x0001c4a7   Thumb Code     0  arm_startup_nrf52.o(.text)
    PWM2_IRQHandler                          0x0001c4a7   Thumb Code     0  arm_startup_nrf52.o(.text)
    QDEC_IRQHandler                          0x0001c4a7   Thumb Code     0  arm_startup_nrf52.o(.text)
    RADIO_IRQHandler                         0x0001c4a7   Thumb Code     0  arm_startup_nrf52.o(.text)
    RNG_IRQHandler                           0x0001c4a7   Thumb Code     0  arm_startup_nrf52.o(.text)
    RTC0_IRQHandler                          0x0001c4a7   Thumb Code     0  arm_startup_nrf52.o(.text)
    RTC2_IRQHandler                          0x0001c4a7   Thumb Code     0  arm_startup_nrf52.o(.text)
    SAADC_IRQHandler                         0x0001c4a7   Thumb Code     0  arm_startup_nrf52.o(.text)
    SPIM0_SPIS0_TWIM0_TWIS0_SPI0_TWI0_IRQHandler 0x0001c4a7   Thumb Code     0  arm_startup_nrf52.o(.text)
    SPIM1_SPIS1_TWIM1_TWIS1_SPI1_TWI1_IRQHandler 0x0001c4a7   Thumb Code     0  arm_startup_nrf52.o(.text)
    SPIM2_SPIS2_SPI2_IRQHandler              0x0001c4a7   Thumb Code     0  arm_startup_nrf52.o(.text)
    SWI1_EGU1_IRQHandler                     0x0001c4a7   Thumb Code     0  arm_startup_nrf52.o(.text)
    SWI3_EGU3_IRQHandler                     0x0001c4a7   Thumb Code     0  arm_startup_nrf52.o(.text)
    SWI4_EGU4_IRQHandler                     0x0001c4a7   Thumb Code     0  arm_startup_nrf52.o(.text)
    SWI5_EGU5_IRQHandler                     0x0001c4a7   Thumb Code     0  arm_startup_nrf52.o(.text)
    TEMP_IRQHandler                          0x0001c4a7   Thumb Code     0  arm_startup_nrf52.o(.text)
    TIMER0_IRQHandler                        0x0001c4a7   Thumb Code     0  arm_startup_nrf52.o(.text)
    TIMER1_IRQHandler                        0x0001c4a7   Thumb Code     0  arm_startup_nrf52.o(.text)
    TIMER2_IRQHandler                        0x0001c4a7   Thumb Code     0  arm_startup_nrf52.o(.text)
    TIMER3_IRQHandler                        0x0001c4a7   Thumb Code     0  arm_startup_nrf52.o(.text)
    TIMER4_IRQHandler                        0x0001c4a7   Thumb Code     0  arm_startup_nrf52.o(.text)
    WDT_IRQHandler                           0x0001c4a7   Thumb Code     0  arm_startup_nrf52.o(.text)
    __aeabi_memcpy                           0x0001c4b1   Thumb Code    36  memcpya.o(.text)
    __aeabi_memcpy4                          0x0001c4b1   Thumb Code     0  memcpya.o(.text)
    __aeabi_memcpy8                          0x0001c4b1   Thumb Code     0  memcpya.o(.text)
    __aeabi_memset                           0x0001c4d5   Thumb Code    14  memseta.o(.text)
    __aeabi_memset4                          0x0001c4d5   Thumb Code     0  memseta.o(.text)
    __aeabi_memset8                          0x0001c4d5   Thumb Code     0  memseta.o(.text)
    __aeabi_memclr                           0x0001c4e3   Thumb Code     4  memseta.o(.text)
    __aeabi_memclr4                          0x0001c4e3   Thumb Code     0  memseta.o(.text)
    __aeabi_memclr8                          0x0001c4e3   Thumb Code     0  memseta.o(.text)
    _memset$wrapper                          0x0001c4e7   Thumb Code    18  memseta.o(.text)
    memcmp                                   0x0001c4f9   Thumb Code    26  memcmp.o(.text)
    __scatterload                            0x0001c515   Thumb Code    28  init.o(.text)
    __scatterload_rt2                        0x0001c515   Thumb Code     0  init.o(.text)
    GPIOTE_IRQHandler                        0x0001c539   Thumb Code   420  nrf_drv_gpiote.o(i.GPIOTE_IRQHandler)
    RTC1_IRQHandler                          0x0001c761   Thumb Code    44  app_timer.o(i.RTC1_IRQHandler)
    SWI0_EGU0_IRQHandler                     0x0001c795   Thumb Code     8  app_timer.o(i.SWI0_EGU0_IRQHandler)
    SWI2_EGU2_IRQHandler                     0x0001c79d   Thumb Code    48  softdevice_handler.o(i.SWI2_EGU2_IRQHandler)
    SystemCoreClockUpdate                    0x0001c7d5   Thumb Code     8  system_nrf52.o(i.SystemCoreClockUpdate)
    SystemInit                               0x0001c7e5   Thumb Code   532  system_nrf52.o(i.SystemInit)
    UARTE0_UART0_IRQHandler                  0x0001ca31   Thumb Code    20  nrf_drv_uart.o(i.UARTE0_UART0_IRQHandler)
    __scatterload_copy                       0x0001ca49   Thumb Code    14  handlers.o(i.__scatterload_copy)
    __scatterload_null                       0x0001ca57   Thumb Code     2  handlers.o(i.__scatterload_null)
    __scatterload_zeroinit                   0x0001ca59   Thumb Code    14  handlers.o(i.__scatterload_zeroinit)
    adv_data_encode                          0x0001ca67   Thumb Code   454  ble_advdata.o(i.adv_data_encode)
    app_button_enable                        0x0001cd3d   Thumb Code    34  app_button.o(i.app_button_enable)
    app_button_init                          0x0001cd69   Thumb Code   132  app_button.o(i.app_button_init)
    app_error_fault_handler                  0x0001ce11   Thumb Code    26  app_error_weak.o(i.app_error_fault_handler)
    app_error_handler                        0x0001ce2b   Thumb Code    32  app_error.o(i.app_error_handler)
    app_error_save_and_stop                  0x0001ce4d   Thumb Code   132  app_error.o(i.app_error_save_and_stop)
    app_timer_create                         0x0001cf4d   Thumb Code    56  app_timer.o(i.app_timer_create)
    app_timer_init                           0x0001cf89   Thumb Code   154  app_timer.o(i.app_timer_init)
    app_timer_start                          0x0001d041   Thumb Code    84  app_timer.o(i.app_timer_start)
    app_timer_stop                           0x0001d099   Thumb Code    48  app_timer.o(i.app_timer_stop)
    ble_advdata_set                          0x0001d121   Thumb Code   148  ble_advdata.o(i.ble_advdata_set)
    ble_advertising_init                     0x0001d1b5   Thumb Code   324  ble_advertising.o(i.ble_advertising_init)
    ble_advertising_on_ble_evt               0x0001d331   Thumb Code   224  ble_advertising.o(i.ble_advertising_on_ble_evt)
    ble_advertising_on_sys_evt               0x0001d429   Thumb Code    64  ble_advertising.o(i.ble_advertising_on_sys_evt)
    ble_advertising_restart_without_whitelist 0x0001d485   Thumb Code    98  ble_advertising.o(i.ble_advertising_restart_without_whitelist)
    ble_advertising_start                    0x0001d4fd   Thumb Code   604  ble_advertising.o(i.ble_advertising_start)
    ble_conn_params_init                     0x0001d785   Thumb Code    84  ble_conn_params.o(i.ble_conn_params_init)
    ble_conn_params_on_ble_evt               0x0001d7f5   Thumb Code    62  ble_conn_params.o(i.ble_conn_params_on_ble_evt)
    bond_data_load                           0x0001d9d9   Thumb Code    64  device_manager_peripheral.o(i.bond_data_load)
    bsp_btn_ble_init                         0x0001da29   Thumb Code    48  bsp_btn_ble.o(i.bsp_btn_ble_init)
    bsp_btn_ble_on_ble_evt                   0x0001da61   Thumb Code   110  bsp_btn_ble.o(i.bsp_btn_ble_on_ble_evt)
    bsp_btn_ble_sleep_mode_prepare           0x0001dad9   Thumb Code    28  bsp_btn_ble.o(i.bsp_btn_ble_sleep_mode_prepare)
    bsp_button_is_pressed                    0x0001dbd1   Thumb Code    46  bsp.o(i.bsp_button_is_pressed)
    bsp_event_handler                        0x0001dc09   Thumb Code   104  main.o(i.bsp_event_handler)
    bsp_event_to_button_action_assign        0x0001dc85   Thumb Code    86  bsp.o(i.bsp_event_to_button_action_assign)
    bsp_indication_set                       0x0001dce1   Thumb Code    28  bsp.o(i.bsp_indication_set)
    bsp_init                                 0x0001dd01   Thumb Code   164  bsp.o(i.bsp_init)
    bsp_wakeup_buttons_set                   0x0001e36d   Thumb Code    70  bsp.o(i.bsp_wakeup_buttons_set)
    dm_ble_evt_handler                       0x0001ef61   Thumb Code  1696  device_manager_peripheral.o(i.dm_ble_evt_handler)
    dm_handle_initialize                     0x0001f619   Thumb Code    24  device_manager_peripheral.o(i.dm_handle_initialize)
    dm_init                                  0x0001f631   Thumb Code   234  device_manager_peripheral.o(i.dm_init)
    dm_register                              0x0001f995   Thumb Code   166  device_manager_peripheral.o(i.dm_register)
    fs_queued_op_count_get                   0x0001fe65   Thumb Code    18  fstorage.o(i.fs_queued_op_count_get)
    intern_softdevice_events_execute         0x00020291   Thumb Code   150  softdevice_handler.o(i.intern_softdevice_events_execute)
    main                                     0x0002064d   Thumb Code    84  main.o(i.main)
    nrf_drv_common_irq_enable                0x0002081d   Thumb Code    84  nrf_drv_common.o(i.nrf_drv_common_irq_enable)
    nrf_drv_gpiote_in_event_enable           0x0002087d   Thumb Code   170  nrf_drv_gpiote.o(i.nrf_drv_gpiote_in_event_enable)
    nrf_drv_gpiote_in_init                   0x00020935   Thumb Code   198  nrf_drv_gpiote.o(i.nrf_drv_gpiote_in_init)
    nrf_drv_gpiote_in_is_set                 0x00020a0d   Thumb Code    24  nrf_drv_gpiote.o(i.nrf_drv_gpiote_in_is_set)
    nrf_drv_gpiote_init                      0x00020a29   Thumb Code    78  nrf_drv_gpiote.o(i.nrf_drv_gpiote_init)
    nrf_drv_gpiote_is_init                   0x00020a7d   Thumb Code    16  nrf_drv_gpiote.o(i.nrf_drv_gpiote_is_init)
    our_service_init                         0x000210a9   Thumb Code   100  our_service.o(i.our_service_init)
    pstorage_access_status_get               0x00021235   Thumb Code    36  pstorage.o(i.pstorage_access_status_get)
    pstorage_block_identifier_get            0x00021261   Thumb Code   154  pstorage.o(i.pstorage_block_identifier_get)
    pstorage_clear                           0x00021305   Thumb Code   280  pstorage.o(i.pstorage_clear)
    pstorage_init                            0x0002144d   Thumb Code   110  pstorage.o(i.pstorage_init)
    pstorage_load                            0x000214dd   Thumb Code   236  pstorage.o(i.pstorage_load)
    pstorage_register                        0x000215d1   Thumb Code   256  pstorage.o(i.pstorage_register)
    pstorage_store                           0x000216e1   Thumb Code   212  pstorage.o(i.pstorage_store)
    pstorage_sys_event_handler               0x000217bd   Thumb Code    62  pstorage.o(i.pstorage_sys_event_handler)
    pstorage_update                          0x00021805   Thumb Code   212  pstorage.o(i.pstorage_update)
    sd_check_ram_start                       0x00021a19   Thumb Code    22  softdevice_handler.o(i.sd_check_ram_start)
    softdevice_ble_evt_handler_set           0x00021c5d   Thumb Code    20  softdevice_handler.o(i.softdevice_ble_evt_handler_set)
    softdevice_enable                        0x00021c75   Thumb Code    24  softdevice_handler.o(i.softdevice_enable)
    softdevice_enable_get_default_config     0x00021c91   Thumb Code    44  softdevice_handler.o(i.softdevice_enable_get_default_config)
    softdevice_fault_handler                 0x00021cbd   Thumb Code    20  softdevice_handler.o(i.softdevice_fault_handler)
    softdevice_handler_init                  0x00021cd1   Thumb Code    80  softdevice_handler.o(i.softdevice_handler_init)
    softdevice_sys_evt_handler_set           0x00021d35   Thumb Code    20  softdevice_handler.o(i.softdevice_sys_evt_handler_set)
    m_service_context_store                  0x00022b0c   Data          16  device_manager_peripheral.o(.constdata)
    m_service_context_load                   0x00022b1c   Data          16  device_manager_peripheral.o(.constdata)
    m_service_context_apply                  0x00022b2c   Data          16  device_manager_peripheral.o(.constdata)
    m_context_init_len                       0x00022b3c   Data           4  device_manager_peripheral.o(.constdata)
    Region$$Table$$Base                      0x00022c14   Number         0  anon$$obj.o(Region$$Table)
    Region$$Table$$Limit                     0x00022c34   Number         0  anon$$obj.o(Region$$Table)
    Image$$RW_IRAM1$$Base                    0x20002080   Number         0  anon$$obj.o ABSOLUTE
    SystemCoreClock                          0x20002184   Data           4  system_nrf52.o(.data)
    m_our_service                            0x20002188   Data          12  main.o(.bss)
    nrf_nvic_state                           0x20002894   Data          12  softdevice_handler.o(.bss)
    __initial_sp                             0x200048a0   Data           0  arm_startup_nrf52.o(STACK)



==============================================================================

Memory Map of the image

  Image Entry point : 0x0001c401

  Load Region LR_IROM1 (Base: 0x0001c000, Size: 0x00006d3c, Max: 0x00064000, ABSOLUTE)

    Execution Region ER_IROM1 (Base: 0x0001c000, Size: 0x00006c34, Max: 0x00064000, ABSOLUTE)

    Base Addr    Size         Type   Attr      Idx    E Section Name        Object

    0x0001c000   0x00000400   Data   RO         2992    RESET               arm_startup_nrf52.o
    0x0001c400   0x00000000   Code   RO         3077  * .ARM.Collect$$$$00000000  mc_w.l(entry.o)
    0x0001c400   0x00000004   Code   RO         3090    .ARM.Collect$$$$00000001  mc_w.l(entry2.o)
    0x0001c404   0x00000004   Code   RO         3093    .ARM.Collect$$$$00000004  mc_w.l(entry5.o)
    0x0001c408   0x00000000   Code   RO         3095    .ARM.Collect$$$$00000008  mc_w.l(entry7b.o)
    0x0001c408   0x00000000   Code   RO         3097    .ARM.Collect$$$$0000000A  mc_w.l(entry8b.o)
    0x0001c408   0x00000008   Code   RO         3098    .ARM.Collect$$$$0000000B  mc_w.l(entry9a.o)
    0x0001c410   0x00000000   Code   RO         3100    .ARM.Collect$$$$0000000D  mc_w.l(entry10a.o)
    0x0001c410   0x00000000   Code   RO         3102    .ARM.Collect$$$$0000000F  mc_w.l(entry11a.o)
    0x0001c410   0x00000004   Code   RO         3091    .ARM.Collect$$$$00002712  mc_w.l(entry2.o)
    0x0001c414   0x00000076   Code   RO         2380    .emb_text           app_timer.o
    0x0001c48a   0x00000002   PAD
    0x0001c48c   0x00000024   Code   RO         2993    .text               arm_startup_nrf52.o
    0x0001c4b0   0x00000024   Code   RO         3080    .text               mc_w.l(memcpya.o)
    0x0001c4d4   0x00000024   Code   RO         3082    .text               mc_w.l(memseta.o)
    0x0001c4f8   0x0000001a   Code   RO         3086    .text               mc_w.l(memcmp.o)
    0x0001c512   0x00000002   PAD
    0x0001c514   0x00000024   Code   RO         3104    .text               mc_w.l(init.o)
    0x0001c538   0x000001b8   Code   RO         1395    i.GPIOTE_IRQHandler  nrf_drv_gpiote.o
    0x0001c6f0   0x00000018   Code   RO         2381    i.NVIC_ClearPendingIRQ  app_timer.o
    0x0001c708   0x00000016   Code   RO         2382    i.NVIC_EnableIRQ    app_timer.o
    0x0001c71e   0x00000002   PAD
    0x0001c720   0x00000018   Code   RO         2383    i.NVIC_SetPendingIRQ  app_timer.o
    0x0001c738   0x00000028   Code   RO         2384    i.NVIC_SetPriority  app_timer.o
    0x0001c760   0x00000034   Code   RO         2385    i.RTC1_IRQHandler   app_timer.o
    0x0001c794   0x00000008   Code   RO         2386    i.SWI0_EGU0_IRQHandler  app_timer.o
    0x0001c79c   0x00000038   Code   RO         2882    i.SWI2_EGU2_IRQHandler  softdevice_handler.o
    0x0001c7d4   0x00000010   Code   RO         3000    i.SystemCoreClockUpdate  system_nrf52.o
    0x0001c7e4   0x0000024c   Code   RO         3001    i.SystemInit        system_nrf52.o
    0x0001ca30   0x00000018   Code   RO         1634    i.UARTE0_UART0_IRQHandler  nrf_drv_uart.o
    0x0001ca48   0x0000000e   Code   RO         3108    i.__scatterload_copy  mc_w.l(handlers.o)
    0x0001ca56   0x00000002   Code   RO         3109    i.__scatterload_null  mc_w.l(handlers.o)
    0x0001ca58   0x0000000e   Code   RO         3110    i.__scatterload_zeroinit  mc_w.l(handlers.o)
    0x0001ca66   0x000001c6   Code   RO          586    i.adv_data_encode   ble_advdata.o
    0x0001cc2c   0x00000012   Code   RO          587    i.advdata_check     ble_advdata.o
    0x0001cc3e   0x00000054   Code   RO          530    i.advertising_buttons_configure  bsp_btn_ble.o
    0x0001cc92   0x00000002   PAD
    0x0001cc94   0x00000084   Code   RO            4    i.advertising_init  main.o
    0x0001cd18   0x00000024   Code   RO          410    i.alert_timer_handler  bsp.o
    0x0001cd3c   0x0000002c   Code   RO         2255    i.app_button_enable  app_button.o
    0x0001cd68   0x000000a8   Code   RO         2256    i.app_button_init   app_button.o
    0x0001ce10   0x0000001a   Code   RO         2356    i.app_error_fault_handler  app_error_weak.o
    0x0001ce2a   0x00000020   Code   RO         2316    i.app_error_handler  app_error.o
    0x0001ce4a   0x00000002   PAD
    0x0001ce4c   0x00000088   Code   RO         2318    i.app_error_save_and_stop  app_error.o
    0x0001ced4   0x00000020   Code   RO          960    i.app_evt_notify    device_manager_peripheral.o
    0x0001cef4   0x00000030   Code   RO         1920    i.app_notify        pstorage.o
    0x0001cf24   0x00000028   Code   RO         1921    i.app_notify_error_state_transit  pstorage.o
    0x0001cf4c   0x0000003c   Code   RO         2389    i.app_timer_create  app_timer.o
    0x0001cf88   0x000000b8   Code   RO         2390    i.app_timer_init    app_timer.o
    0x0001d040   0x00000058   Code   RO         2391    i.app_timer_start   app_timer.o
    0x0001d098   0x00000034   Code   RO         2392    i.app_timer_stop    app_timer.o
    0x0001d0cc   0x00000052   Code   RO          588    i.appearance_encode  ble_advdata.o
    0x0001d11e   0x00000002   Code   RO            5    i.application_timers_start  main.o
    0x0001d120   0x00000094   Code   RO          589    i.ble_advdata_set   ble_advdata.o
    0x0001d1b4   0x0000017c   Code   RO          711    i.ble_advertising_init  ble_advertising.o
    0x0001d330   0x000000f8   Code   RO          712    i.ble_advertising_on_ble_evt  ble_advertising.o
    0x0001d428   0x0000004c   Code   RO          713    i.ble_advertising_on_sys_evt  ble_advertising.o
    0x0001d474   0x00000010   Code   RO          715    i.ble_advertising_peer_address_clear  ble_advertising.o
    0x0001d484   0x00000078   Code   RO          716    i.ble_advertising_restart_without_whitelist  ble_advertising.o
    0x0001d4fc   0x00000288   Code   RO          717    i.ble_advertising_start  ble_advertising.o
    0x0001d784   0x00000070   Code   RO          816    i.ble_conn_params_init  ble_conn_params.o
    0x0001d7f4   0x0000003e   Code   RO          817    i.ble_conn_params_on_ble_evt  ble_conn_params.o
    0x0001d832   0x00000074   Code   RO          590    i.ble_device_addr_encode  ble_advdata.o
    0x0001d8a6   0x00000024   Code   RO            7    i.ble_evt_dispatch  main.o
    0x0001d8ca   0x00000002   PAD
    0x0001d8cc   0x0000010c   Code   RO            8    i.ble_stack_init    main.o
    0x0001d9d8   0x00000050   Code   RO          961    i.bond_data_load    device_manager_peripheral.o
    0x0001da28   0x00000038   Code   RO          531    i.bsp_btn_ble_init  bsp_btn_ble.o
    0x0001da60   0x00000078   Code   RO          532    i.bsp_btn_ble_on_ble_evt  bsp_btn_ble.o
    0x0001dad8   0x0000001c   Code   RO          533    i.bsp_btn_ble_sleep_mode_prepare  bsp_btn_ble.o
    0x0001daf4   0x000000dc   Code   RO          411    i.bsp_button_event_handler  bsp.o
    0x0001dbd0   0x00000038   Code   RO          412    i.bsp_button_is_pressed  bsp.o
    0x0001dc08   0x0000007c   Code   RO            9    i.bsp_event_handler  main.o
    0x0001dc84   0x0000005c   Code   RO          416    i.bsp_event_to_button_action_assign  bsp.o
    0x0001dce0   0x00000020   Code   RO          417    i.bsp_indication_set  bsp.o
    0x0001dd00   0x000000d0   Code   RO          419    i.bsp_init          bsp.o
    0x0001ddd0   0x0000059c   Code   RO          420    i.bsp_led_indication  bsp.o
    0x0001e36c   0x00000050   Code   RO          421    i.bsp_wakeup_buttons_set  bsp.o
    0x0001e3bc   0x0000000e   Code   RO          422    i.button_timer_handler  bsp.o
    0x0001e3ca   0x00000002   PAD
    0x0001e3cc   0x00000074   Code   RO           10    i.buttons_leds_init  main.o
    0x0001e440   0x00000020   Code   RO         1396    i.channel_free      nrf_drv_gpiote.o
    0x0001e460   0x00000010   Code   RO         1397    i.channel_handler_get  nrf_drv_gpiote.o
    0x0001e470   0x00000080   Code   RO         1398    i.channel_port_alloc  nrf_drv_gpiote.o
    0x0001e4f0   0x0000000c   Code   RO         1399    i.channel_port_get  nrf_drv_gpiote.o
    0x0001e4fc   0x00000104   Code   RO         1922    i.clear_operation_execute  pstorage.o
    0x0001e600   0x00000028   Code   RO         1923    i.clear_post_processing_run  pstorage.o
    0x0001e628   0x00000048   Code   RO         1924    i.cmd_process       pstorage.o
    0x0001e670   0x00000014   Code   RO         1925    i.cmd_queue_dequeue  pstorage.o
    0x0001e684   0x00000050   Code   RO         1926    i.cmd_queue_element_init  pstorage.o
    0x0001e6d4   0x0000009c   Code   RO         1927    i.cmd_queue_enqueue  pstorage.o
    0x0001e770   0x00000020   Code   RO         1928    i.cmd_queue_init    pstorage.o
    0x0001e790   0x00000028   Code   RO         1929    i.command_end_procedure_run  pstorage.o
    0x0001e7b8   0x0000002c   Code   RO         1930    i.command_queue_element_consume  pstorage.o
    0x0001e7e4   0x00000090   Code   RO         2394    i.compare_reg_update  app_timer.o
    0x0001e874   0x0000005a   Code   RO          591    i.conn_int_check    ble_advdata.o
    0x0001e8ce   0x00000068   Code   RO          592    i.conn_int_encode   ble_advdata.o
    0x0001e936   0x00000002   PAD
    0x0001e938   0x00000024   Code   RO           11    i.conn_params_error_handler  main.o
    0x0001e95c   0x00000070   Code   RO           12    i.conn_params_init  main.o
    0x0001e9cc   0x00000084   Code   RO          819    i.conn_params_negotiation  ble_conn_params.o
    0x0001ea50   0x00000054   Code   RO          534    i.connection_buttons_configure  bsp_btn_ble.o
    0x0001eaa4   0x00000048   Code   RO          962    i.connection_instance_find  device_manager_peripheral.o
    0x0001eaec   0x00000040   Code   RO          963    i.connection_instance_init  device_manager_peripheral.o
    0x0001eb2c   0x0000007c   Code   RO         1931    i.data_page_erase_state_run  pstorage.o
    0x0001eba8   0x00000034   Code   RO         1932    i.data_to_swap_write_state_run  pstorage.o
    0x0001ebdc   0x0000008c   Code   RO         2258    i.detection_delay_timeout_handler  app_button.o
    0x0001ec68   0x000000e0   Code   RO          964    i.device_context_store  device_manager_peripheral.o
    0x0001ed48   0x00000088   Code   RO          965    i.device_instance_allocate  device_manager_peripheral.o
    0x0001edd0   0x00000058   Code   RO          966    i.device_instance_find  device_manager_peripheral.o
    0x0001ee28   0x0000002c   Code   RO          967    i.device_instance_free  device_manager_peripheral.o
    0x0001ee54   0x00000038   Code   RO           13    i.device_manager_evt_handler  main.o
    0x0001ee8c   0x000000d4   Code   RO           14    i.device_manager_init  main.o
    0x0001ef60   0x000006b8   Code   RO          972    i.dm_ble_evt_handler  device_manager_peripheral.o
    0x0001f618   0x00000018   Code   RO          978    i.dm_handle_initialize  device_manager_peripheral.o
    0x0001f630   0x00000108   Code   RO          979    i.dm_init           device_manager_peripheral.o
    0x0001f738   0x0000025c   Code   RO          982    i.dm_pstorage_cb_handler  device_manager_peripheral.o
    0x0001f994   0x000000b0   Code   RO          983    i.dm_register       device_manager_peripheral.o
    0x0001fa44   0x00000064   Code   RO         2395    i.elapsed_ticks_acquire  app_timer.o
    0x0001faa8   0x00000040   Code   RO         1933    i.erase_sub_state_sm_run  pstorage.o
    0x0001fae8   0x00000054   Code   RO         3002    i.errata_108        system_nrf52.o
    0x0001fb3c   0x00000030   Code   RO         3003    i.errata_16         system_nrf52.o
    0x0001fb6c   0x00000054   Code   RO         3004    i.errata_31         system_nrf52.o
    0x0001fbc0   0x00000030   Code   RO         3005    i.errata_32         system_nrf52.o
    0x0001fbf0   0x00000054   Code   RO         3006    i.errata_36         system_nrf52.o
    0x0001fc44   0x00000030   Code   RO         3007    i.errata_37         system_nrf52.o
    0x0001fc74   0x00000030   Code   RO         3008    i.errata_57         system_nrf52.o
    0x0001fca4   0x00000030   Code   RO         3009    i.errata_66         system_nrf52.o
    0x0001fcd4   0x00000058   Code   RO         2396    i.expired_timers_handler  app_timer.o
    0x0001fd2c   0x00000036   Code   RO          593    i.flags_encode      ble_advdata.o
    0x0001fd62   0x00000036   Code   RO          719    i.flash_access_in_progress  ble_advertising.o
    0x0001fd98   0x0000002c   Code   RO         1934    i.flash_api_err_code_process  pstorage.o
    0x0001fdc4   0x00000044   Code   RO         1935    i.flash_operation_failure_run  pstorage.o
    0x0001fe08   0x00000030   Code   RO         1936    i.flash_operation_success_run  pstorage.o
    0x0001fe38   0x00000010   Code   RO         1937    i.flash_page_erase  pstorage.o
    0x0001fe48   0x0000001c   Code   RO         1938    i.flash_write       pstorage.o
    0x0001fe64   0x00000018   Code   RO         2686    i.fs_queued_op_count_get  fstorage.o
    0x0001fe7c   0x00000094   Code   RO           15    i.gap_params_init   main.o
    0x0001ff10   0x00000006   Code   RO          990    i.gattc_context_apply  device_manager_peripheral.o
    0x0001ff16   0x00000006   Code   RO          991    i.gattc_context_load  device_manager_peripheral.o
    0x0001ff1c   0x00000006   Code   RO          992    i.gattc_context_store  device_manager_peripheral.o
    0x0001ff22   0x00000002   PAD
    0x0001ff24   0x000000f8   Code   RO          993    i.gatts_context_apply  device_manager_peripheral.o
    0x0002001c   0x0000004c   Code   RO          994    i.gatts_context_load  device_manager_peripheral.o
    0x00020068   0x000000f0   Code   RO          995    i.gatts_context_store  device_manager_peripheral.o
    0x00020158   0x00000018   Code   RO          996    i.gattsc_context_apply  device_manager_peripheral.o
    0x00020170   0x0000001c   Code   RO          997    i.gattsc_context_load  device_manager_peripheral.o
    0x0002018c   0x0000001c   Code   RO          998    i.gattsc_context_store  device_manager_peripheral.o
    0x000201a8   0x00000080   Code   RO         2259    i.gpiote_event_handler  app_button.o
    0x00020228   0x00000068   Code   RO         1939    i.head_restore_state_run  pstorage.o
    0x00020290   0x000000b0   Code   RO         2883    i.intern_softdevice_events_execute  softdevice_handler.o
    0x00020340   0x00000024   Code   RO          820    i.is_conn_params_ok  ble_conn_params.o
    0x00020364   0x00000058   Code   RO         1940    i.is_page_erase_required  pstorage.o
    0x000203bc   0x00000050   Code   RO         1941    i.is_tail_data_page_swap_required  pstorage.o
    0x0002040c   0x00000010   Code   RO         1942    i.is_word_aligned   pstorage.o
    0x0002041c   0x0000006a   Code   RO          594    i.le_role_encode    ble_advdata.o
    0x00020486   0x00000002   PAD
    0x00020488   0x00000020   Code   RO          423    i.leds_timer_handler  bsp.o
    0x000204a8   0x00000098   Code   RO         2397    i.list_deletions_handler  app_timer.o
    0x00020540   0x0000010c   Code   RO         2398    i.list_insertions_handler  app_timer.o
    0x0002064c   0x00000064   Code   RO           16    i.main              main.o
    0x000206b0   0x00000020   Code   RO         1943    i.main_state_err_busy_process  pstorage.o
    0x000206d0   0x00000076   Code   RO          595    i.manuf_specific_data_encode  ble_advdata.o
    0x00020746   0x000000c2   Code   RO          596    i.name_encode       ble_advdata.o
    0x00020808   0x00000006   Code   RO          999    i.no_service_context_apply  device_manager_peripheral.o
    0x0002080e   0x00000006   Code   RO         1000    i.no_service_context_load  device_manager_peripheral.o
    0x00020814   0x00000006   Code   RO         1001    i.no_service_context_store  device_manager_peripheral.o
    0x0002081a   0x00000002   PAD
    0x0002081c   0x00000060   Code   RO         1357    i.nrf_drv_common_irq_enable  nrf_drv_common.o
    0x0002087c   0x000000b8   Code   RO         1402    i.nrf_drv_gpiote_in_event_enable  nrf_drv_gpiote.o
    0x00020934   0x000000d8   Code   RO         1403    i.nrf_drv_gpiote_in_init  nrf_drv_gpiote.o
    0x00020a0c   0x0000001c   Code   RO         1404    i.nrf_drv_gpiote_in_is_set  nrf_drv_gpiote.o
    0x00020a28   0x00000054   Code   RO         1406    i.nrf_drv_gpiote_init  nrf_drv_gpiote.o
    0x00020a7c   0x00000014   Code   RO         1407    i.nrf_drv_gpiote_is_init  nrf_drv_gpiote.o
    0x00020a90   0x00000024   Code   RO         1419    i.nrf_gpio_cfg      nrf_drv_gpiote.o
    0x00020ab4   0x00000024   Code   RO         1421    i.nrf_gpio_cfg_sense_set  nrf_drv_gpiote.o
    0x00020ad8   0x0000000c   Code   RO         1424    i.nrf_gpiote_event_addr_get  nrf_drv_gpiote.o
    0x00020ae4   0x0000001c   Code   RO         1425    i.nrf_gpiote_event_clear  nrf_drv_gpiote.o
    0x00020b00   0x00000016   Code   RO         1426    i.nrf_gpiote_event_is_set  nrf_drv_gpiote.o
    0x00020b16   0x00000002   PAD
    0x00020b18   0x0000000c   Code   RO         1427    i.nrf_gpiote_int_enable  nrf_drv_gpiote.o
    0x00020b24   0x0000000c   Code   RO         1655    i.nrf_uart_errorsrc_get_and_clear  nrf_drv_uart.o
    0x00020b30   0x0000000e   Code   RO         1656    i.nrf_uart_event_check  nrf_drv_uart.o
    0x00020b3e   0x00000006   Code   RO         1657    i.nrf_uart_event_clear  nrf_drv_uart.o
    0x00020b44   0x00000006   Code   RO         1659    i.nrf_uart_int_disable  nrf_drv_uart.o
    0x00020b4a   0x00000012   Code   RO         1661    i.nrf_uart_int_enable_check  nrf_drv_uart.o
    0x00020b5c   0x00000006   Code   RO         1662    i.nrf_uart_task_trigger  nrf_drv_uart.o
    0x00020b62   0x0000000c   Code   RO         1664    i.nrf_uarte_errorsrc_get_and_clear  nrf_drv_uart.o
    0x00020b6e   0x0000000e   Code   RO         1665    i.nrf_uarte_event_check  nrf_drv_uart.o
    0x00020b7c   0x00000006   Code   RO         1666    i.nrf_uarte_event_clear  nrf_drv_uart.o
    0x00020b82   0x0000000a   Code   RO         1670    i.nrf_uarte_rx_amount_get  nrf_drv_uart.o
    0x00020b8c   0x00000048   Code   RO           17    i.on_adv_evt        main.o
    0x00020bd4   0x00000068   Code   RO           18    i.on_ble_evt        main.o
    0x00020c3c   0x00000040   Code   RO           19    i.on_conn_params_evt  main.o
    0x00020c7c   0x00000018   Code   RO          821    i.on_conn_params_update  ble_conn_params.o
    0x00020c94   0x00000038   Code   RO          822    i.on_connect        ble_conn_params.o
    0x00020ccc   0x00000040   Code   RO          823    i.on_disconnect     ble_conn_params.o
    0x00020d0c   0x00000058   Code   RO          824    i.on_write          ble_conn_params.o
    0x00020d64   0x00000344   Code   RO          332    i.our_char_add      our_service.o
    0x000210a8   0x00000080   Code   RO          333    i.our_service_init  our_service.o
    0x00021128   0x00000018   Code   RO          720    i.peer_address_exists  ble_advertising.o
    0x00021140   0x00000064   Code   RO         1002    i.peer_instance_init  device_manager_peripheral.o
    0x000211a4   0x0000001c   Code   RO         1429    i.pin_in_use_by_gpiote  nrf_drv_gpiote.o
    0x000211c0   0x00000018   Code   RO         1430    i.pin_in_use_by_port  nrf_drv_gpiote.o
    0x000211d8   0x00000020   Code   RO         1431    i.pin_in_use_by_te  nrf_drv_gpiote.o
    0x000211f8   0x0000000c   Code   RO         1432    i.pin_in_use_clear  nrf_drv_gpiote.o
    0x00021204   0x00000030   Code   RO           20    i.power_manage      main.o
    0x00021234   0x0000002c   Code   RO         1944    i.pstorage_access_status_get  pstorage.o
    0x00021260   0x000000a4   Code   RO         1945    i.pstorage_block_identifier_get  pstorage.o
    0x00021304   0x00000120   Code   RO         1946    i.pstorage_clear    pstorage.o
    0x00021424   0x0000001e   Code   RO         1947    i.pstorage_flash_page_end  pstorage.o
    0x00021442   0x0000000a   Code   RO         1948    i.pstorage_flash_page_size  pstorage.o
    0x0002144c   0x00000090   Code   RO         1949    i.pstorage_init     pstorage.o
    0x000214dc   0x000000f4   Code   RO         1950    i.pstorage_load     pstorage.o
    0x000215d0   0x00000110   Code   RO         1951    i.pstorage_register  pstorage.o
    0x000216e0   0x000000dc   Code   RO         1952    i.pstorage_store    pstorage.o
    0x000217bc   0x00000048   Code   RO         1953    i.pstorage_sys_event_handler  pstorage.o
    0x00021804   0x000000dc   Code   RO         1954    i.pstorage_update   pstorage.o
    0x000218e0   0x0000000c   Code   RO         2399    i.rtc1_compare0_set  app_timer.o
    0x000218ec   0x0000000c   Code   RO         2400    i.rtc1_counter_get  app_timer.o
    0x000218f8   0x00000018   Code   RO         2401    i.rtc1_init         app_timer.o
    0x00021910   0x0000003c   Code   RO         2402    i.rtc1_start        app_timer.o
    0x0002194c   0x00000058   Code   RO         2403    i.rtc1_stop         app_timer.o
    0x000219a4   0x00000050   Code   RO         1674    i.rx_byte           nrf_drv_uart.o
    0x000219f4   0x00000024   Code   RO         1675    i.rx_done_event     nrf_drv_uart.o
    0x00021a18   0x0000001c   Code   RO         2884    i.sd_check_ram_start  softdevice_handler.o
    0x00021a34   0x000000d0   Code   RO         2885    i.sd_nvic_EnableIRQ  softdevice_handler.o
    0x00021b04   0x00000036   Code   RO          597    i.sec_mgr_oob_flags_encode  ble_advdata.o
    0x00021b3a   0x00000096   Code   RO          598    i.service_data_encode  ble_advdata.o
    0x00021bd0   0x00000010   Code   RO           21    i.services_init     main.o
    0x00021be0   0x00000068   Code   RO           22    i.sleep_mode_enter  main.o
    0x00021c48   0x00000014   Code   RO         1955    i.sm_state_change   pstorage.o
    0x00021c5c   0x00000018   Code   RO         2886    i.softdevice_ble_evt_handler_set  softdevice_handler.o
    0x00021c74   0x0000001c   Code   RO         2887    i.softdevice_enable  softdevice_handler.o
    0x00021c90   0x0000002c   Code   RO         2888    i.softdevice_enable_get_default_config  softdevice_handler.o
    0x00021cbc   0x00000014   Code   RO         2889    i.softdevice_fault_handler  softdevice_handler.o
    0x00021cd0   0x00000064   Code   RO         2890    i.softdevice_handler_init  softdevice_handler.o
    0x00021d34   0x00000018   Code   RO         2893    i.softdevice_sys_evt_handler_set  softdevice_handler.o
    0x00021d4c   0x0000000e   Code   RO          599    i.srdata_check      ble_advdata.o
    0x00021d5a   0x0000004c   Code   RO          535    i.startup_event_extract  bsp_btn_ble.o
    0x00021da6   0x00000002   PAD
    0x00021da8   0x00000010   Code   RO         1956    i.state_data_erase_entry_run  pstorage.o
    0x00021db8   0x0000008c   Code   RO         1957    i.state_data_erase_swap_entry_run  pstorage.o
    0x00021e44   0x00000038   Code   RO         1958    i.state_entry_action_run  pstorage.o
    0x00021e7c   0x00000010   Code   RO         1959    i.state_erase_data_page_entry_run  pstorage.o
    0x00021e8c   0x0000001c   Code   RO         1960    i.state_idle_entry_run  pstorage.o
    0x00021ea8   0x00000034   Code   RO         1961    i.state_restore_head_entry_run  pstorage.o
    0x00021edc   0x00000058   Code   RO         1962    i.state_restore_tail_entry_run  pstorage.o
    0x00021f34   0x00000008   Code   RO         1963    i.state_store_entry_run  pstorage.o
    0x00021f3c   0x0000001e   Code   RO         1964    i.state_swap_erase_entry_run  pstorage.o
    0x00021f5a   0x00000002   PAD
    0x00021f5c   0x00000038   Code   RO         1965    i.state_write_data_swap_entry_run  pstorage.o
    0x00021f94   0x00000008   Code   RO         1003    i.storage_operation_dummy_handler  device_manager_peripheral.o
    0x00021f9c   0x00000068   Code   RO         1966    i.store_cmd_flash_write_execute  pstorage.o
    0x00022004   0x0000000a   Code   RO         1967    i.store_operation_execute  pstorage.o
    0x0002200e   0x00000002   PAD
    0x00022010   0x00000048   Code   RO         1968    i.store_sub_state_sm_run  pstorage.o
    0x00022058   0x00000020   Code   RO         1969    i.swap_erase_state_run  pstorage.o
    0x00022078   0x00000008   Code   RO         1970    i.swap_sub_sm_exit_action_run  pstorage.o
    0x00022080   0x00000018   Code   RO         1971    i.swap_sub_state_entry_action_run  pstorage.o
    0x00022098   0x00000020   Code   RO         1972    i.swap_sub_state_err_busy_process  pstorage.o
    0x000220b8   0x00000018   Code   RO         1973    i.swap_sub_state_sm_run  pstorage.o
    0x000220d0   0x00000014   Code   RO         1974    i.swap_sub_state_state_change  pstorage.o
    0x000220e4   0x00000012   Code   RO           23    i.sys_evt_dispatch  main.o
    0x000220f6   0x00000002   PAD
    0x000220f8   0x0000001c   Code   RO         1975    i.tail_restore_state_run  pstorage.o
    0x00022114   0x0000004c   Code   RO         1976    i.tail_word_size_calculate  pstorage.o
    0x00022160   0x0000000a   Code   RO         2404    i.ticks_diff_get    app_timer.o
    0x0002216a   0x00000002   PAD
    0x0002216c   0x00000078   Code   RO         2405    i.timeout_handler_exec  app_timer.o
    0x000221e4   0x00000054   Code   RO         2406    i.timer_list_handler  app_timer.o
    0x00022238   0x0000000a   Code   RO         2407    i.timer_list_handler_sched  app_timer.o
    0x00022242   0x00000002   PAD
    0x00022244   0x00000068   Code   RO         2408    i.timer_list_insert  app_timer.o
    0x000222ac   0x0000006c   Code   RO         2409    i.timer_list_remove  app_timer.o
    0x00022318   0x0000005c   Code   RO         2410    i.timer_start_op_schedule  app_timer.o
    0x00022374   0x00000040   Code   RO         2412    i.timer_stop_op_schedule  app_timer.o
    0x000223b4   0x00000098   Code   RO         2413    i.timer_timeouts_check  app_timer.o
    0x0002244c   0x0000000a   Code   RO         2414    i.timer_timeouts_check_sched  app_timer.o
    0x00022456   0x00000002   PAD
    0x00022458   0x00000040   Code   RO           24    i.timers_init       main.o
    0x00022498   0x00000046   Code   RO          600    i.tk_value_encode   ble_advdata.o
    0x000224de   0x00000002   PAD
    0x000224e0   0x00000038   Code   RO         1677    i.tx_byte           nrf_drv_uart.o
    0x00022518   0x0000002c   Code   RO         1678    i.tx_done_event     nrf_drv_uart.o
    0x00022544   0x00000036   Code   RO          601    i.tx_power_level_encode  ble_advdata.o
    0x0002257a   0x00000002   PAD
    0x0002257c   0x00000160   Code   RO         1679    i.uart_irq_handler  nrf_drv_uart.o
    0x000226dc   0x0000012c   Code   RO         1680    i.uarte_irq_handler  nrf_drv_uart.o
    0x00022808   0x0000000c   Code   RO          602    i.uint16_encode     ble_advdata.o
    0x00022814   0x00000008   Code   RO         1977    i.update_operation_execute  pstorage.o
    0x0002281c   0x00000014   Code   RO         1004    i.update_status_bit_reset  device_manager_peripheral.o
    0x00022830   0x00000090   Code   RO          825    i.update_timeout_handler  ble_conn_params.o
    0x000228c0   0x00000058   Code   RO         2415    i.user_id_get       app_timer.o
    0x00022918   0x00000030   Code   RO         2416    i.user_op_alloc     app_timer.o
    0x00022948   0x00000004   Code   RO         2417    i.user_op_enque     app_timer.o
    0x0002294c   0x0000004e   Code   RO          603    i.uuid_list_encode  ble_advdata.o
    0x0002299a   0x000000dc   Code   RO          604    i.uuid_list_sized_encode  ble_advdata.o
    0x00022a76   0x00000012   Code   RO          721    i.whitelist_has_entries  ble_advertising.o
    0x00022a88   0x00000004   Data   RO           26    .constdata          main.o
    0x00022a8c   0x00000040   Data   RO          335    .constdata          our_service.o
    0x00022acc   0x0000003c   Data   RO          425    .constdata          bsp.o
    0x00022b08   0x00000004   Data   RO          827    .constdata          ble_conn_params.o
    0x00022b0c   0x00000034   Data   RO         1006    .constdata          device_manager_peripheral.o
    0x00022b40   0x00000028   Data   RO         1979    .constdata          pstorage.o
    0x00022b68   0x00000008   Data   RO         2261    .constdata          app_button.o
    0x00022b70   0x0000004c   Data   RO         1007    .conststring        device_manager_peripheral.o
    0x00022bbc   0x00000057   Data   RO         2895    .conststring        softdevice_handler.o
    0x00022c13   0x00000001   PAD
    0x00022c14   0x00000020   Data   RO         3106    Region$$Table       anon$$obj.o


    Execution Region RW_IRAM1 (Base: 0x20002080, Size: 0x00002820, Max: 0x0000df80, ABSOLUTE)

    Base Addr    Size         Type   Attr      Idx    E Section Name        Object

    0x20002080   0x0000001c   Data   RW           27    .data               main.o
    0x2000209c   0x00000019   Data   RW          426    .data               bsp.o
    0x200020b5   0x00000003   PAD
    0x200020b8   0x00000008   Data   RW          536    .data               bsp_btn_ble.o
    0x200020c0   0x00000020   Data   RW          723    .data               ble_advertising.o
    0x200020e0   0x00000015   Data   RW          828    .data               ble_conn_params.o
    0x200020f5   0x00000003   PAD
    0x200020f8   0x00000014   Data   RW         1008    .data               device_manager_peripheral.o
    0x2000210c   0x00000028   Data   RW         1980    .data               pstorage.o
    0x20002134   0x00000014   Data   RW         2262    .data               app_button.o
    0x20002148   0x00000022   Data   RW         2418    .data               app_timer.o
    0x2000216a   0x00000002   PAD
    0x2000216c   0x00000018   Data   RW         2896    .data               softdevice_handler.o
    0x20002184   0x00000004   Data   RW         3010    .data               system_nrf52.o
    0x20002188   0x0000021c   Zero   RW           25    .bss                main.o
    0x200023a4   0x0000006c   Zero   RW          424    .bss                bsp.o
    0x20002410   0x00000103   Zero   RW          722    .bss                ble_advertising.o
    0x20002513   0x00000001   PAD
    0x20002514   0x0000003c   Zero   RW          826    .bss                ble_conn_params.o
    0x20002550   0x0000014f   Zero   RW         1005    .bss                device_manager_peripheral.o
    0x2000269f   0x00000001   PAD
    0x200026a0   0x00000058   Zero   RW         1433    .bss                nrf_drv_gpiote.o
    0x200026f8   0x00000020   Zero   RW         1681    .bss                nrf_drv_uart.o
    0x20002718   0x000000e4   Zero   RW         1978    .bss                pstorage.o
    0x200027fc   0x00000020   Zero   RW         2260    .bss                app_button.o
    0x2000281c   0x00000020   Zero   RW         2319    .bss                app_error.o
    0x2000283c   0x00000058   Zero   RW         2697    .bss                fstorage.o
    0x20002894   0x0000000c   Zero   RW         2894    .bss                softdevice_handler.o
    0x200028a0   0x00002000   Zero   RW         2990    STACK               arm_startup_nrf52.o


==============================================================================

Image component sizes


      Code (inc. data)   RO Data    RW Data    ZI Data      Debug   Object Name

       480         80          8         20         32      10066   app_button.o
       168          4          0          0         32       4146   app_error.o
        26          0          0          0          0        794   app_error_weak.o
      2514        336          0         34          0      62231   app_timer.o
        36          8       1024          0       8192        932   arm_startup_nrf52.o
      2136          0          0          0          0      25064   ble_advdata.o
      1584        162          0         32        259      18593   ble_advertising.o
       718        122          4         21         60      19488   ble_conn_params.o
      2206        182         60         25        108      19557   bsp.o
       448         18          0          8          0       6633   bsp_btn_ble.o
      4336        262        128         20        335      34241   device_manager_peripheral.o
        24          6          0          0         88       3436   fstorage.o
      1832        348          4         28        540     110703   main.o
        96         12          0          0          0      28983   nrf_drv_common.o
      1402        130          0          0         88      27256   nrf_drv_gpiote.o
       996         66          0          0         32      24442   nrf_drv_uart.o
       964         96         64          0          0      41667   our_service.o
      4252        430         40         40        228      50046   pstorage.o
       708         90         87         24         12      44713   softdevice_handler.o
      1096        112          0          4          0      33346   system_nrf52.o

    ----------------------------------------------------------------------
     26062       2464       1452        264      10008     566337   Object Totals
         0          0         32          0          0          0   (incl. Generated)
        40          0          1          8          2          0   (incl. Padding)

    ----------------------------------------------------------------------

      Code (inc. data)   RO Data    RW Data    ZI Data      Debug   Library Member Name

         0          0          0          0          0          0   entry.o
         0          0          0          0          0          0   entry10a.o
         0          0          0          0          0          0   entry11a.o
         8          4          0          0          0          0   entry2.o
         4          0          0          0          0          0   entry5.o
         0          0          0          0          0          0   entry7b.o
         0          0          0          0          0          0   entry8b.o
         8          4          0          0          0          0   entry9a.o
        30          0          0          0          0          0   handlers.o
        36          8          0          0          0         68   init.o
        26          0          0          0          0         80   memcmp.o
        36          0          0          0          0         68   memcpya.o
        36          0          0          0          0        108   memseta.o

    ----------------------------------------------------------------------
       186         16          0          0          0        324   Library Totals
         2          0          0          0          0          0   (incl. Padding)

    ----------------------------------------------------------------------

      Code (inc. data)   RO Data    RW Data    ZI Data      Debug   Library Name

       184         16          0          0          0        324   mc_w.l

    ----------------------------------------------------------------------
       186         16          0          0          0        324   Library Totals

    ----------------------------------------------------------------------

==============================================================================


      Code (inc. data)   RO Data    RW Data    ZI Data      Debug   

     26248       2480       1452        264      10008     541161   Grand Totals
     26248       2480       1452        264      10008     541161   ELF Image Totals
     26248       2480       1452        264          0          0   ROM Totals

==============================================================================

    Total RO  Size (Code + RO Data)                27700 (  27.05kB)
    Total RW  Size (RW Data + ZI Data)             10272 (  10.03kB)
    Total ROM Size (Code + RO Data + RW Data)      27964 (  27.31kB)

==============================================================================

