Component: ARM Compiler 5.06 update 4 (build 422) Tool: armlink [4d35d2]

==============================================================================

Section Cross References

    main.o(i.advertising_init) refers to memseta.o(.text) for __aeabi_memclr4
    main.o(i.advertising_init) refers to ble_advertising.o(i.ble_advertising_init) for ble_advertising_init
    main.o(i.advertising_init) refers to app_error.o(i.app_error_handler) for app_error_handler
    main.o(i.advertising_init) refers to main.o(.data) for m_beacon_info
    main.o(i.advertising_init) refers to main.o(i.on_adv_evt) for on_adv_evt
    main.o(i.assert_nrf_callback) refers to app_error.o(i.app_error_handler) for app_error_handler
    main.o(i.ble_evt_dispatch) refers to device_manager_peripheral.o(i.dm_ble_evt_handler) for dm_ble_evt_handler
    main.o(i.ble_evt_dispatch) refers to ble_conn_params.o(i.ble_conn_params_on_ble_evt) for ble_conn_params_on_ble_evt
    main.o(i.ble_evt_dispatch) refers to bsp_btn_ble.o(i.bsp_btn_ble_on_ble_evt) for bsp_btn_ble_on_ble_evt
    main.o(i.ble_evt_dispatch) refers to main.o(i.on_ble_evt) for on_ble_evt
    main.o(i.ble_evt_dispatch) refers to ble_advertising.o(i.ble_advertising_on_ble_evt) for ble_advertising_on_ble_evt
    main.o(i.ble_stack_init) refers to softdevice_handler.o(i.softdevice_handler_init) for softdevice_handler_init
    main.o(i.ble_stack_init) refers to app_error.o(i.app_error_handler) for app_error_handler
    main.o(i.ble_stack_init) refers to softdevice_handler.o(i.softdevice_enable_get_default_config) for softdevice_enable_get_default_config
    main.o(i.ble_stack_init) refers to softdevice_handler.o(i.sd_check_ram_start) for sd_check_ram_start
    main.o(i.ble_stack_init) refers to softdevice_handler.o(i.softdevice_enable) for softdevice_enable
    main.o(i.ble_stack_init) refers to softdevice_handler.o(i.softdevice_ble_evt_handler_set) for softdevice_ble_evt_handler_set
    main.o(i.ble_stack_init) refers to softdevice_handler.o(i.softdevice_sys_evt_handler_set) for softdevice_sys_evt_handler_set
    main.o(i.ble_stack_init) refers to main.o(.constdata) for .constdata
    main.o(i.ble_stack_init) refers to main.o(.bss) for BLE_EVT_BUFFER
    main.o(i.ble_stack_init) refers to main.o(i.ble_evt_dispatch) for ble_evt_dispatch
    main.o(i.ble_stack_init) refers to main.o(i.sys_evt_dispatch) for sys_evt_dispatch
    main.o(i.bsp_event_handler) refers to main.o(i.sleep_mode_enter) for sleep_mode_enter
    main.o(i.bsp_event_handler) refers to app_error.o(i.app_error_handler) for app_error_handler
    main.o(i.bsp_event_handler) refers to ble_advertising.o(i.ble_advertising_restart_without_whitelist) for ble_advertising_restart_without_whitelist
    main.o(i.bsp_event_handler) refers to main.o(.data) for m_conn_handle
    main.o(i.buttons_leds_init) refers to bsp.o(i.bsp_init) for bsp_init
    main.o(i.buttons_leds_init) refers to app_error.o(i.app_error_handler) for app_error_handler
    main.o(i.buttons_leds_init) refers to bsp_btn_ble.o(i.bsp_btn_ble_init) for bsp_btn_ble_init
    main.o(i.buttons_leds_init) refers to main.o(i.bsp_event_handler) for bsp_event_handler
    main.o(i.conn_params_error_handler) refers to app_error.o(i.app_error_handler) for app_error_handler
    main.o(i.conn_params_init) refers to memseta.o(.text) for __aeabi_memclr4
    main.o(i.conn_params_init) refers to ble_conn_params.o(i.ble_conn_params_init) for ble_conn_params_init
    main.o(i.conn_params_init) refers to app_error.o(i.app_error_handler) for app_error_handler
    main.o(i.conn_params_init) refers to main.o(i.on_conn_params_evt) for on_conn_params_evt
    main.o(i.conn_params_init) refers to main.o(i.conn_params_error_handler) for conn_params_error_handler
    main.o(i.device_manager_evt_handler) refers to app_error.o(i.app_error_handler) for app_error_handler
    main.o(i.device_manager_init) refers to pstorage.o(i.pstorage_init) for pstorage_init
    main.o(i.device_manager_init) refers to app_error.o(i.app_error_handler) for app_error_handler
    main.o(i.device_manager_init) refers to device_manager_peripheral.o(i.dm_init) for dm_init
    main.o(i.device_manager_init) refers to device_manager_peripheral.o(i.dm_register) for dm_register
    main.o(i.device_manager_init) refers to main.o(i.device_manager_evt_handler) for device_manager_evt_handler
    main.o(i.device_manager_init) refers to main.o(.data) for m_app_handle
    main.o(i.gap_params_init) refers to app_error.o(i.app_error_handler) for app_error_handler
    main.o(i.main) refers to main.o(i.timers_init) for timers_init
    main.o(i.main) refers to main.o(i.buttons_leds_init) for buttons_leds_init
    main.o(i.main) refers to main.o(i.ble_stack_init) for ble_stack_init
    main.o(i.main) refers to main.o(i.device_manager_init) for device_manager_init
    main.o(i.main) refers to main.o(i.gap_params_init) for gap_params_init
    main.o(i.main) refers to main.o(i.services_init) for services_init
[...]
    i.manuf_specific_data_encode             0x000208f4   Section        0  ble_advdata.o(i.manuf_specific_data_encode)
    manuf_specific_data_encode               0x000208f5   Thumb Code   118  ble_advdata.o(i.manuf_specific_data_encode)
    i.name_encode                            0x0002096a   Section        0  ble_advdata.o(i.name_encode)
    name_encode                              0x0002096b   Thumb Code   194  ble_advdata.o(i.name_encode)
    i.no_service_context_apply               0x00020a2c   Section        0  device_manager_peripheral.o(i.no_service_context_apply)
    no_service_context_apply                 0x00020a2d   Thumb Code     6  device_manager_peripheral.o(i.no_service_context_apply)
    i.no_service_context_load                0x00020a32   Section        0  device_manager_peripheral.o(i.no_service_context_load)
    no_service_context_load                  0x00020a33   Thumb Code     6  device_manager_peripheral.o(i.no_service_context_load)
    i.no_service_context_store               0x00020a38   Section        0  device_manager_peripheral.o(i.no_service_context_store)
    no_service_context_store                 0x00020a39   Thumb Code     6  device_manager_peripheral.o(i.no_service_context_store)
    i.nrf_drv_common_irq_enable              0x00020a40   Section        0  nrf_drv_common.o(i.nrf_drv_common_irq_enable)
    i.nrf_drv_gpiote_in_event_enable         0x00020aa0   Section        0  nrf_drv_gpiote.o(i.nrf_drv_gpiote_in_event_enable)
    i.nrf_drv_gpiote_in_init                 0x00020b58   Section        0  nrf_drv_gpiote.o(i.nrf_drv_gpiote_in_init)
    i.nrf_drv_gpiote_in_is_set               0x00020c30   Section        0  nrf_drv_gpiote.o(i.nrf_drv_gpiote_in_is_set)
    i.nrf_drv_gpiote_init                    0x00020c4c   Section        0  nrf_drv_gpiote.o(i.nrf_drv_gpiote_init)
    i.nrf_drv_gpiote_is_init                 0x00020ca0   Section        0  nrf_drv_gpiote.o(i.nrf_drv_gpiote_is_init)
    i.nrf_gpio_cfg                           0x00020cb4   Section        0  nrf_drv_gpiote.o(i.nrf_gpio_cfg)
    nrf_gpio_cfg                             0x00020cb5   Thumb Code    30  nrf_drv_gpiote.o(i.nrf_gpio_cfg)
    i.nrf_gpio_cfg_sense_set                 0x00020cd8   Section        0  nrf_drv_gpiote.o(i.nrf_gpio_cfg_sense_set)
    nrf_gpio_cfg_sense_set                   0x00020cd9   Thumb Code    32  nrf_drv_gpiote.o(i.nrf_gpio_cfg_sense_set)
    i.nrf_gpiote_event_addr_get              0x00020cfc   Section        0  nrf_drv_gpiote.o(i.nrf_gpiote_event_addr_get)
    nrf_gpiote_event_addr_get                0x00020cfd   Thumb Code     8  nrf_drv_gpiote.o(i.nrf_gpiote_event_addr_get)
    i.nrf_gpiote_event_clear                 0x00020d08   Section        0  nrf_drv_gpiote.o(i.nrf_gpiote_event_clear)
    nrf_gpiote_event_clear                   0x00020d09   Thumb Code    28  nrf_drv_gpiote.o(i.nrf_gpiote_event_clear)
    i.nrf_gpiote_event_is_set                0x00020d24   Section        0  nrf_drv_gpiote.o(i.nrf_gpiote_event_is_set)
    nrf_gpiote_event_is_set                  0x00020d25   Thumb Code    22  nrf_drv_gpiote.o(i.nrf_gpiote_event_is_set)
    i.nrf_gpiote_int_enable                  0x00020d3c   Section        0  nrf_drv_gpiote.o(i.nrf_gpiote_int_enable)
    nrf_gpiote_int_enable                    0x00020d3d   Thumb Code     6  nrf_drv_gpiote.o(i.nrf_gpiote_int_enable)
    i.nrf_uart_errorsrc_get_and_clear        0x00020d48   Section        0  nrf_drv_uart.o(i.nrf_uart_errorsrc_get_and_clear)
    nrf_uart_errorsrc_get_and_clear          0x00020d49   Thumb Code    12  nrf_drv_uart.o(i.nrf_uart_errorsrc_get_and_clear)
    i.nrf_uart_event_check                   0x00020d54   Section        0  nrf_drv_uart.o(i.nrf_uart_event_check)
    nrf_uart_event_check                     0x00020d55   Thumb Code    14  nrf_drv_uart.o(i.nrf_uart_event_check)
    i.nrf_uart_event_clear                   0x00020d62   Section        0  nrf_drv_uart.o(i.nrf_uart_event_clear)
    nrf_uart_event_clear                     0x00020d63   Thumb Code     6  nrf_drv_uart.o(i.nrf_uart_event_clear)
    i.nrf_uart_int_disable                   0x00020d68   Section        0  nrf_drv_uart.o(i.nrf_uart_int_disable)
    nrf_uart_int_disable                     0x00020d69   Thumb Code     6  nrf_drv_uart.o(i.nrf_uart_int_disable)
    i.nrf_uart_int_enable_check              0x00020d6e   Section        0  nrf_drv_uart.o(i.nrf_uart_int_enable_check)
    nrf_uart_int_enable_check                0x00020d6f   Thumb Code    18  nrf_drv_uart.o(i.nrf_uart_int_enable_check)
    i.nrf_uart_task_trigger                  0x00020d80   Section        0  nrf_drv_uart.o(i.nrf_uart_task_trigger)
    nrf_uart_task_trigger                    0x00020d81   Thumb Code     6  nrf_drv_uart.o(i.nrf_uart_task_trigger)
    i.nrf_uarte_errorsrc_get_and_clear       0x00020d86   Section        0  nrf_drv_uart.o(i.nrf_uarte_errorsrc_get_and_clear)
    nrf_uarte_errorsrc_get_and_clear         0x00020d87   Thumb Code    12  nrf_drv_uart.o(i.nrf_uarte_errorsrc_get_and_clear)
    i.nrf_uarte_event_check                  0x00020d92   Section        0  nrf_drv_uart.o(i.nrf_uarte_event_check)
    nrf_uarte_event_check                    0x00020d93   Thumb Code    14  nrf_drv_uart.o(i.nrf_uarte_event_check)
    i.nrf_uarte_event_clear                  0x00020da0   Section        0  nrf_drv_uart.o(i.nrf_uarte_event_clear)
    nrf_uarte_event_clear                    0x00020da1   Thumb Code     6  nrf_drv_uart.o(i.nrf_uarte_event_clear)
    i.nrf_uarte_rx_amount_get                0x00020da6   Section        0  nrf_drv_uart.o(i.nrf_uarte_rx_amount_get)
    nrf_uarte_rx_amount_get                  0x00020da7   Thumb Code    10  nrf_drv_uart.o(i.nrf_uarte_rx_amount_get)
    i.on_adv_evt                             0x00020db0   Section        0  main.o(i.on_adv_evt)
    on_adv_evt                               0x00020db1   Thumb Code    54  main.o(i.on_adv_evt)
    i.on_ble_evt                             0x00020df8   Section        0  main.o(i.on_ble_evt)
    on_ble_evt                               0x00020df9   Thumb Code    92  main.o(i.on_ble_evt)
    i.on_conn_params_evt                     0x00020e88   Section        0  main.o(i.on_conn_params_evt)
    on_conn_params_evt                       0x00020e89   Thumb Code    42  main.o(i.on_conn_params_evt)
    i.on_conn_params_update                  0x00020ec8   Section        0  ble_conn_params.o(i.on_conn_params_update)
    on_conn_params_update                    0x00020ec9   Thumb Code    20  ble_conn_params.o(i.on_conn_params_update)
    i.on_connect                             0x00020ee0   Section        0  ble_conn_params.o(i.on_connect)
    on_connect                               0x00020ee1   Thumb Code    38  ble_conn_params.o(i.on_connect)
    i.on_disconnect                          0x00020f18   Section        0  ble_conn_params.o(i.on_disconnect)
    on_disconnect                            0x00020f19   Thumb Code    46  ble_conn_params.o(i.on_disconnect)
    i.on_write                               0x00020f58   Section        0  ble_conn_params.o(i.on_write)
    on_write                                 0x00020f59   Thumb Code    78  ble_conn_params.o(i.on_write)
    i.our_char_add                           0x00020fb0   Section        0  our_service.o(i.our_char_add)
    our_char_add                             0x00020fb1   Thumb Code   754  our_service.o(i.our_char_add)
    i.our_service_init                       0x000212e8   Section        0  our_service.o(i.our_service_init)
    i.peer_address_exists                    0x00021368   Section        0  ble_advertising.o(i.peer_address_exists)
    peer_address_exists                      0x00021369   Thumb Code    24  ble_advertising.o(i.peer_address_exists)
    i.peer_instance_init                     0x00021380   Section        0  device_manager_peripheral.o(i.peer_instance_init)
    peer_instance_init                       0x00021381   Thumb Code    92  device_manager_peripheral.o(i.peer_instance_init)
    i.pin_in_use_by_gpiote                   0x000213e4   Section        0  nrf_drv_gpiote.o(i.pin_in_use_by_gpiote)
    pin_in_use_by_gpiote                     0x000213e5   Thumb Code    22  nrf_drv_gpiote.o(i.pin_in_use_by_gpiote)
    i.pin_in_use_by_port                     0x00021400   Section        0  nrf_drv_gpiote.o(i.pin_in_use_by_port)
    pin_in_use_by_port                       0x00021401   Thumb Code    18  nrf_drv_gpiote.o(i.pin_in_use_by_port)
    i.pin_in_use_by_te                       0x00021418   Section        0  nrf_drv_gpiote.o(i.pin_in_use_by_te)
    pin_in_use_by_te                         0x00021419   Thumb Code    26  nrf_drv_gpiote.o(i.pin_in_use_by_te)
    i.pin_in_use_clear                       0x00021438   Section        0  nrf_drv_gpiote.o(i.pin_in_use_clear)
    pin_in_use_clear                         0x00021439   Thumb Code     8  nrf_drv_gpiote.o(i.pin_in_use_clear)
    i.power_manage                           0x00021444   Section        0  main.o(i.power_manage)
    power_manage                             0x00021445   Thumb Code    32  main.o(i.power_manage)
    i.pstorage_access_status_get             0x00021474   Section        0  pstorage.o(i.pstorage_access_status_get)
    i.pstorage_block_identifier_get          0x000214a0   Section        0  pstorage.o(i.pstorage_block_identifier_get)
    i.pstorage_clear                         0x00021544   Section        0  pstorage.o(i.pstorage_clear)
    i.pstorage_flash_page_end                0x00021664   Section        0  pstorage.o(i.pstorage_flash_page_end)
    pstorage_flash_page_end                  0x00021665   Thumb Code    30  pstorage.o(i.pstorage_flash_page_end)
    i.pstorage_flash_page_size               0x00021682   Section        0  pstorage.o(i.pstorage_flash_page_size)
    pstorage_flash_page_size                 0x00021683   Thumb Code    10  pstorage.o(i.pstorage_flash_page_size)
    i.pstorage_init                          0x0002168c   Section        0  pstorage.o(i.pstorage_init)
    i.pstorage_load                          0x0002171c   Section        0  pstorage.o(i.pstorage_load)
    i.pstorage_register                      0x00021810   Section        0  pstorage.o(i.pstorage_register)
    i.pstorage_store                         0x00021920   Section        0  pstorage.o(i.pstorage_store)
    i.pstorage_sys_event_handler             0x000219fc   Section        0  pstorage.o(i.pstorage_sys_event_handler)
    i.pstorage_update                        0x00021a44   Section        0  pstorage.o(i.pstorage_update)
    i.rtc1_compare0_set                      0x00021b20   Section        0  app_timer.o(i.rtc1_compare0_set)
    rtc1_compare0_set                        0x00021b21   Thumb Code     6  app_timer.o(i.rtc1_compare0_set)
    i.rtc1_counter_get                       0x00021b2c   Section        0  app_timer.o(i.rtc1_counter_get)
    rtc1_counter_get                         0x00021b2d   Thumb Code     6  app_timer.o(i.rtc1_counter_get)
    i.rtc1_init                              0x00021b38   Section        0  app_timer.o(i.rtc1_init)
    rtc1_init                                0x00021b39   Thumb Code    18  app_timer.o(i.rtc1_init)
    i.rtc1_start                             0x00021b50   Section        0  app_timer.o(i.rtc1_start)
    rtc1_start                               0x00021b51   Thumb Code    48  app_timer.o(i.rtc1_start)
    i.rtc1_stop                              0x00021b8c   Section        0  app_timer.o(i.rtc1_stop)
    rtc1_stop                                0x00021b8d   Thumb Code    68  app_timer.o(i.rtc1_stop)
    i.rx_byte                                0x00021be4   Section        0  nrf_drv_uart.o(i.rx_byte)
    rx_byte                                  0x00021be5   Thumb Code    68  nrf_drv_uart.o(i.rx_byte)
    i.rx_done_event                          0x00021c34   Section        0  nrf_drv_uart.o(i.rx_done_event)
    rx_done_event                            0x00021c35   Thumb Code    30  nrf_drv_uart.o(i.rx_done_event)
    i.sd_check_ram_start                     0x00021c58   Section        0  softdevice_handler.o(i.sd_check_ram_start)
    i.sd_nvic_EnableIRQ                      0x00021c74   Section        0  softdevice_handler.o(i.sd_nvic_EnableIRQ)
    sd_nvic_EnableIRQ                        0x00021c75   Thumb Code   190  softdevice_handler.o(i.sd_nvic_EnableIRQ)
    i.sec_mgr_oob_flags_encode               0x00021d44   Section        0  ble_advdata.o(i.sec_mgr_oob_flags_encode)
    sec_mgr_oob_flags_encode                 0x00021d45   Thumb Code    54  ble_advdata.o(i.sec_mgr_oob_flags_encode)
    i.service_data_encode                    0x00021d7a   Section        0  ble_advdata.o(i.service_data_encode)
    service_data_encode                      0x00021d7b   Thumb Code   150  ble_advdata.o(i.service_data_encode)
    i.services_init                          0x00021e10   Section        0  main.o(i.services_init)
    services_init                            0x00021e11   Thumb Code    10  main.o(i.services_init)
    i.sleep_mode_enter                       0x00021e20   Section        0  main.o(i.sleep_mode_enter)
    sleep_mode_enter                         0x00021e21   Thumb Code    88  main.o(i.sleep_mode_enter)
    i.sm_state_change                        0x00021e88   Section        0  pstorage.o(i.sm_state_change)
    sm_state_change                          0x00021e89   Thumb Code    14  pstorage.o(i.sm_state_change)
    i.softdevice_ble_evt_handler_set         0x00021e9c   Section        0  softdevice_handler.o(i.softdevice_ble_evt_handler_set)
    i.softdevice_enable                      0x00021eb4   Section        0  softdevice_handler.o(i.softdevice_enable)
    i.softdevice_enable_get_default_config   0x00021ed0   Section        0  softdevice_handler.o(i.softdevice_enable_get_default_config)
    i.softdevice_fault_handler               0x00021efc   Section        0  softdevice_handler.o(i.softdevice_fault_handler)
    i.softdevice_handler_init                0x00021f10   Section        0  softdevice_handler.o(i.softdevice_handler_init)
    i.softdevice_sys_evt_handler_set         0x00021f74   Section        0  softdevice_handler.o(i.softdevice_sys_evt_handler_set)
    i.srdata_check                           0x00021f8c   Section        0  ble_advdata.o(i.srdata_check)
    srdata_check                             0x00021f8d   Thumb Code    14  ble_advdata.o(i.srdata_check)
    i.startup_event_extract                  0x00021f9a   Section        0  bsp_btn_ble.o(i.startup_event_extract)
    startup_event_extract                    0x00021f9b   Thumb Code    76  bsp_btn_ble.o(i.startup_event_extract)
    i.state_data_erase_entry_run             0x00021fe8   Section        0  pstorage.o(i.state_data_erase_entry_run)
    state_data_erase_entry_run               0x00021fe9   Thumb Code    12  pstorage.o(i.state_data_erase_entry_run)
    i.state_data_erase_swap_entry_run        0x00021ff8   Section        0  pstorage.o(i.state_data_erase_swap_entry_run)
    state_data_erase_swap_entry_run          0x00021ff9   Thumb Code   124  pstorage.o(i.state_data_erase_swap_entry_run)
    i.state_entry_action_run                 0x00022084   Section        0  pstorage.o(i.state_entry_action_run)
    state_entry_action_run                   0x00022085   Thumb Code    52  pstorage.o(i.state_entry_action_run)
    i.state_erase_data_page_entry_run        0x000220bc   Section        0  pstorage.o(i.state_erase_data_page_entry_run)
    state_erase_data_page_entry_run          0x000220bd   Thumb Code    12  pstorage.o(i.state_erase_data_page_entry_run)
    i.state_idle_entry_run                   0x000220cc   Section        0  pstorage.o(i.state_idle_entry_run)
    state_idle_entry_run                     0x000220cd   Thumb Code    18  pstorage.o(i.state_idle_entry_run)
    i.state_restore_head_entry_run           0x000220e8   Section        0  pstorage.o(i.state_restore_head_entry_run)
    state_restore_head_entry_run             0x000220e9   Thumb Code    44  pstorage.o(i.state_restore_head_entry_run)
    i.state_restore_tail_entry_run           0x0002211c   Section        0  pstorage.o(i.state_restore_tail_entry_run)
    state_restore_tail_entry_run             0x0002211d   Thumb Code    80  pstorage.o(i.state_restore_tail_entry_run)
    i.state_store_entry_run                  0x00022174   Section        0  pstorage.o(i.state_store_entry_run)
    state_store_entry_run                    0x00022175   Thumb Code     8  pstorage.o(i.state_store_entry_run)
    i.state_swap_erase_entry_run             0x0002217c   Section        0  pstorage.o(i.state_swap_erase_entry_run)
    state_swap_erase_entry_run               0x0002217d   Thumb Code    30  pstorage.o(i.state_swap_erase_entry_run)
    i.state_write_data_swap_entry_run        0x0002219c   Section        0  pstorage.o(i.state_write_data_swap_entry_run)
    state_write_data_swap_entry_run          0x0002219d   Thumb Code    50  pstorage.o(i.state_write_data_swap_entry_run)
    i.storage_operation_dummy_handler        0x000221d4   Section        0  device_manager_peripheral.o(i.storage_operation_dummy_handler)
    storage_operation_dummy_handler          0x000221d5   Thumb Code     8  device_manager_peripheral.o(i.storage_operation_dummy_handler)
    i.store_cmd_flash_write_execute          0x000221dc   Section        0  pstorage.o(i.store_cmd_flash_write_execute)
    store_cmd_flash_write_execute            0x000221dd   Thumb Code    94  pstorage.o(i.store_cmd_flash_write_execute)
    i.store_operation_execute                0x00022244   Section        0  pstorage.o(i.store_operation_execute)
    store_operation_execute                  0x00022245   Thumb Code    10  pstorage.o(i.store_operation_execute)
    i.store_sub_state_sm_run                 0x00022250   Section        0  pstorage.o(i.store_sub_state_sm_run)
    store_sub_state_sm_run                   0x00022251   Thumb Code    60  pstorage.o(i.store_sub_state_sm_run)
    i.swap_erase_state_run                   0x00022298   Section        0  pstorage.o(i.swap_erase_state_run)
    swap_erase_state_run                     0x00022299   Thumb Code    26  pstorage.o(i.swap_erase_state_run)
    i.swap_sub_sm_exit_action_run            0x000222b8   Section        0  pstorage.o(i.swap_sub_sm_exit_action_run)
    swap_sub_sm_exit_action_run              0x000222b9   Thumb Code     8  pstorage.o(i.swap_sub_sm_exit_action_run)
    i.swap_sub_state_entry_action_run        0x000222c0   Section        0  pstorage.o(i.swap_sub_state_entry_action_run)
    swap_sub_state_entry_action_run          0x000222c1   Thumb Code    16  pstorage.o(i.swap_sub_state_entry_action_run)
    i.swap_sub_state_err_busy_process        0x000222d8   Section        0  pstorage.o(i.swap_sub_state_err_busy_process)
    swap_sub_state_err_busy_process          0x000222d9   Thumb Code    24  pstorage.o(i.swap_sub_state_err_busy_process)
    i.swap_sub_state_sm_run                  0x000222f8   Section        0  pstorage.o(i.swap_sub_state_sm_run)
    swap_sub_state_sm_run                    0x000222f9   Thumb Code    16  pstorage.o(i.swap_sub_state_sm_run)
    i.swap_sub_state_state_change            0x00022310   Section        0  pstorage.o(i.swap_sub_state_state_change)
    swap_sub_state_state_change              0x00022311   Thumb Code    14  pstorage.o(i.swap_sub_state_state_change)
    i.sys_evt_dispatch                       0x00022324   Section        0  main.o(i.sys_evt_dispatch)
    sys_evt_dispatch                         0x00022325   Thumb Code    18  main.o(i.sys_evt_dispatch)
    i.tail_restore_state_run                 0x00022338   Section        0  pstorage.o(i.tail_restore_state_run)
    tail_restore_state_run                   0x00022339   Thumb Code    24  pstorage.o(i.tail_restore_state_run)
    i.tail_word_size_calculate               0x00022354   Section        0  pstorage.o(i.tail_word_size_calculate)
    tail_word_size_calculate                 0x00022355   Thumb Code    70  pstorage.o(i.tail_word_size_calculate)
    i.ticks_diff_get                         0x000223a0   Section        0  app_timer.o(i.ticks_diff_get)
    ticks_diff_get                           0x000223a1   Thumb Code    10  app_timer.o(i.ticks_diff_get)
    i.timeout_handler_exec                   0x000223ac   Section        0  app_timer.o(i.timeout_handler_exec)
    timeout_handler_exec                     0x000223ad   Thumb Code    56  app_timer.o(i.timeout_handler_exec)
    i.timer_list_handler                     0x00022424   Section        0  app_timer.o(i.timer_list_handler)
    timer_list_handler                       0x00022425   Thumb Code    72  app_timer.o(i.timer_list_handler)
    i.timer_list_handler_sched               0x00022478   Section        0  app_timer.o(i.timer_list_handler_sched)
    timer_list_handler_sched                 0x00022479   Thumb Code    10  app_timer.o(i.timer_list_handler_sched)
    i.timer_list_insert                      0x00022484   Section        0  app_timer.o(i.timer_list_insert)
    timer_list_insert                        0x00022485   Thumb Code    98  app_timer.o(i.timer_list_insert)
    i.timer_list_remove                      0x000224ec   Section        0  app_timer.o(i.timer_list_remove)
    timer_list_remove                        0x000224ed   Thumb Code    90  app_timer.o(i.timer_list_remove)
    i.timer_start_op_schedule                0x00022558   Section        0  app_timer.o(i.timer_start_op_schedule)
    timer_start_op_schedule                  0x00022559   Thumb Code    86  app_timer.o(i.timer_start_op_schedule)
    i.timer_stop_op_schedule                 0x000225b4   Section        0  app_timer.o(i.timer_stop_op_schedule)
    timer_stop_op_schedule                   0x000225b5   Thumb Code    58  app_timer.o(i.timer_stop_op_schedule)
    i.timer_timeouts_check                   0x000225f4   Section        0  app_timer.o(i.timer_timeouts_check)
    timer_timeouts_check                     0x000225f5   Thumb Code   130  app_timer.o(i.timer_timeouts_check)
    i.timer_timeouts_check_sched             0x0002268c   Section        0  app_timer.o(i.timer_timeouts_check_sched)
    timer_timeouts_check_sched               0x0002268d   Thumb Code    10  app_timer.o(i.timer_timeouts_check_sched)
    i.timers_init                            0x00022698   Section        0  main.o(i.timers_init)
    timers_init                              0x00022699   Thumb Code    44  main.o(i.timers_init)
    i.tk_value_encode                        0x000226d8   Section        0  ble_advdata.o(i.tk_value_encode)
    tk_value_encode                          0x000226d9   Thumb Code    70  ble_advdata.o(i.tk_value_encode)
    i.tx_byte                                0x00022720   Section        0  nrf_drv_uart.o(i.tx_byte)
    tx_byte                                  0x00022721   Thumb Code    42  nrf_drv_uart.o(i.tx_byte)
    i.tx_done_event                          0x00022758   Section        0  nrf_drv_uart.o(i.tx_done_event)
    tx_done_event                            0x00022759   Thumb Code    38  nrf_drv_uart.o(i.tx_done_event)
    i.tx_power_level_encode                  0x00022784   Section        0  ble_advdata.o(i.tx_power_level_encode)
    tx_power_level_encode                    0x00022785   Thumb Code    54  ble_advdata.o(i.tx_power_level_encode)
    i.uart_irq_handler                       0x000227bc   Section        0  nrf_drv_uart.o(i.uart_irq_handler)
    uart_irq_handler                         0x000227bd   Thumb Code   342  nrf_drv_uart.o(i.uart_irq_handler)
    i.uarte_irq_handler                      0x0002291c   Section        0  nrf_drv_uart.o(i.uarte_irq_handler)
    uarte_irq_handler                        0x0002291d   Thumb Code   286  nrf_drv_uart.o(i.uarte_irq_handler)
    i.uint16_encode                          0x00022a48   Section        0  ble_advdata.o(i.uint16_encode)
    uint16_encode                            0x00022a49   Thumb Code    12  ble_advdata.o(i.uint16_encode)
    i.update_operation_execute               0x00022a54   Section        0  pstorage.o(i.update_operation_execute)
    update_operation_execute                 0x00022a55   Thumb Code     8  pstorage.o(i.update_operation_execute)
    i.update_status_bit_reset                0x00022a5c   Section        0  device_manager_peripheral.o(i.update_status_bit_reset)
    update_status_bit_reset                  0x00022a5d   Thumb Code    16  device_manager_peripheral.o(i.update_status_bit_reset)
    i.update_timeout_handler                 0x00022a70   Section        0  ble_conn_params.o(i.update_timeout_handler)
    update_timeout_handler                   0x00022a71   Thumb Code   126  ble_conn_params.o(i.update_timeout_handler)
    i.user_id_get                            0x00022b00   Section        0  app_timer.o(i.user_id_get)
    user_id_get                              0x00022b01   Thumb Code    78  app_timer.o(i.user_id_get)
    i.user_op_alloc                          0x00022b58   Section        0  app_timer.o(i.user_op_alloc)
    user_op_alloc                            0x00022b59   Thumb Code    48  app_timer.o(i.user_op_alloc)
    i.user_op_enque                          0x00022b88   Section        0  app_timer.o(i.user_op_enque)
    user_op_enque                            0x00022b89   Thumb Code     4  app_timer.o(i.user_op_enque)
    i.uuid_list_encode                       0x00022b8c   Section        0  ble_advdata.o(i.uuid_list_encode)
    uuid_list_encode                         0x00022b8d   Thumb Code    78  ble_advdata.o(i.uuid_list_encode)
    i.uuid_list_sized_encode                 0x00022bda   Section        0  ble_advdata.o(i.uuid_list_sized_encode)
    uuid_list_sized_encode                   0x00022bdb   Thumb Code   220  ble_advdata.o(i.uuid_list_sized_encode)
    i.whitelist_has_entries                  0x00022cb6   Section        0  ble_advertising.o(i.whitelist_has_entries)
    whitelist_has_entries                    0x00022cb7   Thumb Code    18  ble_advertising.o(i.whitelist_has_entries)
    .constdata                               0x00022cc8   Section        4  main.o(.constdata)
    .constdata                               0x00022ccc   Section       64  our_service.o(.constdata)
    .constdata                               0x00022d0c   Section       60  bsp.o(.constdata)
    m_leds_timer_id                          0x00022d0c   Data           4  bsp.o(.constdata)
    m_alert_timer_id                         0x00022d10   Data           4  bsp.o(.constdata)
    m_button_timer_id                        0x00022d14   Data           4  bsp.o(.constdata)
    m_buttons_list                           0x00022d18   Data          16  bsp.o(.constdata)
    app_buttons                              0x00022d28   Data          32  bsp.o(.constdata)
    .constdata                               0x00022d48   Section        4  ble_conn_params.o(.constdata)
    m_conn_params_timer_id                   0x00022d48   Data           4  ble_conn_params.o(.constdata)
    .constdata                               0x00022d4c   Section       52  device_manager_peripheral.o(.constdata)
    .constdata                               0x00022d80   Section       40  pstorage.o(.constdata)
    swap_sub_state_sm_lut                    0x00022d80   Data          20  pstorage.o(.constdata)
    swap_sub_state_sm_lut                    0x00022d94   Data          20  pstorage.o(.constdata)
    .constdata                               0x00022da8   Section        8  app_button.o(.constdata)
    m_detection_delay_timer_id               0x00022da8   Data           4  app_button.o(.constdata)
    .conststring                             0x00022db0   Section       76  device_manager_peripheral.o(.conststring)
    .conststring                             0x00022dfc   Section       87  softdevice_handler.o(.conststring)
    .conststring                             0x00022e54   Section        9  segger_rtt.o(.conststring)
    .data                                    0x20002080   Section       28  main.o(.data)
    m_app_handle                             0x20002080   Data           1  main.o(.data)
    m_conn_handle                            0x20002082   Data           2  main.o(.data)
    isLogin                                  0x20002084   Data           1  main.o(.data)
    m_beacon_info                            0x20002085   Data          23  main.o(.data)
    .data                                    0x2000209c   Section       25  bsp.o(.data)
    m_stable_state                           0x2000209c   Data           1  bsp.o(.data)
    m_app_ticks_per_100ms                    0x200020a0   Data           4  bsp.o(.data)
    m_indication_type                        0x200020a4   Data           4  bsp.o(.data)
    m_alert_mask                             0x200020a8   Data           4  bsp.o(.data)
    m_registered_callback                    0x200020ac   Data           4  bsp.o(.data)
    current_long_push_pin_no                 0x200020b0   Data           1  bsp.o(.data)
    release_event_at_push                    0x200020b1   Data           4  bsp.o(.data)
    .data                                    0x200020b8   Section        8  bsp_btn_ble.o(.data)
    m_error_handler                          0x200020b8   Data           4  bsp_btn_ble.o(.data)
    m_num_connections                        0x200020bc   Data           4  bsp_btn_ble.o(.data)
    .data                                    0x200020c0   Section       32  ble_advertising.o(.data)
    m_advertising_start_pending              0x200020c0   Data           1  ble_advertising.o(.data)
    m_peer_address                           0x200020c1   Data           7  ble_advertising.o(.data)
    m_adv_evt                                0x200020c8   Data           1  ble_advertising.o(.data)
    m_evt_handler                            0x200020cc   Data           4  ble_advertising.o(.data)
    m_error_handler                          0x200020d0   Data           4  ble_advertising.o(.data)
    m_adv_mode_current                       0x200020d4   Data           1  ble_advertising.o(.data)
    m_whitelist_temporarily_disabled         0x200020d5   Data           1  ble_advertising.o(.data)
    m_whitelist_reply_expected               0x200020d6   Data           1  ble_advertising.o(.data)
    m_peer_addr_reply_expected               0x200020d7   Data           1  ble_advertising.o(.data)
    m_slave_conn_int                         0x200020d8   Data           4  ble_advertising.o(.data)
    m_tx_power_level                         0x200020dc   Data           1  ble_advertising.o(.data)
    current_slave_link_conn_handle           0x200020de   Data           2  ble_advertising.o(.data)
    .data                                    0x200020e0   Section       21  ble_conn_params.o(.data)
    m_preferred_conn_params                  0x200020e0   Data           8  ble_conn_params.o(.data)
    m_update_count                           0x200020e8   Data           1  ble_conn_params.o(.data)
    m_conn_handle                            0x200020ea   Data           2  ble_conn_params.o(.data)
    m_current_conn_params                    0x200020ec   Data           8  ble_conn_params.o(.data)
    m_change_param                           0x200020f4   Data           1  ble_conn_params.o(.data)
    .data                                    0x200020f8   Section       20  device_manager_peripheral.o(.data)
    m_storage_handle                         0x200020f8   Data           8  device_manager_peripheral.o(.data)
    m_peer_addr_update                       0x20002100   Data           4  device_manager_peripheral.o(.data)
    m_module_initialized                     0x20002104   Data           1  device_manager_peripheral.o(.data)
    m_irk_index_table                        0x20002105   Data           7  device_manager_peripheral.o(.data)
    .data                                    0x2000210c   Section       40  pstorage.o(.data)
    m_next_app_instance                      0x2000210c   Data           2  pstorage.o(.data)
    m_next_page_addr                         0x20002110   Data           4  pstorage.o(.data)
    m_state                                  0x20002114   Data           1  pstorage.o(.data)
    m_swap_sub_state                         0x20002115   Data           1  pstorage.o(.data)
    m_head_word_size                         0x20002118   Data           4  pstorage.o(.data)
    m_tail_word_size                         0x2000211c   Data           4  pstorage.o(.data)
    m_current_page_id                        0x20002120   Data           4  pstorage.o(.data)
    m_num_of_command_retries                 0x20002124   Data           4  pstorage.o(.data)
    m_num_of_bytes_written                   0x20002128   Data           4  pstorage.o(.data)
    m_app_data_size                          0x2000212c   Data           4  pstorage.o(.data)
    m_flags                                  0x20002130   Data           4  pstorage.o(.data)
    .data                                    0x20002134   Section       20  app_button.o(.data)
    mp_buttons                               0x20002134   Data           4  app_button.o(.data)
    m_button_count                           0x20002138   Data           1  app_button.o(.data)
    m_detection_delay                        0x2000213c   Data           4  app_button.o(.data)
    m_pin_state                              0x20002140   Data           4  app_button.o(.data)
    m_pin_transition                         0x20002144   Data           4  app_button.o(.data)
    .data                                    0x20002148   Section       34  app_timer.o(.data)
    m_user_array_size                        0x20002148   Data           1  app_timer.o(.data)
    mp_users                                 0x2000214c   Data           4  app_timer.o(.data)
    mp_timer_id_head                         0x20002150   Data           4  app_timer.o(.data)
    m_ticks_latest                           0x20002154   Data           4  app_timer.o(.data)
    m_ticks_elapsed                          0x20002158   Data           8  app_timer.o(.data)
    m_ticks_elapsed_q_read_ind               0x20002160   Data           1  app_timer.o(.data)
    m_ticks_elapsed_q_write_ind              0x20002161   Data           1  app_timer.o(.data)
    m_evt_schedule_func                      0x20002164   Data           4  app_timer.o(.data)
    m_rtc1_running                           0x20002168   Data           1  app_timer.o(.data)
    m_rtc1_reset                             0x20002169   Data           1  app_timer.o(.data)
    .data                                    0x2000216c   Section       24  softdevice_handler.o(.data)
    m_evt_schedule_func                      0x2000216c   Data           4  softdevice_handler.o(.data)
    m_softdevice_enabled                     0x20002170   Data           1  softdevice_handler.o(.data)
    mp_ble_evt_buffer                        0x20002174   Data           4  softdevice_handler.o(.data)
    m_ble_evt_buffer_size                    0x20002178   Data           2  softdevice_handler.o(.data)
    m_ble_evt_handler                        0x2000217c   Data           4  softdevice_handler.o(.data)
    m_sys_evt_handler                        0x20002180   Data           4  softdevice_handler.o(.data)
    .data                                    0x20002184   Section      121  segger_rtt.o(.data)
    _SEGGER_RTT                              0x20002184   Data         120  segger_rtt.o(.data)
    _ActiveTerminal                          0x200021fc   Data           1  segger_rtt.o(.data)
    .data                                    0x20002200   Section        4  system_nrf52.o(.data)
    __tagsym$$used                           0x20002200   Number         0  system_nrf52.o(.data)
    .bss                                     0x20002204   Section      540  main.o(.bss)
    APP_TIMER_BUF                            0x20002210   Data         456  main.o(.bss)
    BLE_EVT_BUFFER                           0x200023d8   Data          72  main.o(.bss)
    .bss                                     0x20002420   Section      108  bsp.o(.bss)
    m_leds_timer_id_data                     0x20002420   Data          32  bsp.o(.bss)
    m_alert_timer_id_data                    0x20002440   Data          32  bsp.o(.bss)
    m_events_list                            0x20002460   Data          12  bsp.o(.bss)
    m_button_timer_id_data                   0x2000246c   Data          32  bsp.o(.bss)
    .bss                                     0x2000248c   Section      259  ble_advertising.o(.bss)
    m_advdata                                0x2000248c   Data          56  ble_advertising.o(.bss)
    m_adv_modes_config                       0x200024c4   Data          36  ble_advertising.o(.bss)
    m_whitelist                              0x200024e8   Data          16  ble_advertising.o(.bss)
    mp_whitelist_addr                        0x200024f8   Data          32  ble_advertising.o(.bss)
    mp_whitelist_irk                         0x20002518   Data          32  ble_advertising.o(.bss)
    m_manuf_specific_data                    0x20002538   Data          12  ble_advertising.o(.bss)
    m_manuf_data_array                       0x20002544   Data          31  ble_advertising.o(.bss)
    m_service_data                           0x20002564   Data          12  ble_advertising.o(.bss)
    m_service_data_array                     0x20002570   Data          31  ble_advertising.o(.bss)
    .bss                                     0x20002590   Section       60  ble_conn_params.o(.bss)
    m_conn_params_config                     0x20002590   Data          28  ble_conn_params.o(.bss)
    m_conn_params_timer_id_data              0x200025ac   Data          32  ble_conn_params.o(.bss)
    .bss                                     0x200025cc   Section      335  device_manager_peripheral.o(.bss)
    m_app_context_table                      0x200025cc   Data          28  device_manager_peripheral.o(.bss)
    m_peer_table                             0x200025e8   Data         196  device_manager_peripheral.o(.bss)
    m_bond_table                             0x200026ac   Data          28  device_manager_peripheral.o(.bss)
    m_gatts_table                            0x200026c8   Data          36  device_manager_peripheral.o(.bss)
    m_connection_table                       0x200026ec   Data          12  device_manager_peripheral.o(.bss)
    m_application_table                      0x200026f8   Data          12  device_manager_peripheral.o(.bss)
    m_local_id_info                          0x20002704   Data          23  device_manager_peripheral.o(.bss)
    .bss                                     0x2000271c   Section       88  nrf_drv_gpiote.o(.bss)
    m_cb                                     0x2000271c   Data          88  nrf_drv_gpiote.o(.bss)
    .bss                                     0x20002774   Section       32  nrf_drv_uart.o(.bss)
    m_cb                                     0x20002774   Data          32  nrf_drv_uart.o(.bss)
    .bss                                     0x20002794   Section      228  pstorage.o(.bss)
    m_cmd_queue                              0x20002794   Data         204  pstorage.o(.bss)
    m_app_table                              0x20002860   Data          24  pstorage.o(.bss)
    .bss                                     0x20002878   Section       32  app_button.o(.bss)
    m_detection_delay_timer_id_data          0x20002878   Data          32  app_button.o(.bss)
    .bss                                     0x20002898   Section       32  app_error.o(.bss)
    m_error_data                             0x20002898   Data          32  app_error.o(.bss)
    .bss                                     0x200028b8   Section       88  fstorage.o(.bss)
    m_queue                                  0x200028b8   Data          88  fstorage.o(.bss)
    .bss                                     0x20002910   Section       12  softdevice_handler.o(.bss)
    .bss                                     0x2000291c   Section     1040  segger_rtt.o(.bss)
    _acUpBuffer                              0x2000291c   Data        1024  segger_rtt.o(.bss)
    _acDownBuffer                            0x20002d1c   Data          16  segger_rtt.o(.bss)
    STACK                                    0x20002d30   Section     8192  arm_startup_nrf52.o(STACK)

    Global Symbols

    Symbol Name                              Value     Ov Type        Size  Object(Section)

    BuildAttributes$$THM_ISAv4$E$P$D$K$B$S$7EM$VFPi3$EXTD16$VFPS$VFMA$PE$A:L22UL41UL21$X:L11$S22US41US21$IEEE1$IW$USESV6$~STKCKD$USESV7$~SHL$OSPACE$EBA8$MICROLIB$REQ8$PRES8$EABIv2 0x00000000   Number         0  anon$$obj.o ABSOLUTE
    __ARM_use_no_argv                        0x00000000   Number         0  main.o ABSOLUTE
    __cpp_initialize__aeabi_                  - Undefined Weak Reference
    __cxa_finalize                            - Undefined Weak Reference
    _clock_init                               - Undefined Weak Reference
    _microlib_exit                            - Undefined Weak Reference
    fs_data$$Base                             - Undefined Reference
    fs_data$$Limit                            - Undefined Reference
    __Vectors_Size                           0x00000400   Number         0  arm_startup_nrf52.o ABSOLUTE
    __Vectors                                0x0001c000   Data           4  arm_startup_nrf52.o(RESET)
    __Vectors_End                            0x0001c400   Data           0  arm_startup_nrf52.o(RESET)
    __main                                   0x0001c401   Thumb Code     0  entry.o(.ARM.Collect$$$$00000000)
    _main_stk                                0x0001c401   Thumb Code     0  entry2.o(.ARM.Collect$$$$00000001)
    _main_scatterload                        0x0001c405   Thumb Code     0  entry5.o(.ARM.Collect$$$$00000004)
    __main_after_scatterload                 0x0001c409   Thumb Code     0  entry5.o(.ARM.Collect$$$$00000004)
    _main_clock                              0x0001c409   Thumb Code     0  entry7b.o(.ARM.Collect$$$$00000008)
    _main_cpp_init                           0x0001c409   Thumb Code     0  entry8b.o(.ARM.Collect$$$$0000000A)
    _main_init                               0x0001c409   Thumb Code     0  entry9a.o(.ARM.Collect$$$$0000000B)
    __rt_final_cpp                           0x0001c411   Thumb Code     0  entry10a.o(.ARM.Collect$$$$0000000D)
    __rt_final_exit                          0x0001c411   Thumb Code     0  entry11a.o(.ARM.Collect$$$$0000000F)
    __asm___11_app_timer_c_cd27f9c3__nrf_delay_us 0x0001c415   Thumb Code   118  app_timer.o(.emb_text)
    Reset_Handler                            0x0001c48d   Thumb Code     8  arm_startup_nrf52.o(.text)
    NMI_Handler                              0x0001c495   Thumb Code     2  arm_startup_nrf52.o(.text)
    HardFault_Handler                        0x0001c497   Thumb Code     2  arm_startup_nrf52.o(.text)
    MemoryManagement_Handler                 0x0001c499   Thumb Code     2  arm_startup_nrf52.o(.text)
    BusFault_Handler                         0x0001c49b   Thumb Code     2  arm_startup_nrf52.o(.text)
    UsageFault_Handler                       0x0001c49d   Thumb Code     2  arm_startup_nrf52.o(.text)
    SVC_Handler                              0x0001c49f   Thumb Code     2  arm_startup_nrf52.o(.text)
    DebugMon_Handler                         0x0001c4a1   Thumb Code     2  arm_startup_nrf52.o(.text)
    PendSV_Handler                           0x0001c4a3   Thumb Code     2  arm_startup_nrf52.o(.text)
    SysTick_Handler                          0x0001c4a5   Thumb Code     2  arm_startup_nrf52.o(.text)
    CCM_AAR_IRQHandler                       0x0001c4a7   Thumb Code     0  arm_startup_nrf52.o(.text)
    COMP_LPCOMP_IRQHandler                   0x0001c4a7   Thumb Code     0  arm_startup_nrf52.o(.text)
    ECB_IRQHandler                           0x0001c4a7   Thumb Code     0  arm_startup_nrf52.o(.text)
    FPU_IRQHandler                           0x0001c4a7   Thumb Code     0  arm_startup_nrf52.o(.text)
    I2S_IRQHandler                           0x0001c4a7   Thumb Code     0  arm_startup_nrf52.o(.text)
    MWU_IRQHandler                           0x0001c4a7   Thumb Code     0  arm_startup_nrf52.o(.text)
    NFCT_IRQHandler                          0x0001c4a7   Thumb Code     0  arm_startup_nrf52.o(.text)
    PDM_IRQHandler                           0x0001c4a7   Thumb Code     0  arm_startup_nrf52.o(.text)
    POWER_CLOCK_IRQHandler                   0x0001c4a7   Thumb Code     0  arm_startup_nrf52.o(.text)
    PWM0_IRQHandler                          0x0001c4a7   Thumb Code     0  arm_startup_nrf52.o(.text)
    PWM1_IRQHandler                          0x0001c4a7   Thumb Code     0  arm_startup_nrf52.o(.text)
    PWM2_IRQHandler                          0x0001c4a7   Thumb Code     0  arm_startup_nrf52.o(.text)
    QDEC_IRQHandler                          0x0001c4a7   Thumb Code     0  arm_startup_nrf52.o(.text)
    RADIO_IRQHandler                         0x0001c4a7   Thumb Code     0  arm_startup_nrf52.o(.text)
    RNG_IRQHandler                           0x0001c4a7   Thumb Code     0  arm_startup_nrf52.o(.text)
    RTC0_IRQHandler                          0x0001c4a7   Thumb Code     0  arm_startup_nrf52.o(.text)
    RTC2_IRQHandler                          0x0001c4a7   Thumb Code     0  arm_startup_nrf52.o(.text)
    SAADC_IRQHandler                         0x0001c4a7   Thumb Code     0  arm_startup_nrf52.o(.text)
    SPIM0_SPIS0_TWIM0_TWIS0_SPI0_TWI0_IRQHandler 0x0001c4a7   Thumb Code     0  arm_startup_nrf52.o(.text)
    SPIM1_SPIS1_TWIM1_TWIS1_SPI1_TWI1_IRQHandler 0x0001c4a7   Thumb Code     0  arm_startup_nrf52.o(.text)
    SPIM2_SPIS2_SPI2_IRQHandler              0x0001c4a7   Thumb Code     0  arm_startup_nrf52.o(.text)
    SWI1_EGU1_IRQHandler                     0x0001c4a7   Thumb Code     0  arm_startup_nrf52.o(.text)
    SWI3_EGU3_IRQHandler                     0x0001c4a7   Thumb Code     0  arm_startup_nrf52.o(.text)
    SWI4_EGU4_IRQHandler                     0x0001c4a7   Thumb Code     0  arm_startup_nrf52.o(.text)
    SWI5_EGU5_IRQHandler                     0x0001c4a7   Thumb Code     0  arm_startup_nrf52.o(.text)
    TEMP_IRQHandler                          0x0001c4a7   Thumb Code     0  arm_startup_nrf52.o(.text)
    TIMER0_IRQHandler                        0x0001c4a7   Thumb Code     0  arm_startup_nrf52.o(.text)
    TIMER1_IRQHandler                        0x0001c4a7   Thumb Code     0  arm_startup_nrf52.o(.text)
    TIMER2_IRQHandler                        0x0001c4a7   Thumb Code     0  arm_startup_nrf52.o(.text)
    TIMER3_IRQHandler                        0x0001c4a7   Thumb Code     0  arm_startup_nrf52.o(.text)
    TIMER4_IRQHandler                        0x0001c4a7   Thumb Code     0  arm_startup_nrf52.o(.text)
    WDT_IRQHandler                           0x0001c4a7   Thumb Code     0  arm_startup_nrf52.o(.text)
    __aeabi_memcpy                           0x0001c4b1   Thumb Code    36  memcpya.o(.text)
    __aeabi_memcpy4                          0x0001c4b1   Thumb Code     0  memcpya.o(.text)
    __aeabi_memcpy8                          0x0001c4b1   Thumb Code     0  memcpya.o(.text)
    __aeabi_memset                           0x0001c4d5   Thumb Code    14  memseta.o(.text)
    __aeabi_memset4                          0x0001c4d5   Thumb Code     0  memseta.o(.text)
    __aeabi_memset8                          0x0001c4d5   Thumb Code     0  memseta.o(.text)
    __aeabi_memclr                           0x0001c4e3   Thumb Code     4  memseta.o(.text)
    __aeabi_memclr4                          0x0001c4e3   Thumb Code     0  memseta.o(.text)
    __aeabi_memclr8                          0x0001c4e3   Thumb Code     0  memseta.o(.text)
    _memset$wrapper                          0x0001c4e7   Thumb Code    18  memseta.o(.text)
    memcmp                                   0x0001c4f9   Thumb Code    26  memcmp.o(.text)
    __scatterload                            0x0001c515   Thumb Code    28  init.o(.text)
    __scatterload_rt2                        0x0001c515   Thumb Code     0  init.o(.text)
    __decompress                             0x0001c539   Thumb Code     0  __dczerorl.o(.text)
    __decompress0                            0x0001c539   Thumb Code    58  __dczerorl.o(.text)
    GPIOTE_IRQHandler                        0x0001c575   Thumb Code   420  nrf_drv_gpiote.o(i.GPIOTE_IRQHandler)
    RTC1_IRQHandler                          0x0001c79d   Thumb Code    44  app_timer.o(i.RTC1_IRQHandler)
    SEGGER_RTT_Write                         0x0001c7d1   Thumb Code   364  segger_rtt.o(i.SEGGER_RTT_Write)
    SEGGER_RTT_WriteString                   0x0001c941   Thumb Code    26  segger_rtt.o(i.SEGGER_RTT_WriteString)
    SWI0_EGU0_IRQHandler                     0x0001c95b   Thumb Code     8  app_timer.o(i.SWI0_EGU0_IRQHandler)
    SWI2_EGU2_IRQHandler                     0x0001c965   Thumb Code    48  softdevice_handler.o(i.SWI2_EGU2_IRQHandler)
    SystemCoreClockUpdate                    0x0001c99d   Thumb Code     8  system_nrf52.o(i.SystemCoreClockUpdate)
    SystemInit                               0x0001c9ad   Thumb Code   532  system_nrf52.o(i.SystemInit)
    UARTE0_UART0_IRQHandler                  0x0001cbf9   Thumb Code    20  nrf_drv_uart.o(i.UARTE0_UART0_IRQHandler)
    __scatterload_copy                       0x0001cc13   Thumb Code    14  handlers.o(i.__scatterload_copy)
    __scatterload_null                       0x0001cc21   Thumb Code     2  handlers.o(i.__scatterload_null)
    __scatterload_zeroinit                   0x0001cc23   Thumb Code    14  handlers.o(i.__scatterload_zeroinit)
    adv_data_encode                          0x0001cc4f   Thumb Code   454  ble_advdata.o(i.adv_data_encode)
    app_button_enable                        0x0001cf51   Thumb Code    34  app_button.o(i.app_button_enable)
    app_button_init                          0x0001cf7d   Thumb Code   132  app_button.o(i.app_button_init)
    app_error_fault_handler                  0x0001d025   Thumb Code    26  app_error_weak.o(i.app_error_fault_handler)
    app_error_handler                        0x0001d03f   Thumb Code    32  app_error.o(i.app_error_handler)
    app_error_save_and_stop                  0x0001d061   Thumb Code   132  app_error.o(i.app_error_save_and_stop)
    app_timer_create                         0x0001d161   Thumb Code    56  app_timer.o(i.app_timer_create)
    app_timer_init                           0x0001d19d   Thumb Code   154  app_timer.o(i.app_timer_init)
    app_timer_start                          0x0001d255   Thumb Code    84  app_timer.o(i.app_timer_start)
    app_timer_stop                           0x0001d2ad   Thumb Code    48  app_timer.o(i.app_timer_stop)
    ble_advdata_set                          0x0001d335   Thumb Code   148  ble_advdata.o(i.ble_advdata_set)
    ble_advertising_init                     0x0001d3c9   Thumb Code   324  ble_advertising.o(i.ble_advertising_init)
    ble_advertising_on_ble_evt               0x0001d545   Thumb Code   224  ble_advertising.o(i.ble_advertising_on_ble_evt)
    ble_advertising_on_sys_evt               0x0001d63d   Thumb Code    64  ble_advertising.o(i.ble_advertising_on_sys_evt)
    ble_advertising_restart_without_whitelist 0x0001d699   Thumb Code    98  ble_advertising.o(i.ble_advertising_restart_without_whitelist)
    ble_advertising_start                    0x0001d711   Thumb Code   604  ble_advertising.o(i.ble_advertising_start)
    ble_conn_params_init                     0x0001d999   Thumb Code    84  ble_conn_params.o(i.ble_conn_params_init)
    ble_conn_params_on_ble_evt               0x0001da09   Thumb Code    62  ble_conn_params.o(i.ble_conn_params_on_ble_evt)
    bond_data_load                           0x0001dbed   Thumb Code    64  device_manager_peripheral.o(i.bond_data_load)
    bsp_btn_ble_init                         0x0001dc3d   Thumb Code    48  bsp_btn_ble.o(i.bsp_btn_ble_init)
    bsp_btn_ble_on_ble_evt                   0x0001dc75   Thumb Code   110  bsp_btn_ble.o(i.bsp_btn_ble_on_ble_evt)
    bsp_btn_ble_sleep_mode_prepare           0x0001dced   Thumb Code    28  bsp_btn_ble.o(i.bsp_btn_ble_sleep_mode_prepare)
    bsp_button_is_pressed                    0x0001dde5   Thumb Code    46  bsp.o(i.bsp_button_is_pressed)
    bsp_event_handler                        0x0001de1d   Thumb Code   104  main.o(i.bsp_event_handler)
    bsp_event_to_button_action_assign        0x0001de99   Thumb Code    86  bsp.o(i.bsp_event_to_button_action_assign)
    bsp_indication_set                       0x0001def5   Thumb Code    28  bsp.o(i.bsp_indication_set)
    bsp_init                                 0x0001df15   Thumb Code   164  bsp.o(i.bsp_init)
    bsp_wakeup_buttons_set                   0x0001e581   Thumb Code    70  bsp.o(i.bsp_wakeup_buttons_set)
    dm_ble_evt_handler                       0x0001f175   Thumb Code  1696  device_manager_peripheral.o(i.dm_ble_evt_handler)
    dm_handle_initialize                     0x0001f82d   Thumb Code    24  device_manager_peripheral.o(i.dm_handle_initialize)
    dm_init                                  0x0001f845   Thumb Code   234  device_manager_peripheral.o(i.dm_init)
    dm_register                              0x0001fba9   Thumb Code   166  device_manager_peripheral.o(i.dm_register)
    fs_queued_op_count_get                   0x00020079   Thumb Code    18  fstorage.o(i.fs_queued_op_count_get)
    intern_softdevice_events_execute         0x000204a5   Thumb Code   150  softdevice_handler.o(i.intern_softdevice_events_execute)
    main                                     0x00020861   Thumb Code    92  main.o(i.main)
    nrf_drv_common_irq_enable                0x00020a41   Thumb Code    84  nrf_drv_common.o(i.nrf_drv_common_irq_enable)
    nrf_drv_gpiote_in_event_enable           0x00020aa1   Thumb Code   170  nrf_drv_gpiote.o(i.nrf_drv_gpiote_in_event_enable)
    nrf_drv_gpiote_in_init                   0x00020b59   Thumb Code   198  nrf_drv_gpiote.o(i.nrf_drv_gpiote_in_init)
    nrf_drv_gpiote_in_is_set                 0x00020c31   Thumb Code    24  nrf_drv_gpiote.o(i.nrf_drv_gpiote_in_is_set)
    nrf_drv_gpiote_init                      0x00020c4d   Thumb Code    78  nrf_drv_gpiote.o(i.nrf_drv_gpiote_init)
    nrf_drv_gpiote_is_init                   0x00020ca1   Thumb Code    16  nrf_drv_gpiote.o(i.nrf_drv_gpiote_is_init)
    our_service_init                         0x000212e9   Thumb Code   100  our_service.o(i.our_service_init)
    pstorage_access_status_get               0x00021475   Thumb Code    36  pstorage.o(i.pstorage_access_status_get)
    pstorage_block_identifier_get            0x000214a1   Thumb Code   154  pstorage.o(i.pstorage_block_identifier_get)
    pstorage_clear                           0x00021545   Thumb Code   280  pstorage.o(i.pstorage_clear)
    pstorage_init                            0x0002168d   Thumb Code   110  pstorage.o(i.pstorage_init)
    pstorage_load                            0x0002171d   Thumb Code   236  pstorage.o(i.pstorage_load)
    pstorage_register                        0x00021811   Thumb Code   256  pstorage.o(i.pstorage_register)
    pstorage_store                           0x00021921   Thumb Code   212  pstorage.o(i.pstorage_store)
    pstorage_sys_event_handler               0x000219fd   Thumb Code    62  pstorage.o(i.pstorage_sys_event_handler)
    pstorage_update                          0x00021a45   Thumb Code   212  pstorage.o(i.pstorage_update)
    sd_check_ram_start                       0x00021c59   Thumb Code    22  softdevice_handler.o(i.sd_check_ram_start)
    softdevice_ble_evt_handler_set           0x00021e9d   Thumb Code    20  softdevice_handler.o(i.softdevice_ble_evt_handler_set)
    softdevice_enable                        0x00021eb5   Thumb Code    24  softdevice_handler.o(i.softdevice_enable)
    softdevice_enable_get_default_config     0x00021ed1   Thumb Code    44  softdevice_handler.o(i.softdevice_enable_get_default_config)
    softdevice_fault_handler                 0x00021efd   Thumb Code    20  softdevice_handler.o(i.softdevice_fault_handler)
    softdevice_handler_init                  0x00021f11   Thumb Code    80  softdevice_handler.o(i.softdevice_handler_init)
    softdevice_sys_evt_handler_set           0x00021f75   Thumb Code    20  softdevice_handler.o(i.softdevice_sys_evt_handler_set)
    m_service_context_store                  0x00022d4c   Data          16  device_manager_peripheral.o(.constdata)
    m_service_context_load                   0x00022d5c   Data          16  device_manager_peripheral.o(.constdata)
    m_service_context_apply                  0x00022d6c   Data          16  device_manager_peripheral.o(.constdata)
    m_context_init_len                       0x00022d7c   Data           4  device_manager_peripheral.o(.constdata)
    Region$$Table$$Base                      0x00022e60   Number         0  anon$$obj.o(Region$$Table)
    Region$$Table$$Limit                     0x00022e80   Number         0  anon$$obj.o(Region$$Table)
    Image$$RW_IRAM1$$Base                    0x20002080   Number         0  anon$$obj.o ABSOLUTE
    SystemCoreClock                          0x20002200   Data           4  system_nrf52.o(.data)
    m_our_service                            0x20002204   Data          12  main.o(.bss)
    nrf_nvic_state                           0x20002910   Data          12  softdevice_handler.o(.bss)
    __initial_sp                             0x20004d30   Data           0  arm_startup_nrf52.o(STACK)



==============================================================================

Memory Map of the image

  Image Entry point : 0x0001c401

  Load Region LR_IROM1 (Base: 0x0001c000, Size: 0x00007004, Max: 0x00064000, ABSOLUTE, COMPRESSED[0x00006ecc])

    Execution Region ER_IROM1 (Base: 0x0001c000, Size: 0x00006e80, Max: 0x00064000, ABSOLUTE)

    Base Addr    Size         Type   Attr      Idx    E Section Name        Object

    0x0001c000   0x00000400   Data   RO         3085    RESET               arm_startup_nrf52.o
    0x0001c400   0x00000000   Code   RO         3170  * .ARM.Collect$$$$00000000  mc_w.l(entry.o)
    0x0001c400   0x00000004   Code   RO         3183    .ARM.Collect$$$$00000001  mc_w.l(entry2.o)
    0x0001c404   0x00000004   Code   RO         3186    .ARM.Collect$$$$00000004  mc_w.l(entry5.o)
    0x0001c408   0x00000000   Code   RO         3188    .ARM.Collect$$$$00000008  mc_w.l(entry7b.o)
    0x0001c408   0x00000000   Code   RO         3190    .ARM.Collect$$$$0000000A  mc_w.l(entry8b.o)
    0x0001c408   0x00000008   Code   RO         3191    .ARM.Collect$$$$0000000B  mc_w.l(entry9a.o)
    0x0001c410   0x00000000   Code   RO         3193    .ARM.Collect$$$$0000000D  mc_w.l(entry10a.o)
    0x0001c410   0x00000000   Code   RO         3195    .ARM.Collect$$$$0000000F  mc_w.l(entry11a.o)
    0x0001c410   0x00000004   Code   RO         3184    .ARM.Collect$$$$00002712  mc_w.l(entry2.o)
    0x0001c414   0x00000076   Code   RO         2381    .emb_text           app_timer.o
    0x0001c48a   0x00000002   PAD
    0x0001c48c   0x00000024   Code   RO         3086    .text               arm_startup_nrf52.o
    0x0001c4b0   0x00000024   Code   RO         3173    .text               mc_w.l(memcpya.o)
    0x0001c4d4   0x00000024   Code   RO         3175    .text               mc_w.l(memseta.o)
    0x0001c4f8   0x0000001a   Code   RO         3179    .text               mc_w.l(memcmp.o)
    0x0001c512   0x00000002   PAD
    0x0001c514   0x00000024   Code   RO         3197    .text               mc_w.l(init.o)
    0x0001c538   0x0000003a   Code   RO         3207    .text               mc_w.l(__dczerorl.o)
    0x0001c572   0x00000002   PAD
    0x0001c574   0x000001b8   Code   RO         1396    i.GPIOTE_IRQHandler  nrf_drv_gpiote.o
    0x0001c72c   0x00000018   Code   RO         2382    i.NVIC_ClearPendingIRQ  app_timer.o
    0x0001c744   0x00000016   Code   RO         2383    i.NVIC_EnableIRQ    app_timer.o
    0x0001c75a   0x00000002   PAD
    0x0001c75c   0x00000018   Code   RO         2384    i.NVIC_SetPendingIRQ  app_timer.o
    0x0001c774   0x00000028   Code   RO         2385    i.NVIC_SetPriority  app_timer.o
    0x0001c79c   0x00000034   Code   RO         2386    i.RTC1_IRQHandler   app_timer.o
    0x0001c7d0   0x00000170   Code   RO         3000    i.SEGGER_RTT_Write  segger_rtt.o
    0x0001c940   0x0000001a   Code   RO         3001    i.SEGGER_RTT_WriteString  segger_rtt.o
    0x0001c95a   0x00000008   Code   RO         2387    i.SWI0_EGU0_IRQHandler  app_timer.o
    0x0001c962   0x00000002   PAD
    0x0001c964   0x00000038   Code   RO         2883    i.SWI2_EGU2_IRQHandler  softdevice_handler.o
    0x0001c99c   0x00000010   Code   RO         3093    i.SystemCoreClockUpdate  system_nrf52.o
    0x0001c9ac   0x0000024c   Code   RO         3094    i.SystemInit        system_nrf52.o
    0x0001cbf8   0x00000018   Code   RO         1635    i.UARTE0_UART0_IRQHandler  nrf_drv_uart.o
    0x0001cc10   0x00000002   Code   RO         3002    i._Init             segger_rtt.o
    0x0001cc12   0x0000000e   Code   RO         3201    i.__scatterload_copy  mc_w.l(handlers.o)
    0x0001cc20   0x00000002   Code   RO         3202    i.__scatterload_null  mc_w.l(handlers.o)
    0x0001cc22   0x0000000e   Code   RO         3203    i.__scatterload_zeroinit  mc_w.l(handlers.o)
    0x0001cc30   0x0000001e   Code   RO         3003    i._strlen           segger_rtt.o
    0x0001cc4e   0x000001c6   Code   RO          587    i.adv_data_encode   ble_advdata.o
    0x0001ce14   0x00000012   Code   RO          588    i.advdata_check     ble_advdata.o
    0x0001ce26   0x00000054   Code   RO          531    i.advertising_buttons_configure  bsp_btn_ble.o
    0x0001ce7a   0x00000002   PAD
    0x0001ce7c   0x000000b0   Code   RO            4    i.advertising_init  main.o
    0x0001cf2c   0x00000024   Code   RO          411    i.alert_timer_handler  bsp.o
    0x0001cf50   0x0000002c   Code   RO         2256    i.app_button_enable  app_button.o
    0x0001cf7c   0x000000a8   Code   RO         2257    i.app_button_init   app_button.o
    0x0001d024   0x0000001a   Code   RO         2357    i.app_error_fault_handler  app_error_weak.o
    0x0001d03e   0x00000020   Code   RO         2317    i.app_error_handler  app_error.o
    0x0001d05e   0x00000002   PAD
    0x0001d060   0x00000088   Code   RO         2319    i.app_error_save_and_stop  app_error.o
    0x0001d0e8   0x00000020   Code   RO          961    i.app_evt_notify    device_manager_peripheral.o
    0x0001d108   0x00000030   Code   RO         1921    i.app_notify        pstorage.o
    0x0001d138   0x00000028   Code   RO         1922    i.app_notify_error_state_transit  pstorage.o
    0x0001d160   0x0000003c   Code   RO         2390    i.app_timer_create  app_timer.o
    0x0001d19c   0x000000b8   Code   RO         2391    i.app_timer_init    app_timer.o
    0x0001d254   0x00000058   Code   RO         2392    i.app_timer_start   app_timer.o
    0x0001d2ac   0x00000034   Code   RO         2393    i.app_timer_stop    app_timer.o
    0x0001d2e0   0x00000052   Code   RO          589    i.appearance_encode  ble_advdata.o
    0x0001d332   0x00000002   Code   RO            5    i.application_timers_start  main.o
    0x0001d334   0x00000094   Code   RO          590    i.ble_advdata_set   ble_advdata.o
    0x0001d3c8   0x0000017c   Code   RO          712    i.ble_advertising_init  ble_advertising.o
    0x0001d544   0x000000f8   Code   RO          713    i.ble_advertising_on_ble_evt  ble_advertising.o
    0x0001d63c   0x0000004c   Code   RO          714    i.ble_advertising_on_sys_evt  ble_advertising.o
    0x0001d688   0x00000010   Code   RO          716    i.ble_advertising_peer_address_clear  ble_advertising.o
    0x0001d698   0x00000078   Code   RO          717    i.ble_advertising_restart_without_whitelist  ble_advertising.o
    0x0001d710   0x00000288   Code   RO          718    i.ble_advertising_start  ble_advertising.o
    0x0001d998   0x00000070   Code   RO          817    i.ble_conn_params_init  ble_conn_params.o
    0x0001da08   0x0000003e   Code   RO          818    i.ble_conn_params_on_ble_evt  ble_conn_params.o
    0x0001da46   0x00000074   Code   RO          591    i.ble_device_addr_encode  ble_advdata.o
    0x0001daba   0x00000024   Code   RO            7    i.ble_evt_dispatch  main.o
    0x0001dade   0x00000002   PAD
    0x0001dae0   0x0000010c   Code   RO            8    i.ble_stack_init    main.o
    0x0001dbec   0x00000050   Code   RO          962    i.bond_data_load    device_manager_peripheral.o
    0x0001dc3c   0x00000038   Code   RO          532    i.bsp_btn_ble_init  bsp_btn_ble.o
    0x0001dc74   0x00000078   Code   RO          533    i.bsp_btn_ble_on_ble_evt  bsp_btn_ble.o
    0x0001dcec   0x0000001c   Code   RO          534    i.bsp_btn_ble_sleep_mode_prepare  bsp_btn_ble.o
    0x0001dd08   0x000000dc   Code   RO          412    i.bsp_button_event_handler  bsp.o
    0x0001dde4   0x00000038   Code   RO          413    i.bsp_button_is_pressed  bsp.o
    0x0001de1c   0x0000007c   Code   RO            9    i.bsp_event_handler  main.o
    0x0001de98   0x0000005c   Code   RO          417    i.bsp_event_to_button_action_assign  bsp.o
    0x0001def4   0x00000020   Code   RO          418    i.bsp_indication_set  bsp.o
    0x0001df14   0x000000d0   Code   RO          420    i.bsp_init          bsp.o
    0x0001dfe4   0x0000059c   Code   RO          421    i.bsp_led_indication  bsp.o
    0x0001e580   0x00000050   Code   RO          422    i.bsp_wakeup_buttons_set  bsp.o
    0x0001e5d0   0x0000000e   Code   RO          423    i.button_timer_handler  bsp.o
    0x0001e5de   0x00000002   PAD
    0x0001e5e0   0x00000074   Code   RO           10    i.buttons_leds_init  main.o
    0x0001e654   0x00000020   Code   RO         1397    i.channel_free      nrf_drv_gpiote.o
    0x0001e674   0x00000010   Code   RO         1398    i.channel_handler_get  nrf_drv_gpiote.o
    0x0001e684   0x00000080   Code   RO         1399    i.channel_port_alloc  nrf_drv_gpiote.o
    0x0001e704   0x0000000c   Code   RO         1400    i.channel_port_get  nrf_drv_gpiote.o
    0x0001e710   0x00000104   Code   RO         1923    i.clear_operation_execute  pstorage.o
    0x0001e814   0x00000028   Code   RO         1924    i.clear_post_processing_run  pstorage.o
    0x0001e83c   0x00000048   Code   RO         1925    i.cmd_process       pstorage.o
    0x0001e884   0x00000014   Code   RO         1926    i.cmd_queue_dequeue  pstorage.o
    0x0001e898   0x00000050   Code   RO         1927    i.cmd_queue_element_init  pstorage.o
    0x0001e8e8   0x0000009c   Code   RO         1928    i.cmd_queue_enqueue  pstorage.o
    0x0001e984   0x00000020   Code   RO         1929    i.cmd_queue_init    pstorage.o
    0x0001e9a4   0x00000028   Code   RO         1930    i.command_end_procedure_run  pstorage.o
    0x0001e9cc   0x0000002c   Code   RO         1931    i.command_queue_element_consume  pstorage.o
    0x0001e9f8   0x00000090   Code   RO         2395    i.compare_reg_update  app_timer.o
    0x0001ea88   0x0000005a   Code   RO          592    i.conn_int_check    ble_advdata.o
    0x0001eae2   0x00000068   Code   RO          593    i.conn_int_encode   ble_advdata.o
    0x0001eb4a   0x00000002   PAD
    0x0001eb4c   0x00000024   Code   RO           11    i.conn_params_error_handler  main.o
    0x0001eb70   0x00000070   Code   RO           12    i.conn_params_init  main.o
    0x0001ebe0   0x00000084   Code   RO          820    i.conn_params_negotiation  ble_conn_params.o
    0x0001ec64   0x00000054   Code   RO          535    i.connection_buttons_configure  bsp_btn_ble.o
    0x0001ecb8   0x00000048   Code   RO          963    i.connection_instance_find  device_manager_peripheral.o
    0x0001ed00   0x00000040   Code   RO          964    i.connection_instance_init  device_manager_peripheral.o
    0x0001ed40   0x0000007c   Code   RO         1932    i.data_page_erase_state_run  pstorage.o
    0x0001edbc   0x00000034   Code   RO         1933    i.data_to_swap_write_state_run  pstorage.o
    0x0001edf0   0x0000008c   Code   RO         2259    i.detection_delay_timeout_handler  app_button.o
    0x0001ee7c   0x000000e0   Code   RO          965    i.device_context_store  device_manager_peripheral.o
    0x0001ef5c   0x00000088   Code   RO          966    i.device_instance_allocate  device_manager_peripheral.o
    0x0001efe4   0x00000058   Code   RO          967    i.device_instance_find  device_manager_peripheral.o
    0x0001f03c   0x0000002c   Code   RO          968    i.device_instance_free  device_manager_peripheral.o
    0x0001f068   0x00000038   Code   RO           13    i.device_manager_evt_handler  main.o
    0x0001f0a0   0x000000d4   Code   RO           14    i.device_manager_init  main.o
    0x0001f174   0x000006b8   Code   RO          973    i.dm_ble_evt_handler  device_manager_peripheral.o
    0x0001f82c   0x00000018   Code   RO          979    i.dm_handle_initialize  device_manager_peripheral.o
    0x0001f844   0x00000108   Code   RO          980    i.dm_init           device_manager_peripheral.o
    0x0001f94c   0x0000025c   Code   RO          983    i.dm_pstorage_cb_handler  device_manager_peripheral.o
    0x0001fba8   0x000000b0   Code   RO          984    i.dm_register       device_manager_peripheral.o
    0x0001fc58   0x00000064   Code   RO         2396    i.elapsed_ticks_acquire  app_timer.o
    0x0001fcbc   0x00000040   Code   RO         1934    i.erase_sub_state_sm_run  pstorage.o
    0x0001fcfc   0x00000054   Code   RO         3095    i.errata_108        system_nrf52.o
    0x0001fd50   0x00000030   Code   RO         3096    i.errata_16         system_nrf52.o
    0x0001fd80   0x00000054   Code   RO         3097    i.errata_31         system_nrf52.o
    0x0001fdd4   0x00000030   Code   RO         3098    i.errata_32         system_nrf52.o
    0x0001fe04   0x00000054   Code   RO         3099    i.errata_36         system_nrf52.o
    0x0001fe58   0x00000030   Code   RO         3100    i.errata_37         system_nrf52.o
    0x0001fe88   0x00000030   Code   RO         3101    i.errata_57         system_nrf52.o
    0x0001feb8   0x00000030   Code   RO         3102    i.errata_66         system_nrf52.o
    0x0001fee8   0x00000058   Code   RO         2397    i.expired_timers_handler  app_timer.o
    0x0001ff40   0x00000036   Code   RO          594    i.flags_encode      ble_advdata.o
    0x0001ff76   0x00000036   Code   RO          720    i.flash_access_in_progress  ble_advertising.o
    0x0001ffac   0x0000002c   Code   RO         1935    i.flash_api_err_code_process  pstorage.o
    0x0001ffd8   0x00000044   Code   RO         1936    i.flash_operation_failure_run  pstorage.o
    0x0002001c   0x00000030   Code   RO         1937    i.flash_operation_success_run  pstorage.o
    0x0002004c   0x00000010   Code   RO         1938    i.flash_page_erase  pstorage.o
    0x0002005c   0x0000001c   Code   RO         1939    i.flash_write       pstorage.o
    0x00020078   0x00000018   Code   RO         2687    i.fs_queued_op_count_get  fstorage.o
    0x00020090   0x00000094   Code   RO           15    i.gap_params_init   main.o
    0x00020124   0x00000006   Code   RO          991    i.gattc_context_apply  device_manager_peripheral.o
    0x0002012a   0x00000006   Code   RO          992    i.gattc_context_load  device_manager_peripheral.o
    0x00020130   0x00000006   Code   RO          993    i.gattc_context_store  device_manager_peripheral.o
    0x00020136   0x00000002   PAD
    0x00020138   0x000000f8   Code   RO          994    i.gatts_context_apply  device_manager_peripheral.o
    0x00020230   0x0000004c   Code   RO          995    i.gatts_context_load  device_manager_peripheral.o
    0x0002027c   0x000000f0   Code   RO          996    i.gatts_context_store  device_manager_peripheral.o
    0x0002036c   0x00000018   Code   RO          997    i.gattsc_context_apply  device_manager_peripheral.o
    0x00020384   0x0000001c   Code   RO          998    i.gattsc_context_load  device_manager_peripheral.o
    0x000203a0   0x0000001c   Code   RO          999    i.gattsc_context_store  device_manager_peripheral.o
    0x000203bc   0x00000080   Code   RO         2260    i.gpiote_event_handler  app_button.o
    0x0002043c   0x00000068   Code   RO         1940    i.head_restore_state_run  pstorage.o
    0x000204a4   0x000000b0   Code   RO         2884    i.intern_softdevice_events_execute  softdevice_handler.o
    0x00020554   0x00000024   Code   RO          821    i.is_conn_params_ok  ble_conn_params.o
    0x00020578   0x00000058   Code   RO         1941    i.is_page_erase_required  pstorage.o
    0x000205d0   0x00000050   Code   RO         1942    i.is_tail_data_page_swap_required  pstorage.o
    0x00020620   0x00000010   Code   RO         1943    i.is_word_aligned   pstorage.o
    0x00020630   0x0000006a   Code   RO          595    i.le_role_encode    ble_advdata.o
    0x0002069a   0x00000002   PAD
    0x0002069c   0x00000020   Code   RO          424    i.leds_timer_handler  bsp.o
    0x000206bc   0x00000098   Code   RO         2398    i.list_deletions_handler  app_timer.o
    0x00020754   0x0000010c   Code   RO         2399    i.list_insertions_handler  app_timer.o
    0x00020860   0x00000074   Code   RO           16    i.main              main.o
    0x000208d4   0x00000020   Code   RO         1944    i.main_state_err_busy_process  pstorage.o
    0x000208f4   0x00000076   Code   RO          596    i.manuf_specific_data_encode  ble_advdata.o
    0x0002096a   0x000000c2   Code   RO          597    i.name_encode       ble_advdata.o
    0x00020a2c   0x00000006   Code   RO         1000    i.no_service_context_apply  device_manager_peripheral.o
    0x00020a32   0x00000006   Code   RO         1001    i.no_service_context_load  device_manager_peripheral.o
    0x00020a38   0x00000006   Code   RO         1002    i.no_service_context_store  device_manager_peripheral.o
    0x00020a3e   0x00000002   PAD
    0x00020a40   0x00000060   Code   RO         1358    i.nrf_drv_common_irq_enable  nrf_drv_common.o
    0x00020aa0   0x000000b8   Code   RO         1403    i.nrf_drv_gpiote_in_event_enable  nrf_drv_gpiote.o
    0x00020b58   0x000000d8   Code   RO         1404    i.nrf_drv_gpiote_in_init  nrf_drv_gpiote.o
    0x00020c30   0x0000001c   Code   RO         1405    i.nrf_drv_gpiote_in_is_set  nrf_drv_gpiote.o
    0x00020c4c   0x00000054   Code   RO         1407    i.nrf_drv_gpiote_init  nrf_drv_gpiote.o
    0x00020ca0   0x00000014   Code   RO         1408    i.nrf_drv_gpiote_is_init  nrf_drv_gpiote.o
    0x00020cb4   0x00000024   Code   RO         1420    i.nrf_gpio_cfg      nrf_drv_gpiote.o
    0x00020cd8   0x00000024   Code   RO         1422    i.nrf_gpio_cfg_sense_set  nrf_drv_gpiote.o
    0x00020cfc   0x0000000c   Code   RO         1425    i.nrf_gpiote_event_addr_get  nrf_drv_gpiote.o
    0x00020d08   0x0000001c   Code   RO         1426    i.nrf_gpiote_event_clear  nrf_drv_gpiote.o
    0x00020d24   0x00000016   Code   RO         1427    i.nrf_gpiote_event_is_set  nrf_drv_gpiote.o
    0x00020d3a   0x00000002   PAD
    0x00020d3c   0x0000000c   Code   RO         1428    i.nrf_gpiote_int_enable  nrf_drv_gpiote.o
    0x00020d48   0x0000000c   Code   RO         1656    i.nrf_uart_errorsrc_get_and_clear  nrf_drv_uart.o
    0x00020d54   0x0000000e   Code   RO         1657    i.nrf_uart_event_check  nrf_drv_uart.o
    0x00020d62   0x00000006   Code   RO         1658    i.nrf_uart_event_clear  nrf_drv_uart.o
    0x00020d68   0x00000006   Code   RO         1660    i.nrf_uart_int_disable  nrf_drv_uart.o
    0x00020d6e   0x00000012   Code   RO         1662    i.nrf_uart_int_enable_check  nrf_drv_uart.o
    0x00020d80   0x00000006   Code   RO         1663    i.nrf_uart_task_trigger  nrf_drv_uart.o
    0x00020d86   0x0000000c   Code   RO         1665    i.nrf_uarte_errorsrc_get_and_clear  nrf_drv_uart.o
    0x00020d92   0x0000000e   Code   RO         1666    i.nrf_uarte_event_check  nrf_drv_uart.o
    0x00020da0   0x00000006   Code   RO         1667    i.nrf_uarte_event_clear  nrf_drv_uart.o
    0x00020da6   0x0000000a   Code   RO         1671    i.nrf_uarte_rx_amount_get  nrf_drv_uart.o
    0x00020db0   0x00000048   Code   RO           17    i.on_adv_evt        main.o
    0x00020df8   0x00000090   Code   RO           18    i.on_ble_evt        main.o
    0x00020e88   0x00000040   Code   RO           19    i.on_conn_params_evt  main.o
    0x00020ec8   0x00000018   Code   RO          822    i.on_conn_params_update  ble_conn_params.o
    0x00020ee0   0x00000038   Code   RO          823    i.on_connect        ble_conn_params.o
    0x00020f18   0x00000040   Code   RO          824    i.on_disconnect     ble_conn_params.o
    0x00020f58   0x00000058   Code   RO          825    i.on_write          ble_conn_params.o
    0x00020fb0   0x00000338   Code   RO          338    i.our_char_add      our_service.o
    0x000212e8   0x00000080   Code   RO          339    i.our_service_init  our_service.o
    0x00021368   0x00000018   Code   RO          721    i.peer_address_exists  ble_advertising.o
    0x00021380   0x00000064   Code   RO         1003    i.peer_instance_init  device_manager_peripheral.o
    0x000213e4   0x0000001c   Code   RO         1430    i.pin_in_use_by_gpiote  nrf_drv_gpiote.o
    0x00021400   0x00000018   Code   RO         1431    i.pin_in_use_by_port  nrf_drv_gpiote.o
    0x00021418   0x00000020   Code   RO         1432    i.pin_in_use_by_te  nrf_drv_gpiote.o
    0x00021438   0x0000000c   Code   RO         1433    i.pin_in_use_clear  nrf_drv_gpiote.o
    0x00021444   0x00000030   Code   RO           20    i.power_manage      main.o
    0x00021474   0x0000002c   Code   RO         1945    i.pstorage_access_status_get  pstorage.o
    0x000214a0   0x000000a4   Code   RO         1946    i.pstorage_block_identifier_get  pstorage.o
    0x00021544   0x00000120   Code   RO         1947    i.pstorage_clear    pstorage.o
    0x00021664   0x0000001e   Code   RO         1948    i.pstorage_flash_page_end  pstorage.o
    0x00021682   0x0000000a   Code   RO         1949    i.pstorage_flash_page_size  pstorage.o
    0x0002168c   0x00000090   Code   RO         1950    i.pstorage_init     pstorage.o
    0x0002171c   0x000000f4   Code   RO         1951    i.pstorage_load     pstorage.o
    0x00021810   0x00000110   Code   RO         1952    i.pstorage_register  pstorage.o
    0x00021920   0x000000dc   Code   RO         1953    i.pstorage_store    pstorage.o
    0x000219fc   0x00000048   Code   RO         1954    i.pstorage_sys_event_handler  pstorage.o
    0x00021a44   0x000000dc   Code   RO         1955    i.pstorage_update   pstorage.o
    0x00021b20   0x0000000c   Code   RO         2400    i.rtc1_compare0_set  app_timer.o
    0x00021b2c   0x0000000c   Code   RO         2401    i.rtc1_counter_get  app_timer.o
    0x00021b38   0x00000018   Code   RO         2402    i.rtc1_init         app_timer.o
    0x00021b50   0x0000003c   Code   RO         2403    i.rtc1_start        app_timer.o
    0x00021b8c   0x00000058   Code   RO         2404    i.rtc1_stop         app_timer.o
    0x00021be4   0x00000050   Code   RO         1675    i.rx_byte           nrf_drv_uart.o
    0x00021c34   0x00000024   Code   RO         1676    i.rx_done_event     nrf_drv_uart.o
    0x00021c58   0x0000001c   Code   RO         2885    i.sd_check_ram_start  softdevice_handler.o
    0x00021c74   0x000000d0   Code   RO         2886    i.sd_nvic_EnableIRQ  softdevice_handler.o
    0x00021d44   0x00000036   Code   RO          598    i.sec_mgr_oob_flags_encode  ble_advdata.o
    0x00021d7a   0x00000096   Code   RO          599    i.service_data_encode  ble_advdata.o
    0x00021e10   0x00000010   Code   RO           21    i.services_init     main.o
    0x00021e20   0x00000068   Code   RO           22    i.sleep_mode_enter  main.o
    0x00021e88   0x00000014   Code   RO         1956    i.sm_state_change   pstorage.o
    0x00021e9c   0x00000018   Code   RO         2887    i.softdevice_ble_evt_handler_set  softdevice_handler.o
    0x00021eb4   0x0000001c   Code   RO         2888    i.softdevice_enable  softdevice_handler.o
    0x00021ed0   0x0000002c   Code   RO         2889    i.softdevice_enable_get_default_config  softdevice_handler.o
    0x00021efc   0x00000014   Code   RO         2890    i.softdevice_fault_handler  softdevice_handler.o
    0x00021f10   0x00000064   Code   RO         2891    i.softdevice_handler_init  softdevice_handler.o
    0x00021f74   0x00000018   Code   RO         2894    i.softdevice_sys_evt_handler_set  softdevice_handler.o
    0x00021f8c   0x0000000e   Code   RO          600    i.srdata_check      ble_advdata.o
    0x00021f9a   0x0000004c   Code   RO          536    i.startup_event_extract  bsp_btn_ble.o
    0x00021fe6   0x00000002   PAD
    0x00021fe8   0x00000010   Code   RO         1957    i.state_data_erase_entry_run  pstorage.o
    0x00021ff8   0x0000008c   Code   RO         1958    i.state_data_erase_swap_entry_run  pstorage.o
    0x00022084   0x00000038   Code   RO         1959    i.state_entry_action_run  pstorage.o
    0x000220bc   0x00000010   Code   RO         1960    i.state_erase_data_page_entry_run  pstorage.o
    0x000220cc   0x0000001c   Code   RO         1961    i.state_idle_entry_run  pstorage.o
    0x000220e8   0x00000034   Code   RO         1962    i.state_restore_head_entry_run  pstorage.o
    0x0002211c   0x00000058   Code   RO         1963    i.state_restore_tail_entry_run  pstorage.o
    0x00022174   0x00000008   Code   RO         1964    i.state_store_entry_run  pstorage.o
    0x0002217c   0x0000001e   Code   RO         1965    i.state_swap_erase_entry_run  pstorage.o
    0x0002219a   0x00000002   PAD
    0x0002219c   0x00000038   Code   RO         1966    i.state_write_data_swap_entry_run  pstorage.o
    0x000221d4   0x00000008   Code   RO         1004    i.storage_operation_dummy_handler  device_manager_peripheral.o
    0x000221dc   0x00000068   Code   RO         1967    i.store_cmd_flash_write_execute  pstorage.o
    0x00022244   0x0000000a   Code   RO         1968    i.store_operation_execute  pstorage.o
    0x0002224e   0x00000002   PAD
    0x00022250   0x00000048   Code   RO         1969    i.store_sub_state_sm_run  pstorage.o
    0x00022298   0x00000020   Code   RO         1970    i.swap_erase_state_run  pstorage.o
    0x000222b8   0x00000008   Code   RO         1971    i.swap_sub_sm_exit_action_run  pstorage.o
    0x000222c0   0x00000018   Code   RO         1972    i.swap_sub_state_entry_action_run  pstorage.o
    0x000222d8   0x00000020   Code   RO         1973    i.swap_sub_state_err_busy_process  pstorage.o
    0x000222f8   0x00000018   Code   RO         1974    i.swap_sub_state_sm_run  pstorage.o
    0x00022310   0x00000014   Code   RO         1975    i.swap_sub_state_state_change  pstorage.o
    0x00022324   0x00000012   Code   RO           23    i.sys_evt_dispatch  main.o
    0x00022336   0x00000002   PAD
    0x00022338   0x0000001c   Code   RO         1976    i.tail_restore_state_run  pstorage.o
    0x00022354   0x0000004c   Code   RO         1977    i.tail_word_size_calculate  pstorage.o
    0x000223a0   0x0000000a   Code   RO         2405    i.ticks_diff_get    app_timer.o
    0x000223aa   0x00000002   PAD
    0x000223ac   0x00000078   Code   RO         2406    i.timeout_handler_exec  app_timer.o
    0x00022424   0x00000054   Code   RO         2407    i.timer_list_handler  app_timer.o
    0x00022478   0x0000000a   Code   RO         2408    i.timer_list_handler_sched  app_timer.o
    0x00022482   0x00000002   PAD
    0x00022484   0x00000068   Code   RO         2409    i.timer_list_insert  app_timer.o
    0x000224ec   0x0000006c   Code   RO         2410    i.timer_list_remove  app_timer.o
    0x00022558   0x0000005c   Code   RO         2411    i.timer_start_op_schedule  app_timer.o
    0x000225b4   0x00000040   Code   RO         2413    i.timer_stop_op_schedule  app_timer.o
    0x000225f4   0x00000098   Code   RO         2414    i.timer_timeouts_check  app_timer.o
    0x0002268c   0x0000000a   Code   RO         2415    i.timer_timeouts_check_sched  app_timer.o
    0x00022696   0x00000002   PAD
    0x00022698   0x00000040   Code   RO           24    i.timers_init       main.o
    0x000226d8   0x00000046   Code   RO          601    i.tk_value_encode   ble_advdata.o
    0x0002271e   0x00000002   PAD
    0x00022720   0x00000038   Code   RO         1678    i.tx_byte           nrf_drv_uart.o
    0x00022758   0x0000002c   Code   RO         1679    i.tx_done_event     nrf_drv_uart.o
    0x00022784   0x00000036   Code   RO          602    i.tx_power_level_encode  ble_advdata.o
    0x000227ba   0x00000002   PAD
    0x000227bc   0x00000160   Code   RO         1680    i.uart_irq_handler  nrf_drv_uart.o
    0x0002291c   0x0000012c   Code   RO         1681    i.uarte_irq_handler  nrf_drv_uart.o
    0x00022a48   0x0000000c   Code   RO          603    i.uint16_encode     ble_advdata.o
    0x00022a54   0x00000008   Code   RO         1978    i.update_operation_execute  pstorage.o
    0x00022a5c   0x00000014   Code   RO         1005    i.update_status_bit_reset  device_manager_peripheral.o
    0x00022a70   0x00000090   Code   RO          826    i.update_timeout_handler  ble_conn_params.o
    0x00022b00   0x00000058   Code   RO         2416    i.user_id_get       app_timer.o
    0x00022b58   0x00000030   Code   RO         2417    i.user_op_alloc     app_timer.o
    0x00022b88   0x00000004   Code   RO         2418    i.user_op_enque     app_timer.o
    0x00022b8c   0x0000004e   Code   RO          604    i.uuid_list_encode  ble_advdata.o
    0x00022bda   0x000000dc   Code   RO          605    i.uuid_list_sized_encode  ble_advdata.o
    0x00022cb6   0x00000012   Code   RO          722    i.whitelist_has_entries  ble_advertising.o
    0x00022cc8   0x00000004   Data   RO           26    .constdata          main.o
    0x00022ccc   0x00000040   Data   RO          341    .constdata          our_service.o
    0x00022d0c   0x0000003c   Data   RO          426    .constdata          bsp.o
    0x00022d48   0x00000004   Data   RO          828    .constdata          ble_conn_params.o
    0x00022d4c   0x00000034   Data   RO         1007    .constdata          device_manager_peripheral.o
    0x00022d80   0x00000028   Data   RO         1980    .constdata          pstorage.o
    0x00022da8   0x00000008   Data   RO         2262    .constdata          app_button.o
    0x00022db0   0x0000004c   Data   RO         1008    .conststring        device_manager_peripheral.o
    0x00022dfc   0x00000057   Data   RO         2896    .conststring        softdevice_handler.o
    0x00022e53   0x00000001   PAD
    0x00022e54   0x00000009   Data   RO         3005    .conststring        segger_rtt.o
    0x00022e5d   0x00000003   PAD
    0x00022e60   0x00000020   Data   RO         3199    Region$$Table       anon$$obj.o


    Execution Region RW_IRAM1 (Base: 0x20002080, Size: 0x00002cb0, Max: 0x0000df80, ABSOLUTE, COMPRESSED[0x0000004c])

    Base Addr    Size         Type   Attr      Idx    E Section Name        Object

    0x20002080   0x0000001c   Data   RW           27    .data               main.o
    0x2000209c   0x00000019   Data   RW          427    .data               bsp.o
    0x200020b5   0x00000003   PAD
    0x200020b8   0x00000008   Data   RW          537    .data               bsp_btn_ble.o
    0x200020c0   0x00000020   Data   RW          724    .data               ble_advertising.o
    0x200020e0   0x00000015   Data   RW          829    .data               ble_conn_params.o
    0x200020f5   0x00000003   PAD
    0x200020f8   0x00000014   Data   RW         1009    .data               device_manager_peripheral.o
    0x2000210c   0x00000028   Data   RW         1981    .data               pstorage.o
    0x20002134   0x00000014   Data   RW         2263    .data               app_button.o
    0x20002148   0x00000022   Data   RW         2419    .data               app_timer.o
    0x2000216a   0x00000002   PAD
    0x2000216c   0x00000018   Data   RW         2897    .data               softdevice_handler.o
    0x20002184   0x00000079   Data   RW         3006    .data               segger_rtt.o
    0x200021fd   0x00000003   PAD
    0x20002200   0x00000004   Data   RW         3103    .data               system_nrf52.o
    0x20002204   0x0000021c   Zero   RW           25    .bss                main.o
    0x20002420   0x0000006c   Zero   RW          425    .bss                bsp.o
    0x2000248c   0x00000103   Zero   RW          723    .bss                ble_advertising.o
    0x2000258f   0x00000001   PAD
    0x20002590   0x0000003c   Zero   RW          827    .bss                ble_conn_params.o
    0x200025cc   0x0000014f   Zero   RW         1006    .bss                device_manager_peripheral.o
    0x2000271b   0x00000001   PAD
    0x2000271c   0x00000058   Zero   RW         1434    .bss                nrf_drv_gpiote.o
    0x20002774   0x00000020   Zero   RW         1682    .bss                nrf_drv_uart.o
    0x20002794   0x000000e4   Zero   RW         1979    .bss                pstorage.o
    0x20002878   0x00000020   Zero   RW         2261    .bss                app_button.o
    0x20002898   0x00000020   Zero   RW         2320    .bss                app_error.o
    0x200028b8   0x00000058   Zero   RW         2698    .bss                fstorage.o
    0x20002910   0x0000000c   Zero   RW         2895    .bss                softdevice_handler.o
    0x2000291c   0x00000410   Zero   RW         3004    .bss                segger_rtt.o
    0x20002d2c   0x00000004   PAD
    0x20002d30   0x00002000   Zero   RW         3083    STACK               arm_startup_nrf52.o


==============================================================================

Image component sizes


      Code (inc. data)   RO Data    RW Data    ZI Data      Debug   Object Name

       480         80          8         20         32      10066   app_button.o
       168          4          0          0         32       4146   app_error.o
        26          0          0          0          0        794   app_error_weak.o
      2514        336          0         34          0      62231   app_timer.o
        36          8       1024          0       8192        932   arm_startup_nrf52.o
      2136          0          0          0          0      25064   ble_advdata.o
      1584        162          0         32        259      18593   ble_advertising.o
       718        122          4         21         60      19488   ble_conn_params.o
      2206        182         60         25        108      19557   bsp.o
       448         18          0          8          0       6633   bsp_btn_ble.o
      4336        262        128         20        335      34241   device_manager_peripheral.o
        24          6          0          0         88       3436   fstorage.o
      1932        390          4         28        540     110899   main.o
        96         12          0          0          0      28983   nrf_drv_common.o
      1402        130          0          0         88      27256   nrf_drv_gpiote.o
       996         66          0          0         32      24442   nrf_drv_uart.o
       952         98         64          0          0      41599   our_service.o
      4252        430         40         40        228      50046   pstorage.o
       426          4          9        121       1040       3840   segger_rtt.o
       708         90         87         24         12      44713   softdevice_handler.o
      1096        112          0          4          0      33346   system_nrf52.o

    ----------------------------------------------------------------------
     26578       2512       1464        388      11052     570305   Object Totals
         0          0         32          0          0          0   (incl. Generated)
        42          0          4         11          6          0   (incl. Padding)

    ----------------------------------------------------------------------

      Code (inc. data)   RO Data    RW Data    ZI Data      Debug   Library Member Name

        58          0          0          0          0          0   __dczerorl.o
         0          0          0          0          0          0   entry.o
         0          0          0          0          0          0   entry10a.o
         0          0          0          0          0          0   entry11a.o
         8          4          0          0          0          0   entry2.o
         4          0          0          0          0          0   entry5.o
         0          0          0          0          0          0   entry7b.o
         0          0          0          0          0          0   entry8b.o
         8          4          0          0          0          0   entry9a.o
        30          0          0          0          0          0   handlers.o
        36          8          0          0          0         68   init.o
        26          0          0          0          0         80   memcmp.o
        36          0          0          0          0         68   memcpya.o
        36          0          0          0          0        108   memseta.o

    ----------------------------------------------------------------------
       246         16          0          0          0        324   Library Totals
         4          0          0          0          0          0   (incl. Padding)

    ----------------------------------------------------------------------

      Code (inc. data)   RO Data    RW Data    ZI Data      Debug   Library Name

       242         16          0          0          0        324   mc_w.l

    ----------------------------------------------------------------------
       246         16          0          0          0        324   Library Totals

    ----------------------------------------------------------------------

==============================================================================


      Code (inc. data)   RO Data    RW Data    ZI Data      Debug   

     26824       2528       1464        388      11052     544809   Grand Totals
     26824       2528       1464         76      11052     544809   ELF Image Totals (compressed)
     26824       2528       1464         76          0          0   ROM Totals

==============================================================================

    Total RO  Size (Code + RO Data)                28288 (  27.63kB)
    Total RW  Size (RW Data + ZI Data)             11440 (  11.17kB)
    Total ROM Size (Code + RO Data + RW Data)      28364 (  27.70kB)

==============================================================================

